Component: ARM Compiler 5.06 update 6 (build 750) Tool: armlink [4d35ed]

==============================================================================

Section Cross References

    startup_stm32f40_41xxx.o(STACK) refers (Special) to heapauxi.o(.text) for __use_two_region_memory
    startup_stm32f40_41xxx.o(HEAP) refers (Special) to heapauxi.o(.text) for __use_two_region_memory
    startup_stm32f40_41xxx.o(RESET) refers (Special) to heapauxi.o(.text) for __use_two_region_memory
    startup_stm32f40_41xxx.o(RESET) refers to startup_stm32f40_41xxx.o(STACK) for __initial_sp
    startup_stm32f40_41xxx.o(RESET) refers to startup_stm32f40_41xxx.o(.text) for Reset_Handler
    startup_stm32f40_41xxx.o(RESET) refers to stm32f4xx_it.o(.text) for NMI_Handler
    startup_stm32f40_41xxx.o(RESET) refers to os_cpu_a.o(CODE) for PendSV_Handler
    startup_stm32f40_41xxx.o(RESET) refers to delay.o(.text) for SysTick_Handler
    startup_stm32f40_41xxx.o(RESET) refers to usart1.o(.text) for USART1_IRQHandler
    startup_stm32f40_41xxx.o(.text) refers (Special) to heapauxi.o(.text) for __use_two_region_memory
    startup_stm32f40_41xxx.o(.text) refers to system_stm32f4xx.o(.text) for SystemInit
    startup_stm32f40_41xxx.o(.text) refers to __main.o(!!!main) for __main
    startup_stm32f40_41xxx.o(.text) refers to startup_stm32f40_41xxx.o(HEAP) for Heap_Mem
    startup_stm32f40_41xxx.o(.text) refers to startup_stm32f40_41xxx.o(STACK) for Stack_Mem
    main.o(.text) refers to _printf_percent.o(.ARM.Collect$$_printf_percent$$00000000) for _printf_percent
    main.o(.text) refers to _printf_f.o(.ARM.Collect$$_printf_percent$$00000003) for _printf_f
    main.o(.text) refers to printf1.o(x$fpl$printf1) for _printf_fp_dec
    main.o(.text) refers to cpu_a.o(.text) for CPU_SR_Save
    main.o(.text) refers to cpu_core.o(.text) for CPU_IntDisMeasStart
    main.o(.text) refers to os_core.o(.text) for OS_SchedLockTimeMeasStart
    main.o(.text) refers to f2d.o(x$fpl$f2d) for __aeabi_f2d
    main.o(.text) refers to noretval__2printf.o(.text) for __2printf
    main.o(.text) refers to delay.o(.text) for delay_ms
    main.o(.text) refers to os_time.o(.text) for OSTimeDlyHMSM
    main.o(.text) refers to os_stat.o(.text) for OSStatTaskCPUUsageInit
    main.o(.text) refers to os_task.o(.text) for OSTaskCreate
    main.o(.text) refers to usart1.o(.text) for uart_init
    main.o(.text) refers to misc.o(.text) for NVIC_PriorityGroupConfig
    main.o(.text) refers to sys.o(.emb_text) for INTX_DISABLE
    main.o(.text) refers to led.o(.text) for LED_Init
    main.o(.text) refers to main.o(.data) for .data
    main.o(.text) refers to os_var.o(.data) for OSSchedLockNestingCtr
    main.o(.text) refers to os_var.o(.data) for OSIntQNbrEntries
    main.o(.text) refers to main.o(.bss) for .bss
    system_stm32f4xx.o(.text) refers to system_stm32f4xx.o(.data) for .data
    stm32f4xx_adc.o(.text) refers to stm32f4xx_rcc.o(.text) for RCC_APB2PeriphResetCmd
    stm32f4xx_can.o(.text) refers to stm32f4xx_rcc.o(.text) for RCC_APB1PeriphResetCmd
    stm32f4xx_cryp.o(.text) refers to stm32f4xx_rcc.o(.text) for RCC_AHB2PeriphResetCmd
    stm32f4xx_cryp_aes.o(.text) refers to stm32f4xx_cryp.o(.text) for CRYP_KeyStructInit
    stm32f4xx_cryp_des.o(.text) refers to stm32f4xx_cryp.o(.text) for CRYP_KeyStructInit
    stm32f4xx_cryp_tdes.o(.text) refers to stm32f4xx_cryp.o(.text) for CRYP_KeyStructInit
    stm32f4xx_dac.o(.text) refers to stm32f4xx_rcc.o(.text) for RCC_APB1PeriphResetCmd
    stm32f4xx_dma2d.o(.text) refers to stm32f4xx_rcc.o(.text) for RCC_AHB1PeriphResetCmd
    stm32f4xx_fsmc.o(.text) refers to stm32f4xx_fsmc.o(.constdata) for .constdata
    stm32f4xx_gpio.o(.text) refers to stm32f4xx_rcc.o(.text) for RCC_AHB1PeriphResetCmd
    stm32f4xx_hash.o(.text) refers to stm32f4xx_rcc.o(.text) for RCC_AHB2PeriphResetCmd
    stm32f4xx_hash_md5.o(.text) refers to stm32f4xx_hash.o(.text) for HASH_DeInit
    stm32f4xx_hash_sha1.o(.text) refers to stm32f4xx_hash.o(.text) for HASH_DeInit
    stm32f4xx_i2c.o(.text) refers to stm32f4xx_rcc.o(.text) for RCC_APB1PeriphResetCmd
    stm32f4xx_ltdc.o(.text) refers to stm32f4xx_rcc.o(.text) for RCC_APB2PeriphResetCmd
    stm32f4xx_pwr.o(.text) refers to stm32f4xx_rcc.o(.text) for RCC_APB1PeriphResetCmd
    stm32f4xx_rcc.o(.text) refers to stm32f4xx_rcc.o(.data) for .data
    stm32f4xx_rng.o(.text) refers to stm32f4xx_rcc.o(.text) for RCC_AHB2PeriphResetCmd
    stm32f4xx_sai.o(.text) refers to stm32f4xx_rcc.o(.text) for RCC_APB2PeriphResetCmd
    stm32f4xx_sdio.o(.text) refers to stm32f4xx_rcc.o(.text) for RCC_APB2PeriphResetCmd
    stm32f4xx_spi.o(.text) refers to stm32f4xx_rcc.o(.text) for RCC_APB1PeriphResetCmd
    stm32f4xx_syscfg.o(.text) refers to stm32f4xx_rcc.o(.text) for RCC_APB2PeriphResetCmd
    stm32f4xx_tim.o(.text) refers to stm32f4xx_rcc.o(.text) for RCC_APB2PeriphResetCmd
    stm32f4xx_usart.o(.text) refers to stm32f4xx_rcc.o(.text) for RCC_APB2PeriphResetCmd
[...]
    EXTI15_10_IRQHandler                     0x080002ab   Thumb Code     0  startup_stm32f40_41xxx.o(.text)
    EXTI1_IRQHandler                         0x080002ab   Thumb Code     0  startup_stm32f40_41xxx.o(.text)
    EXTI2_IRQHandler                         0x080002ab   Thumb Code     0  startup_stm32f40_41xxx.o(.text)
    EXTI3_IRQHandler                         0x080002ab   Thumb Code     0  startup_stm32f40_41xxx.o(.text)
    EXTI4_IRQHandler                         0x080002ab   Thumb Code     0  startup_stm32f40_41xxx.o(.text)
    EXTI9_5_IRQHandler                       0x080002ab   Thumb Code     0  startup_stm32f40_41xxx.o(.text)
    FLASH_IRQHandler                         0x080002ab   Thumb Code     0  startup_stm32f40_41xxx.o(.text)
    FPU_IRQHandler                           0x080002ab   Thumb Code     0  startup_stm32f40_41xxx.o(.text)
    FSMC_IRQHandler                          0x080002ab   Thumb Code     0  startup_stm32f40_41xxx.o(.text)
    HASH_RNG_IRQHandler                      0x080002ab   Thumb Code     0  startup_stm32f40_41xxx.o(.text)
    I2C1_ER_IRQHandler                       0x080002ab   Thumb Code     0  startup_stm32f40_41xxx.o(.text)
    I2C1_EV_IRQHandler                       0x080002ab   Thumb Code     0  startup_stm32f40_41xxx.o(.text)
    I2C2_ER_IRQHandler                       0x080002ab   Thumb Code     0  startup_stm32f40_41xxx.o(.text)
    I2C2_EV_IRQHandler                       0x080002ab   Thumb Code     0  startup_stm32f40_41xxx.o(.text)
    I2C3_ER_IRQHandler                       0x080002ab   Thumb Code     0  startup_stm32f40_41xxx.o(.text)
    I2C3_EV_IRQHandler                       0x080002ab   Thumb Code     0  startup_stm32f40_41xxx.o(.text)
    OTG_FS_IRQHandler                        0x080002ab   Thumb Code     0  startup_stm32f40_41xxx.o(.text)
    OTG_FS_WKUP_IRQHandler                   0x080002ab   Thumb Code     0  startup_stm32f40_41xxx.o(.text)
    OTG_HS_EP1_IN_IRQHandler                 0x080002ab   Thumb Code     0  startup_stm32f40_41xxx.o(.text)
    OTG_HS_EP1_OUT_IRQHandler                0x080002ab   Thumb Code     0  startup_stm32f40_41xxx.o(.text)
    OTG_HS_IRQHandler                        0x080002ab   Thumb Code     0  startup_stm32f40_41xxx.o(.text)
    OTG_HS_WKUP_IRQHandler                   0x080002ab   Thumb Code     0  startup_stm32f40_41xxx.o(.text)
    PVD_IRQHandler                           0x080002ab   Thumb Code     0  startup_stm32f40_41xxx.o(.text)
    RCC_IRQHandler                           0x080002ab   Thumb Code     0  startup_stm32f40_41xxx.o(.text)
    RTC_Alarm_IRQHandler                     0x080002ab   Thumb Code     0  startup_stm32f40_41xxx.o(.text)
    RTC_WKUP_IRQHandler                      0x080002ab   Thumb Code     0  startup_stm32f40_41xxx.o(.text)
    SDIO_IRQHandler                          0x080002ab   Thumb Code     0  startup_stm32f40_41xxx.o(.text)
    SPI1_IRQHandler                          0x080002ab   Thumb Code     0  startup_stm32f40_41xxx.o(.text)
    SPI2_IRQHandler                          0x080002ab   Thumb Code     0  startup_stm32f40_41xxx.o(.text)
    SPI3_IRQHandler                          0x080002ab   Thumb Code     0  startup_stm32f40_41xxx.o(.text)
    TAMP_STAMP_IRQHandler                    0x080002ab   Thumb Code     0  startup_stm32f40_41xxx.o(.text)
    TIM1_BRK_TIM9_IRQHandler                 0x080002ab   Thumb Code     0  startup_stm32f40_41xxx.o(.text)
    TIM1_CC_IRQHandler                       0x080002ab   Thumb Code     0  startup_stm32f40_41xxx.o(.text)
    TIM1_TRG_COM_TIM11_IRQHandler            0x080002ab   Thumb Code     0  startup_stm32f40_41xxx.o(.text)
    TIM1_UP_TIM10_IRQHandler                 0x080002ab   Thumb Code     0  startup_stm32f40_41xxx.o(.text)
    TIM2_IRQHandler                          0x080002ab   Thumb Code     0  startup_stm32f40_41xxx.o(.text)
    TIM3_IRQHandler                          0x080002ab   Thumb Code     0  startup_stm32f40_41xxx.o(.text)
    TIM4_IRQHandler                          0x080002ab   Thumb Code     0  startup_stm32f40_41xxx.o(.text)
    TIM5_IRQHandler                          0x080002ab   Thumb Code     0  startup_stm32f40_41xxx.o(.text)
    TIM6_DAC_IRQHandler                      0x080002ab   Thumb Code     0  startup_stm32f40_41xxx.o(.text)
    TIM7_IRQHandler                          0x080002ab   Thumb Code     0  startup_stm32f40_41xxx.o(.text)
    TIM8_BRK_TIM12_IRQHandler                0x080002ab   Thumb Code     0  startup_stm32f40_41xxx.o(.text)
    TIM8_CC_IRQHandler                       0x080002ab   Thumb Code     0  startup_stm32f40_41xxx.o(.text)
    TIM8_TRG_COM_TIM14_IRQHandler            0x080002ab   Thumb Code     0  startup_stm32f40_41xxx.o(.text)
    TIM8_UP_TIM13_IRQHandler                 0x080002ab   Thumb Code     0  startup_stm32f40_41xxx.o(.text)
    UART4_IRQHandler                         0x080002ab   Thumb Code     0  startup_stm32f40_41xxx.o(.text)
    UART5_IRQHandler                         0x080002ab   Thumb Code     0  startup_stm32f40_41xxx.o(.text)
    USART2_IRQHandler                        0x080002ab   Thumb Code     0  startup_stm32f40_41xxx.o(.text)
    USART3_IRQHandler                        0x080002ab   Thumb Code     0  startup_stm32f40_41xxx.o(.text)
    USART6_IRQHandler                        0x080002ab   Thumb Code     0  startup_stm32f40_41xxx.o(.text)
    WWDG_IRQHandler                          0x080002ab   Thumb Code     0  startup_stm32f40_41xxx.o(.text)
    __user_initial_stackheap                 0x080002ad   Thumb Code     0  startup_stm32f40_41xxx.o(.text)
    float_task                               0x080002d1   Thumb Code   150  main.o(.text)
    led1_task                                0x08000367   Thumb Code    40  main.o(.text)
    led0_task                                0x0800038f   Thumb Code    56  main.o(.text)
    start_task                               0x080003c7   Thumb Code   270  main.o(.text)
    main                                     0x080004d5   Thumb Code   194  main.o(.text)
    NMI_Handler                              0x08000609   Thumb Code     2  stm32f4xx_it.o(.text)
    HardFault_Handler                        0x0800060b   Thumb Code     2  stm32f4xx_it.o(.text)
    MemManage_Handler                        0x0800060d   Thumb Code     2  stm32f4xx_it.o(.text)
    BusFault_Handler                         0x0800060f   Thumb Code     2  stm32f4xx_it.o(.text)
    UsageFault_Handler                       0x08000611   Thumb Code     2  stm32f4xx_it.o(.text)
    SVC_Handler                              0x08000613   Thumb Code     2  stm32f4xx_it.o(.text)
    DebugMon_Handler                         0x08000615   Thumb Code     2  stm32f4xx_it.o(.text)
    SystemInit                               0x080006bb   Thumb Code    74  system_stm32f4xx.o(.text)
    SystemCoreClockUpdate                    0x08000705   Thumb Code   108  system_stm32f4xx.o(.text)
    NVIC_PriorityGroupConfig                 0x08000795   Thumb Code    10  misc.o(.text)
    NVIC_Init                                0x0800079f   Thumb Code    96  misc.o(.text)
    NVIC_SetVectorTable                      0x080007ff   Thumb Code    14  misc.o(.text)
    NVIC_SystemLPConfig                      0x0800080d   Thumb Code    20  misc.o(.text)
    SysTick_CLKSourceConfig                  0x08000821   Thumb Code    24  misc.o(.text)
    GPIO_DeInit                              0x08000845   Thumb Code   216  stm32f4xx_gpio.o(.text)
    GPIO_Init                                0x0800091d   Thumb Code   120  stm32f4xx_gpio.o(.text)
    GPIO_StructInit                          0x08000995   Thumb Code    18  stm32f4xx_gpio.o(.text)
    GPIO_PinLockConfig                       0x080009a7   Thumb Code    24  stm32f4xx_gpio.o(.text)
    GPIO_ReadInputDataBit                    0x080009bf   Thumb Code    14  stm32f4xx_gpio.o(.text)
    GPIO_ReadInputData                       0x080009cd   Thumb Code     6  stm32f4xx_gpio.o(.text)
    GPIO_ReadOutputDataBit                   0x080009d3   Thumb Code    14  stm32f4xx_gpio.o(.text)
    GPIO_ReadOutputData                      0x080009e1   Thumb Code     6  stm32f4xx_gpio.o(.text)
    GPIO_SetBits                             0x080009e7   Thumb Code     4  stm32f4xx_gpio.o(.text)
    GPIO_ResetBits                           0x080009eb   Thumb Code     4  stm32f4xx_gpio.o(.text)
    GPIO_WriteBit                            0x080009ef   Thumb Code    10  stm32f4xx_gpio.o(.text)
    GPIO_Write                               0x080009f9   Thumb Code     4  stm32f4xx_gpio.o(.text)
    GPIO_ToggleBits                          0x080009fd   Thumb Code     8  stm32f4xx_gpio.o(.text)
    GPIO_PinAFConfig                         0x08000a05   Thumb Code    32  stm32f4xx_gpio.o(.text)
    RCC_DeInit                               0x08000a51   Thumb Code    68  stm32f4xx_rcc.o(.text)
    RCC_HSEConfig                            0x08000a95   Thumb Code    12  stm32f4xx_rcc.o(.text)
    RCC_GetFlagStatus                        0x08000aa1   Thumb Code    46  stm32f4xx_rcc.o(.text)
    RCC_WaitForHSEStartUp                    0x08000acf   Thumb Code    44  stm32f4xx_rcc.o(.text)
    RCC_AdjustHSICalibrationValue            0x08000afb   Thumb Code    16  stm32f4xx_rcc.o(.text)
    RCC_HSICmd                               0x08000b0b   Thumb Code     6  stm32f4xx_rcc.o(.text)
    RCC_LSEConfig                            0x08000b11   Thumb Code    24  stm32f4xx_rcc.o(.text)
    RCC_LSICmd                               0x08000b29   Thumb Code     6  stm32f4xx_rcc.o(.text)
    RCC_PLLConfig                            0x08000b2f   Thumb Code    32  stm32f4xx_rcc.o(.text)
    RCC_PLLCmd                               0x08000b4f   Thumb Code     6  stm32f4xx_rcc.o(.text)
    RCC_PLLI2SConfig                         0x08000b55   Thumb Code    14  stm32f4xx_rcc.o(.text)
    RCC_PLLI2SCmd                            0x08000b63   Thumb Code     6  stm32f4xx_rcc.o(.text)
    RCC_PLLSAIConfig                         0x08000b69   Thumb Code    18  stm32f4xx_rcc.o(.text)
    RCC_PLLSAICmd                            0x08000b7b   Thumb Code     6  stm32f4xx_rcc.o(.text)
    RCC_ClockSecuritySystemCmd               0x08000b81   Thumb Code     6  stm32f4xx_rcc.o(.text)
    RCC_MCO1Config                           0x08000b87   Thumb Code    18  stm32f4xx_rcc.o(.text)
    RCC_MCO2Config                           0x08000b99   Thumb Code    18  stm32f4xx_rcc.o(.text)
    RCC_SYSCLKConfig                         0x08000bab   Thumb Code    16  stm32f4xx_rcc.o(.text)
    RCC_GetSYSCLKSource                      0x08000bbb   Thumb Code    12  stm32f4xx_rcc.o(.text)
    RCC_HCLKConfig                           0x08000bc7   Thumb Code    16  stm32f4xx_rcc.o(.text)
    RCC_PCLK1Config                          0x08000bd7   Thumb Code    16  stm32f4xx_rcc.o(.text)
    RCC_PCLK2Config                          0x08000be7   Thumb Code    18  stm32f4xx_rcc.o(.text)
    RCC_GetClocksFreq                        0x08000bf9   Thumb Code   134  stm32f4xx_rcc.o(.text)
    RCC_RTCCLKConfig                         0x08000c7f   Thumb Code    42  stm32f4xx_rcc.o(.text)
    RCC_RTCCLKCmd                            0x08000ca9   Thumb Code     8  stm32f4xx_rcc.o(.text)
    RCC_BackupResetCmd                       0x08000cb1   Thumb Code     8  stm32f4xx_rcc.o(.text)
    RCC_I2SCLKConfig                         0x08000cb9   Thumb Code     8  stm32f4xx_rcc.o(.text)
    RCC_SAIPLLI2SClkDivConfig                0x08000cc1   Thumb Code    18  stm32f4xx_rcc.o(.text)
    RCC_SAIPLLSAIClkDivConfig                0x08000cd3   Thumb Code    24  stm32f4xx_rcc.o(.text)
    RCC_SAIBlockACLKConfig                   0x08000ceb   Thumb Code    16  stm32f4xx_rcc.o(.text)
    RCC_SAIBlockBCLKConfig                   0x08000cfb   Thumb Code    16  stm32f4xx_rcc.o(.text)
    RCC_LTDCCLKDivConfig                     0x08000d0b   Thumb Code    16  stm32f4xx_rcc.o(.text)
    RCC_TIMCLKPresConfig                     0x08000d1b   Thumb Code     8  stm32f4xx_rcc.o(.text)
    RCC_AHB1PeriphClockCmd                   0x08000d23   Thumb Code    20  stm32f4xx_rcc.o(.text)
    RCC_AHB2PeriphClockCmd                   0x08000d37   Thumb Code    20  stm32f4xx_rcc.o(.text)
    RCC_AHB3PeriphClockCmd                   0x08000d4b   Thumb Code    20  stm32f4xx_rcc.o(.text)
    RCC_APB1PeriphClockCmd                   0x08000d5f   Thumb Code    20  stm32f4xx_rcc.o(.text)
    RCC_APB2PeriphClockCmd                   0x08000d73   Thumb Code    20  stm32f4xx_rcc.o(.text)
    RCC_AHB1PeriphResetCmd                   0x08000d87   Thumb Code    20  stm32f4xx_rcc.o(.text)
    RCC_AHB2PeriphResetCmd                   0x08000d9b   Thumb Code    20  stm32f4xx_rcc.o(.text)
    RCC_AHB3PeriphResetCmd                   0x08000daf   Thumb Code    20  stm32f4xx_rcc.o(.text)
    RCC_APB1PeriphResetCmd                   0x08000dc3   Thumb Code    20  stm32f4xx_rcc.o(.text)
    RCC_APB2PeriphResetCmd                   0x08000dd7   Thumb Code    20  stm32f4xx_rcc.o(.text)
    RCC_AHB1PeriphClockLPModeCmd             0x08000deb   Thumb Code    20  stm32f4xx_rcc.o(.text)
    RCC_AHB2PeriphClockLPModeCmd             0x08000dff   Thumb Code    20  stm32f4xx_rcc.o(.text)
    RCC_AHB3PeriphClockLPModeCmd             0x08000e13   Thumb Code    20  stm32f4xx_rcc.o(.text)
    RCC_APB1PeriphClockLPModeCmd             0x08000e27   Thumb Code    64  stm32f4xx_rcc.o(.text)
    RCC_APB2PeriphClockLPModeCmd             0x08000e67   Thumb Code    18  stm32f4xx_rcc.o(.text)
    RCC_LSEModeConfig                        0x08000e79   Thumb Code    24  stm32f4xx_rcc.o(.text)
    RCC_ITConfig                             0x08000e91   Thumb Code    20  stm32f4xx_rcc.o(.text)
    RCC_ClearFlag                            0x08000ea5   Thumb Code    14  stm32f4xx_rcc.o(.text)
    RCC_GetITStatus                          0x08000eb3   Thumb Code    18  stm32f4xx_rcc.o(.text)
    RCC_ClearITPendingBit                    0x08000ec5   Thumb Code     8  stm32f4xx_rcc.o(.text)
    USART_DeInit                             0x08000ed1   Thumb Code   138  stm32f4xx_usart.o(.text)
    USART_Init                               0x08000f5b   Thumb Code   164  stm32f4xx_usart.o(.text)
    USART_StructInit                         0x08000fff   Thumb Code    22  stm32f4xx_usart.o(.text)
    USART_ClockInit                          0x08001015   Thumb Code    28  stm32f4xx_usart.o(.text)
    USART_ClockStructInit                    0x08001031   Thumb Code    12  stm32f4xx_usart.o(.text)
    USART_Cmd                                0x0800103d   Thumb Code    20  stm32f4xx_usart.o(.text)
    USART_SetPrescaler                       0x08001051   Thumb Code    16  stm32f4xx_usart.o(.text)
    USART_OverSampling8Cmd                   0x08001061   Thumb Code    20  stm32f4xx_usart.o(.text)
    USART_OneBitMethodCmd                    0x08001075   Thumb Code    20  stm32f4xx_usart.o(.text)
    USART_SendData                           0x08001089   Thumb Code     8  stm32f4xx_usart.o(.text)
    USART_ReceiveData                        0x08001091   Thumb Code     8  stm32f4xx_usart.o(.text)
    USART_SetAddress                         0x08001099   Thumb Code    16  stm32f4xx_usart.o(.text)
    USART_ReceiverWakeUpCmd                  0x080010a9   Thumb Code    20  stm32f4xx_usart.o(.text)
    USART_WakeUpConfig                       0x080010bd   Thumb Code    16  stm32f4xx_usart.o(.text)
    USART_LINBreakDetectLengthConfig         0x080010cd   Thumb Code    16  stm32f4xx_usart.o(.text)
    USART_LINCmd                             0x080010dd   Thumb Code    20  stm32f4xx_usart.o(.text)
    USART_SendBreak                          0x080010f1   Thumb Code    10  stm32f4xx_usart.o(.text)
    USART_HalfDuplexCmd                      0x080010fb   Thumb Code    20  stm32f4xx_usart.o(.text)
    USART_SetGuardTime                       0x0800110f   Thumb Code    16  stm32f4xx_usart.o(.text)
    USART_SmartCardCmd                       0x0800111f   Thumb Code    20  stm32f4xx_usart.o(.text)
    USART_SmartCardNACKCmd                   0x08001133   Thumb Code    20  stm32f4xx_usart.o(.text)
    USART_IrDAConfig                         0x08001147   Thumb Code    16  stm32f4xx_usart.o(.text)
    USART_IrDACmd                            0x08001157   Thumb Code    20  stm32f4xx_usart.o(.text)
    USART_DMACmd                             0x0800116b   Thumb Code    16  stm32f4xx_usart.o(.text)
    USART_ITConfig                           0x0800117b   Thumb Code    48  stm32f4xx_usart.o(.text)
    USART_GetFlagStatus                      0x080011ab   Thumb Code    14  stm32f4xx_usart.o(.text)
    USART_ClearFlag                          0x080011b9   Thumb Code     6  stm32f4xx_usart.o(.text)
    USART_GetITStatus                        0x080011bf   Thumb Code    62  stm32f4xx_usart.o(.text)
    USART_ClearITPendingBit                  0x080011fd   Thumb Code    12  stm32f4xx_usart.o(.text)
    LED_Init                                 0x08001229   Thumb Code    78  led.o(.text)
    SysTick_Handler                          0x08001281   Thumb Code    18  delay.o(.text)
    delay_init                               0x08001293   Thumb Code    66  delay.o(.text)
    delay_us                                 0x080012d5   Thumb Code    62  delay.o(.text)
    delay_ms                                 0x08001313   Thumb Code    60  delay.o(.text)
    _sys_exit                                0x08001365   Thumb Code     2  usart1.o(.text)
    fputc                                    0x08001367   Thumb Code    14  usart1.o(.text)
    uart_init                                0x08001375   Thumb Code   172  usart1.o(.text)
    USART1_IRQHandler                        0x08001421   Thumb Code    94  usart1.o(.text)
    BSP_CPU_ClkFreq                          0x08001491   Thumb Code    14  bsp.o(.text)
    CPU_TS_TmrInit                           0x0800149f   Thumb Code    38  bsp.o(.text)
    CPU_TS_TmrRd                             0x080014c5   Thumb Code     6  bsp.o(.text)
    CPU_TS32_to_uSec                         0x080014cb   Thumb Code    32  bsp.o(.text)
    CPU_IntDisMeasStop                       0x080014f9   Thumb Code    44  cpu_core.o(.text)
    CPU_IntDisMeasStart                      0x08001525   Thumb Code    28  cpu_core.o(.text)
    CPU_NameClr                              0x08001541   Thumb Code    34  cpu_core.o(.text)
    CPU_Init                                 0x08001563   Thumb Code    22  cpu_core.o(.text)
    CPU_SW_Exception                         0x08001579   Thumb Code     2  cpu_core.o(.text)
    CPU_NameGet                              0x0800157b   Thumb Code    54  cpu_core.o(.text)
    CPU_NameSet                              0x080015b1   Thumb Code    70  cpu_core.o(.text)
    CPU_TS_Get32                             0x080015f7   Thumb Code     4  cpu_core.o(.text)
    CPU_TS_Update                            0x080015fb   Thumb Code     2  cpu_core.o(.text)
    CPU_TS_TmrFreqGet                        0x080015fd   Thumb Code    24  cpu_core.o(.text)
    CPU_TS_TmrFreqSet                        0x08001615   Thumb Code     6  cpu_core.o(.text)
    CPU_IntDisMeasMaxCurGet                  0x0800161b   Thumb Code    24  cpu_core.o(.text)
    CPU_IntDisMeasMaxCurReset                0x08001633   Thumb Code    26  cpu_core.o(.text)
    CPU_IntDisMeasMaxGet                     0x0800164d   Thumb Code    24  cpu_core.o(.text)
    CPU_CntLeadZeros08                       0x08001665   Thumb Code    10  cpu_core.o(.text)
    CPU_CntLeadZeros16                       0x0800166f   Thumb Code    10  cpu_core.o(.text)
    CPU_CntLeadZeros32                       0x08001679   Thumb Code     4  cpu_core.o(.text)
    CPU_CntLeadZeros64                       0x0800167d   Thumb Code   152  cpu_core.o(.text)
    CPU_CntTrailZeros08                      0x08001715   Thumb Code    10  cpu_core.o(.text)
    CPU_CntTrailZeros16                      0x0800171f   Thumb Code    10  cpu_core.o(.text)
    CPU_CntTrailZeros32                      0x08001729   Thumb Code    10  cpu_core.o(.text)
    CPU_CntTrailZeros64                      0x08001733   Thumb Code    36  cpu_core.o(.text)
    CPU_IntDis                               0x080017b9   Thumb Code     0  cpu_a.o(.text)
    CPU_IntEn                                0x080017bd   Thumb Code     0  cpu_a.o(.text)
    CPU_SR_Save                              0x080017c1   Thumb Code     0  cpu_a.o(.text)
    CPU_SR_Restore                           0x080017c9   Thumb Code     0  cpu_a.o(.text)
    CPU_WaitForInt                           0x080017cf   Thumb Code     0  cpu_a.o(.text)
    CPU_WaitForExcept                        0x080017d3   Thumb Code     0  cpu_a.o(.text)
    CPU_CntLeadZeros                         0x080017d7   Thumb Code     0  cpu_a.o(.text)
    CPU_CntTrailZeros                        0x080017dd   Thumb Code     0  cpu_a.o(.text)
    CPU_RevBits                              0x080017e7   Thumb Code     0  cpu_a.o(.text)
    ASCII_IsAlpha                            0x080017ed   Thumb Code    22  lib_ascii.o(.text)
    ASCII_IsAlphaNum                         0x08001803   Thumb Code    28  lib_ascii.o(.text)
    ASCII_IsLower                            0x0800181f   Thumb Code    14  lib_ascii.o(.text)
    ASCII_IsUpper                            0x0800182d   Thumb Code    14  lib_ascii.o(.text)
    ASCII_IsDig                              0x0800183b   Thumb Code    14  lib_ascii.o(.text)
    ASCII_IsDigOct                           0x08001849   Thumb Code    14  lib_ascii.o(.text)
    ASCII_IsDigHex                           0x08001857   Thumb Code    28  lib_ascii.o(.text)
    ASCII_IsBlank                            0x08001873   Thumb Code    16  lib_ascii.o(.text)
    ASCII_IsSpace                            0x08001883   Thumb Code    32  lib_ascii.o(.text)
    ASCII_IsPrint                            0x080018a3   Thumb Code    14  lib_ascii.o(.text)
    ASCII_IsGraph                            0x080018b1   Thumb Code    14  lib_ascii.o(.text)
    ASCII_IsPunct                            0x080018bf   Thumb Code    58  lib_ascii.o(.text)
    ASCII_IsCtrl                             0x080018f9   Thumb Code    22  lib_ascii.o(.text)
    ASCII_ToLower                            0x0800190f   Thumb Code    14  lib_ascii.o(.text)
    ASCII_ToUpper                            0x0800191d   Thumb Code    14  lib_ascii.o(.text)
    ASCII_Cmp                                0x0800192b   Thumb Code    28  lib_ascii.o(.text)
    Mem_Init                                 0x08001949   Thumb Code    54  lib_mem.o(.text)
    Mem_Set                                  0x0800197f   Thumb Code    62  lib_mem.o(.text)
    Mem_Clr                                  0x080019bd   Thumb Code     6  lib_mem.o(.text)
    Mem_Move                                 0x080019c3   Thumb Code   116  lib_mem.o(.text)
    Mem_Cmp                                  0x08001a37   Thumb Code   126  lib_mem.o(.text)
    Mem_HeapAlloc                            0x08001b0d   Thumb Code   132  lib_mem.o(.text)
    Mem_SegGetSizeRem                        0x08001b91   Thumb Code    72  lib_mem.o(.text)
    Mem_HeapGetSizeRem                       0x08001bd9   Thumb Code     8  lib_mem.o(.text)
    Mem_PoolClr                              0x08001be1   Thumb Code    56  lib_mem.o(.text)
    Mem_PoolCreate                           0x08001c19   Thumb Code   612  lib_mem.o(.text)
    Mem_PoolBlkGetNbrAvail                   0x08001e7d   Thumb Code    38  lib_mem.o(.text)
    Mem_PoolBlkGet                           0x08001ea3   Thumb Code    92  lib_mem.o(.text)
    Mem_PoolBlkGetUsedAtIx                   0x08001eff   Thumb Code    82  lib_mem.o(.text)
    Mem_PoolBlkFree                          0x08001f51   Thumb Code   116  lib_mem.o(.text)
    Mem_PoolBlkIxGet                         0x08001fc5   Thumb Code   114  lib_mem.o(.text)
    Str_Len_N                                0x08002041   Thumb Code    22  lib_str.o(.text)
    Str_Len                                  0x08002057   Thumb Code     6  lib_str.o(.text)
    Str_Copy_N                               0x0800205d   Thumb Code    48  lib_str.o(.text)
    Str_Copy                                 0x0800208d   Thumb Code     6  lib_str.o(.text)
    Str_Cat_N                                0x08002093   Thumb Code    58  lib_str.o(.text)
    Str_Cat                                  0x080020cd   Thumb Code     6  lib_str.o(.text)
    Str_Cmp_N                                0x080020d3   Thumb Code    86  lib_str.o(.text)
    Str_Cmp                                  0x08002129   Thumb Code     6  lib_str.o(.text)
    Str_CmpIgnoreCase_N                      0x0800212f   Thumb Code   146  lib_str.o(.text)
    Str_CmpIgnoreCase                        0x080021c1   Thumb Code     6  lib_str.o(.text)
    Str_Char_N                               0x080021c7   Thumb Code    46  lib_str.o(.text)
    Str_Char                                 0x080021f5   Thumb Code     8  lib_str.o(.text)
    Str_Char_Last_N                          0x080021fd   Thumb Code    44  lib_str.o(.text)
    Str_Char_Last                            0x08002229   Thumb Code     8  lib_str.o(.text)
    Str_Char_Replace_N                       0x08002231   Thumb Code    40  lib_str.o(.text)
    Str_Char_Replace                         0x08002259   Thumb Code     6  lib_str.o(.text)
    Str_Str_N                                0x0800225f   Thumb Code   120  lib_str.o(.text)
    Str_Str                                  0x080022d7   Thumb Code     6  lib_str.o(.text)
    Str_FmtNbr_Int32U                        0x08002435   Thumb Code    24  lib_str.o(.text)
    Str_FmtNbr_Int32S                        0x0800244d   Thumb Code    40  lib_str.o(.text)
    Str_ParseNbr_Int32U                      0x080025af   Thumb Code    12  lib_str.o(.text)
    Str_ParseNbr_Int32S                      0x080025bb   Thumb Code    42  lib_str.o(.text)
    Mem_Copy                                 0x080025e9   Thumb Code     0  lib_mem_a.o(.text)
    OSCfg_Init                               0x08002809   Thumb Code     2  os_cfg_app.o(.text)
    OS_IdleTask                              0x0800280d   Thumb Code    42  os_core.o(.text)
    OS_IdleTaskInit                          0x08002837   Thumb Code    62  os_core.o(.text)
    OS_RdyListInit                           0x08002875   Thumb Code    30  os_core.o(.text)
    OSInit                                   0x08002893   Thumb Code   290  os_core.o(.text)
    OSIntEnter                               0x080029b5   Thumb Code    22  os_core.o(.text)
    OSIntExit                                0x080029cb   Thumb Code   100  os_core.o(.text)
    OSSched                                  0x08002a2f   Thumb Code    86  os_core.o(.text)
    OS_SchedLockTimeMeasStart                0x08002a85   Thumb Code    20  os_core.o(.text)
    OSSchedLock                              0x08002a99   Thumb Code    80  os_core.o(.text)
    OS_SchedLockTimeMeasStop                 0x08002ae9   Thumb Code    42  os_core.o(.text)
    OSSchedUnlock                            0x08002b13   Thumb Code   104  os_core.o(.text)
    OSSchedRoundRobinCfg                     0x08002b7b   Thumb Code    74  os_core.o(.text)
    OS_RdyListMoveHeadToTail                 0x08002bc5   Thumb Code   202  os_core.o(.text)
    OSSchedRoundRobinYield                   0x08002c8f   Thumb Code   126  os_core.o(.text)
    OSStart                                  0x08002d0d   Thumb Code    62  os_core.o(.text)
    OSVersion                                0x08002d4b   Thumb Code    10  os_core.o(.text)
    OS_PendDbgNameAdd                        0x08002d55   Thumb Code    46  os_core.o(.text)
    OS_PendListInsertPrio                    0x08002d83   Thumb Code    90  os_core.o(.text)
    OS_PendDataInit                          0x08002ddd   Thumb Code    48  os_core.o(.text)
    OS_RdyListRemove                         0x08002e0d   Thumb Code    78  os_core.o(.text)
    OS_TaskBlock                             0x08002e5b   Thumb Code    42  os_core.o(.text)
    OS_Pend                                  0x08002e85   Thumb Code    72  os_core.o(.text)
    OS_PendListRemove1                       0x08002ecd   Thumb Code    54  os_core.o(.text)
    OS_PendListRemove                        0x08002f03   Thumb Code    38  os_core.o(.text)
    OS_PendAbort1                            0x08002f29   Thumb Code    32  os_core.o(.text)
    OS_RdyListInsertHead                     0x08002f49   Thumb Code    52  os_core.o(.text)
    OS_RdyListInsertTail                     0x08002f7d   Thumb Code    48  os_core.o(.text)
    OS_RdyListInsert                         0x08002fad   Thumb Code    38  os_core.o(.text)
    OS_TaskRdy                               0x08002fd3   Thumb Code    26  os_core.o(.text)
    OS_PendAbort                             0x08002fed   Thumb Code   200  os_core.o(.text)
    OS_PendDbgNameRemove                     0x080030b5   Thumb Code    22  os_core.o(.text)
    OS_PendListChangePrio                    0x080030cb   Thumb Code    50  os_core.o(.text)
    OS_PendListInit                          0x080030fd   Thumb Code    10  os_core.o(.text)
    OS_PendListInsertHead                    0x08003107   Thumb Code    32  os_core.o(.text)
    OS_PendObjDel1                           0x08003127   Thumb Code    32  os_core.o(.text)
    OS_PendObjDel                            0x08003147   Thumb Code   126  os_core.o(.text)
    OS_Post1                                 0x080031c5   Thumb Code    38  os_core.o(.text)
    OS_Post                                  0x080031eb   Thumb Code   152  os_core.o(.text)
    OS_Sched0                                0x08003283   Thumb Code    50  os_core.o(.text)
    OS_SchedRoundRobin                       0x080032b5   Thumb Code    88  os_core.o(.text)
    OS_Dbg_Init                              0x08003331   Thumb Code     2  os_dbg.o(.text)
    OS_FlagDbgListAdd                        0x08003335   Thumb Code    26  os_flag.o(.text)
    OSFlagCreate                             0x0800334f   Thumb Code   150  os_flag.o(.text)
    OS_FlagClr                               0x080033e5   Thumb Code    16  os_flag.o(.text)
    OS_FlagDbgListRemove                     0x080033f5   Thumb Code    36  os_flag.o(.text)
    OSFlagDel                                0x08003419   Thumb Code   456  os_flag.o(.text)
    OS_FlagBlock                             0x080035e1   Thumb Code    28  os_flag.o(.text)
    OSFlagPend                               0x080035fd   Thumb Code   700  os_flag.o(.text)
    OSFlagPendAbort                          0x080038b9   Thumb Code   248  os_flag.o(.text)
    OSFlagPendGetFlagsRdy                    0x080039b1   Thumb Code    56  os_flag.o(.text)
    OS_FlagTaskRdy                           0x080039e9   Thumb Code    68  os_flag.o(.text)
    OS_FlagPost                              0x08003a2d   Thumb Code   400  os_flag.o(.text)
    OSFlagPost                               0x08003bbd   Thumb Code   116  os_flag.o(.text)
    OS_FlagInit                              0x08003c31   Thumb Code    14  os_flag.o(.text)
    OS_IntQPost                              0x08003c51   Thumb Code   148  os_int.o(.text)
    OS_IntQRePost                            0x08003ce5   Thumb Code   224  os_int.o(.text)
    OS_IntQTask                              0x08003dc5   Thumb Code   126  os_int.o(.text)
    OS_IntQTaskInit                          0x08003e43   Thumb Code   194  os_int.o(.text)
    OS_MemDbgListAdd                         0x08003f95   Thumb Code    22  os_mem.o(.text)
    OSMemCreate                              0x08003fab   Thumb Code   230  os_mem.o(.text)
    OSMemGet                                 0x08004091   Thumb Code    82  os_mem.o(.text)
    OSMemPut                                 0x080040e3   Thumb Code    90  os_mem.o(.text)
    OS_MemInit                               0x0800413d   Thumb Code    14  os_mem.o(.text)
    OS_MsgPoolCreate                         0x08004161   Thumb Code    48  os_msg.o(.text)
    OS_MsgPoolInit                           0x08004191   Thumb Code    58  os_msg.o(.text)
    OS_MsgQFreeAll                           0x080041cb   Thumb Code    48  os_msg.o(.text)
    OS_MsgQInit                              0x080041fb   Thumb Code    14  os_msg.o(.text)
    OS_MsgQGet                               0x08004209   Thumb Code    82  os_msg.o(.text)
    OS_MsgQPut                               0x0800425b   Thumb Code   128  os_msg.o(.text)
    OS_MutexDbgListAdd                       0x080042e9   Thumb Code    26  os_mutex.o(.text)
    OSMutexCreate                            0x08004303   Thumb Code   158  os_mutex.o(.text)
    OS_MutexClr                              0x080043a1   Thumb Code    24  os_mutex.o(.text)
    OS_MutexDbgListRemove                    0x080043b9   Thumb Code    36  os_mutex.o(.text)
    OSMutexDel                               0x080043dd   Thumb Code   602  os_mutex.o(.text)
    OSMutexPend                              0x08004637   Thumb Code   584  os_mutex.o(.text)
    OSMutexPendAbort                         0x0800487f   Thumb Code   248  os_mutex.o(.text)
    OSMutexPost                              0x08004977   Thumb Code   490  os_mutex.o(.text)
    OS_MutexInit                             0x08004b61   Thumb Code    14  os_mutex.o(.text)
    OS_PrioInit                              0x08004b79   Thumb Code    18  os_prio.o(.text)
    OS_PrioGetHighest                        0x08004b8b   Thumb Code    32  os_prio.o(.text)
    OS_PrioInsert                            0x08004bab   Thumb Code    28  os_prio.o(.text)
    OS_PrioRemove                            0x08004bc7   Thumb Code    28  os_prio.o(.text)
    OS_QDbgListAdd                           0x08004be9   Thumb Code    26  os_q.o(.text)
    OSQCreate                                0x08004c03   Thumb Code   164  os_q.o(.text)
    OS_QClr                                  0x08004ca7   Thumb Code    40  os_q.o(.text)
    OS_QDbgListRemove                        0x08004ccf   Thumb Code    36  os_q.o(.text)
    OSQDel                                   0x08004cf3   Thumb Code   310  os_q.o(.text)
    OSQFlush                                 0x08004e29   Thumb Code   164  os_q.o(.text)
    OSQPend                                  0x08004ecd   Thumb Code   438  os_q.o(.text)
    OSQPendAbort                             0x08005083   Thumb Code   250  os_q.o(.text)
    OS_QPost                                 0x0800517d   Thumb Code   260  os_q.o(.text)
    OSQPost                                  0x08005281   Thumb Code   146  os_q.o(.text)
    OS_QInit                                 0x08005313   Thumb Code    14  os_q.o(.text)
    OS_SemDbgListAdd                         0x08005339   Thumb Code    26  os_sem.o(.text)
    OSSemCreate                              0x08005353   Thumb Code   150  os_sem.o(.text)
    OS_SemClr                                0x080053e9   Thumb Code    22  os_sem.o(.text)
    OS_SemDbgListRemove                      0x080053ff   Thumb Code    36  os_sem.o(.text)
    OSSemDel                                 0x08005423   Thumb Code   310  os_sem.o(.text)
    OSSemPend                                0x08005559   Thumb Code   364  os_sem.o(.text)
    OSSemPendAbort                           0x080056c5   Thumb Code   292  os_sem.o(.text)
    OS_SemPost                               0x080057e9   Thumb Code   216  os_sem.o(.text)
    OSSemPost                                0x080058c1   Thumb Code   116  os_sem.o(.text)
    OSSemSet                                 0x08005935   Thumb Code    92  os_sem.o(.text)
    OS_SemInit                               0x08005991   Thumb Code    14  os_sem.o(.text)
    OSStatReset                              0x080059b5   Thumb Code   202  os_stat.o(.text)
    OSStatTaskCPUUsageInit                   0x08005a7f   Thumb Code   150  os_stat.o(.text)
    OS_StatTask                              0x08005b15   Thumb Code   588  os_stat.o(.text)
    OS_StatTaskInit                          0x08005d61   Thumb Code   242  os_stat.o(.text)
    OSTaskChangePrio                         0x08005e71   Thumb Code   322  os_task.o(.text)
    OS_TaskDbgListAdd                        0x08005fb3   Thumb Code    30  os_task.o(.text)
    OS_TaskInitTCB                           0x08005fd1   Thumb Code   184  os_task.o(.text)
    OSTaskCreate                             0x08006089   Thumb Code   524  os_task.o(.text)
    OS_TaskDbgListRemove                     0x08006295   Thumb Code    50  os_task.o(.text)
    OSTaskDel                                0x080062c7   Thumb Code   336  os_task.o(.text)
    OSTaskQFlush                             0x08006417   Thumb Code   164  os_task.o(.text)
    OSTaskQPend                              0x080064bb   Thumb Code   382  os_task.o(.text)
    OSTaskQPendAbort                         0x08006639   Thumb Code   230  os_task.o(.text)
    OS_TaskQPost                             0x0800671f   Thumb Code   310  os_task.o(.text)
    OSTaskQPost                              0x08006855   Thumb Code    96  os_task.o(.text)
    OSTaskRegGet                             0x080068b5   Thumb Code    54  os_task.o(.text)
    OSTaskRegGetID                           0x080068eb   Thumb Code    60  os_task.o(.text)
    OSTaskRegSet                             0x08006927   Thumb Code    54  os_task.o(.text)
    OS_TaskResume                            0x0800695d   Thumb Code   250  os_task.o(.text)
    OSTaskResume                             0x08006a57   Thumb Code   122  os_task.o(.text)
    OSTaskSemPend                            0x08006ad1   Thumb Code   354  os_task.o(.text)
    OSTaskSemPendAbort                       0x08006c33   Thumb Code   216  os_task.o(.text)
    OS_TaskSemPost                           0x08006d0b   Thumb Code   378  os_task.o(.text)
    OSTaskSemPost                            0x08006e85   Thumb Code    98  os_task.o(.text)
    OSTaskSemSet                             0x08006ee7   Thumb Code    64  os_task.o(.text)
    OSTaskStkChk                             0x08006f27   Thumb Code   160  os_task.o(.text)
    OS_TaskSuspend                           0x08006fc7   Thumb Code   220  os_task.o(.text)
    OSTaskSuspend                            0x080070a3   Thumb Code    64  os_task.o(.text)
    OSTaskTimeQuantaSet                      0x080070e3   Thumb Code    78  os_task.o(.text)
    OS_TaskInit                              0x08007131   Thumb Code    18  os_task.o(.text)
    OS_TaskReturn                            0x08007143   Thumb Code    20  os_task.o(.text)
    OS_TickListRemove                        0x08007181   Thumb Code    54  os_tick.o(.text)
    OS_TickListUpdate                        0x080071b7   Thumb Code   348  os_tick.o(.text)
    OS_TickTask                              0x08007313   Thumb Code    36  os_tick.o(.text)
    OS_TickListInit                          0x08007337   Thumb Code    34  os_tick.o(.text)
    OS_TickTaskInit                          0x08007359   Thumb Code   114  os_tick.o(.text)
    OS_TickListInsert                        0x080073cb   Thumb Code   202  os_tick.o(.text)
    OS_TickListResetPeak                     0x08007495   Thumb Code    30  os_tick.o(.text)
    OSTimeDly                                0x080074fd   Thumb Code   224  os_time.o(.text)
    OSTimeDlyHMSM                            0x080075dd   Thumb Code   374  os_time.o(.text)
    OSTimeDlyResume                          0x08007753   Thumb Code   294  os_time.o(.text)
    OSTimeGet                                0x08007879   Thumb Code    36  os_time.o(.text)
    OSTimeSet                                0x0800789d   Thumb Code    36  os_time.o(.text)
    OSTimeTick                               0x080078c1   Thumb Code    84  os_time.o(.text)
    OS_TmrDbgListAdd                         0x08007915   Thumb Code    22  os_tmr.o(.text)
    OSTmrCreate                              0x0800792b   Thumb Code   218  os_tmr.o(.text)
    OS_TmrClr                                0x08007a05   Thumb Code    34  os_tmr.o(.text)
    OS_TmrUnlink                             0x08007a27   Thumb Code    68  os_tmr.o(.text)
    OS_TmrDbgListRemove                      0x08007a6b   Thumb Code    36  os_tmr.o(.text)
    OSTmrDel                                 0x08007a8f   Thumb Code   134  os_tmr.o(.text)
    OSTmrRemainGet                           0x08007b15   Thumb Code   140  os_tmr.o(.text)
    OS_TmrLink                               0x08007ba1   Thumb Code   140  os_tmr.o(.text)
    OSTmrStart                               0x08007c2d   Thumb Code   122  os_tmr.o(.text)
    OSTmrStateGet                            0x08007ca7   Thumb Code   144  os_tmr.o(.text)
    OSTmrStop                                0x08007d37   Thumb Code   182  os_tmr.o(.text)
    OS_TmrTask                               0x08007ded   Thumb Code   164  os_tmr.o(.text)
    OS_TmrInit                               0x08007e91   Thumb Code   174  os_tmr.o(.text)
    OS_TmrResetPeak                          0x08007f3f   Thumb Code    30  os_tmr.o(.text)
    OSIdleTaskHook                           0x08007fb9   Thumb Code    12  os_cpu_c.o(.text)
    OSInitHook                               0x08007fc5   Thumb Code    22  os_cpu_c.o(.text)
    OSStatTaskHook                           0x08007fdb   Thumb Code    12  os_cpu_c.o(.text)
    OSTaskCreateHook                         0x08007fe7   Thumb Code    12  os_cpu_c.o(.text)
    OSTaskDelHook                            0x08007ff3   Thumb Code    12  os_cpu_c.o(.text)
    OSTaskReturnHook                         0x08007fff   Thumb Code    12  os_cpu_c.o(.text)
    OSTaskStkInit                            0x0800800b   Thumb Code   310  os_cpu_c.o(.text)
    OSTaskSwHook                             0x08008141   Thumb Code    86  os_cpu_c.o(.text)
    OSTimeTickHook                           0x08008197   Thumb Code    12  os_cpu_c.o(.text)
    OS_CPU_SysTickHandler                    0x080081a3   Thumb Code    42  os_cpu_c.o(.text)
    OS_CPU_SysTickInit                       0x080081cd   Thumb Code    36  os_cpu_c.o(.text)
    __use_no_semihosting                     0x08008231   Thumb Code     2  use_no_semi_2.o(.text)
    __aeabi_uldivmod                         0x08008233   Thumb Code     0  lludivv7m.o(.text)
    _ll_udiv                                 0x08008233   Thumb Code   238  lludivv7m.o(.text)
    __2printf                                0x08008321   Thumb Code    20  noretval__2printf.o(.text)
    __printf                                 0x08008339   Thumb Code   270  __printf_wp.o(.text)
    __use_two_region_memory                  0x08008447   Thumb Code     2  heapauxi.o(.text)
    __rt_heap_escrow$2region                 0x08008449   Thumb Code     2  heapauxi.o(.text)
    __rt_heap_expand$2region                 0x0800844b   Thumb Code     2  heapauxi.o(.text)
    __I$use$semihosting                      0x0800844d   Thumb Code     0  use_no_semi.o(.text)
    __use_no_semihosting_swi                 0x0800844d   Thumb Code     2  use_no_semi.o(.text)
    __lib_sel_fp_printf                      0x0800844f   Thumb Code     2  _printf_fp_dec.o(.text)
    _printf_fp_dec_real                      0x08008601   Thumb Code   620  _printf_fp_dec.o(.text)
    _printf_char_file                        0x0800886d   Thumb Code    32  _printf_char_file.o(.text)
    __rt_locale                              0x08008891   Thumb Code     8  rt_locale_intlibspace.o(.text)
    _ll_udiv10                               0x08008899   Thumb Code   138  lludiv10.o(.text)
    _printf_char_common                      0x0800892f   Thumb Code    32  _printf_char_common.o(.text)
    _printf_fp_infnan                        0x08008955   Thumb Code   112  _printf_fp_infnan.o(.text)
    _btod_etento                             0x080089d5   Thumb Code   224  bigflt0.o(.text)
    ferror                                   0x08008ab9   Thumb Code     8  ferror.o(.text)
    __user_libspace                          0x08008ac1   Thumb Code     8  libspace.o(.text)
    __user_perproc_libspace                  0x08008ac1   Thumb Code     0  libspace.o(.text)
    __user_perthread_libspace                0x08008ac1   Thumb Code     0  libspace.o(.text)
    __user_setup_stackheap                   0x08008ac9   Thumb Code    74  sys_stackheap_outer.o(.text)
    exit                                     0x08008b13   Thumb Code    18  exit.o(.text)
    strcmp                                   0x08008b25   Thumb Code   128  strcmpv7m.o(.text)
    _btod_d2e                                0x08008ba5   Thumb Code    62  btod.o(CL$$btod_d2e)
    _d2e_denorm_low                          0x08008be3   Thumb Code    70  btod.o(CL$$btod_d2e_denorm_low)
    _d2e_norm_op1                            0x08008c29   Thumb Code    96  btod.o(CL$$btod_d2e_norm_op1)
    __btod_div_common                        0x08008c89   Thumb Code   696  btod.o(CL$$btod_div_common)
    _e2e                                     0x08008fc1   Thumb Code   220  btod.o(CL$$btod_e2e)
    _btod_ediv                               0x0800909d   Thumb Code    42  btod.o(CL$$btod_ediv)
    _btod_emul                               0x080090c7   Thumb Code    42  btod.o(CL$$btod_emul)
    __btod_mult_common                       0x080090f1   Thumb Code   580  btod.o(CL$$btod_mult_common)
    OSStartHighRdy                           0x08009335   Thumb Code     0  os_cpu_a.o(CODE)
    OSCtxSw                                  0x08009357   Thumb Code     0  os_cpu_a.o(CODE)
    OSIntCtxSw                               0x08009361   Thumb Code     0  os_cpu_a.o(CODE)
    PendSV_Handler                           0x0800936b   Thumb Code     0  os_cpu_a.o(CODE)
    __ARM_fpclassify                         0x080093e1   Thumb Code    48  fpclassify.o(i.__ARM_fpclassify)
    _is_digit                                0x08009411   Thumb Code    14  __printf_wp.o(i._is_digit)
    _get_lc_numeric                          0x08009421   Thumb Code    44  lc_numeric_c.o(locale$$code)
    __fpl_dretinf                            0x0800944d   Thumb Code    12  dretinf.o(x$fpl$dretinf)
    __aeabi_f2d                              0x08009459   Thumb Code     0  f2d.o(x$fpl$f2d)
    _f2d                                     0x08009459   Thumb Code    86  f2d.o(x$fpl$f2d)
    __fpl_fnaninf                            0x080094af   Thumb Code   140  fnaninf.o(x$fpl$fnaninf)
    _fp_init                                 0x0800953b   Thumb Code    10  fpinit.o(x$fpl$fpinit)
    __fplib_config_fpu_vfp                   0x08009543   Thumb Code     0  fpinit.o(x$fpl$fpinit)
    __fplib_config_pureend_doubles           0x08009543   Thumb Code     0  fpinit.o(x$fpl$fpinit)
    _printf_fp_dec                           0x08009545   Thumb Code     4  printf1.o(x$fpl$printf1)
    __I$use$fp                               0x08009548   Number         0  usenofp.o(x$fpl$usenofp)
    OSCfg_StatTaskPrio                       0x080096dc   Data           1  os_cfg_app.o(.constdata)
    OSCfg_TickTaskPrio                       0x080096dd   Data           1  os_cfg_app.o(.constdata)
    OSCfg_TmrTaskPrio                        0x080096de   Data           1  os_cfg_app.o(.constdata)
    OSCfg_IntQSize                           0x080096e0   Data           2  os_cfg_app.o(.constdata)
    OSCfg_MsgPoolSize                        0x080096e2   Data           2  os_cfg_app.o(.constdata)
    OSCfg_TickWheelSize                      0x080096e4   Data           2  os_cfg_app.o(.constdata)
    OSCfg_TmrWheelSize                       0x080096e6   Data           2  os_cfg_app.o(.constdata)
    OSCfg_IdleTaskStkBasePtr                 0x080096e8   Data           4  os_cfg_app.o(.constdata)
    OSCfg_IdleTaskStkLimit                   0x080096ec   Data           4  os_cfg_app.o(.constdata)
    OSCfg_IdleTaskStkSize                    0x080096f0   Data           4  os_cfg_app.o(.constdata)
    OSCfg_IdleTaskStkSizeRAM                 0x080096f4   Data           4  os_cfg_app.o(.constdata)
    OSCfg_IntQBasePtr                        0x080096f8   Data           4  os_cfg_app.o(.constdata)
    OSCfg_IntQSizeRAM                        0x080096fc   Data           4  os_cfg_app.o(.constdata)
    OSCfg_IntQTaskStkBasePtr                 0x08009700   Data           4  os_cfg_app.o(.constdata)
    OSCfg_IntQTaskStkLimit                   0x08009704   Data           4  os_cfg_app.o(.constdata)
    OSCfg_IntQTaskStkSize                    0x08009708   Data           4  os_cfg_app.o(.constdata)
    OSCfg_IntQTaskStkSizeRAM                 0x0800970c   Data           4  os_cfg_app.o(.constdata)
    OSCfg_ISRStkBasePtr                      0x08009710   Data           4  os_cfg_app.o(.constdata)
    OSCfg_ISRStkSize                         0x08009714   Data           4  os_cfg_app.o(.constdata)
    OSCfg_ISRStkSizeRAM                      0x08009718   Data           4  os_cfg_app.o(.constdata)
    OSCfg_MsgPoolSizeRAM                     0x0800971c   Data           4  os_cfg_app.o(.constdata)
    OSCfg_MsgPoolBasePtr                     0x08009720   Data           4  os_cfg_app.o(.constdata)
    OSCfg_StatTaskRate_Hz                    0x08009724   Data           4  os_cfg_app.o(.constdata)
    OSCfg_StatTaskStkBasePtr                 0x08009728   Data           4  os_cfg_app.o(.constdata)
    OSCfg_StatTaskStkLimit                   0x0800972c   Data           4  os_cfg_app.o(.constdata)
    OSCfg_StatTaskStkSize                    0x08009730   Data           4  os_cfg_app.o(.constdata)
    OSCfg_StatTaskStkSizeRAM                 0x08009734   Data           4  os_cfg_app.o(.constdata)
    OSCfg_StkSizeMin                         0x08009738   Data           4  os_cfg_app.o(.constdata)
    OSCfg_TickRate_Hz                        0x0800973c   Data           4  os_cfg_app.o(.constdata)
    OSCfg_TickTaskStkBasePtr                 0x08009740   Data           4  os_cfg_app.o(.constdata)
    OSCfg_TickTaskStkLimit                   0x08009744   Data           4  os_cfg_app.o(.constdata)
    OSCfg_TickTaskStkSize                    0x08009748   Data           4  os_cfg_app.o(.constdata)
    OSCfg_TickTaskStkSizeRAM                 0x0800974c   Data           4  os_cfg_app.o(.constdata)
    OSCfg_TickWheelSizeRAM                   0x08009750   Data           4  os_cfg_app.o(.constdata)
    OSCfg_TmrTaskRate_Hz                     0x08009754   Data           4  os_cfg_app.o(.constdata)
    OSCfg_TmrTaskStkBasePtr                  0x08009758   Data           4  os_cfg_app.o(.constdata)
    OSCfg_TmrTaskStkLimit                    0x0800975c   Data           4  os_cfg_app.o(.constdata)
    OSCfg_TmrTaskStkSize                     0x08009760   Data           4  os_cfg_app.o(.constdata)
    OSCfg_TmrTaskStkSizeRAM                  0x08009764   Data           4  os_cfg_app.o(.constdata)
    OSCfg_TmrWheelSizeRAM                    0x08009768   Data           4  os_cfg_app.o(.constdata)
    OSCfg_DataSizeRAM                        0x0800976c   Data           4  os_cfg_app.o(.constdata)
    Region$$Table$$Base                      0x08009804   Number         0  anon$$obj.o(Region$$Table)
    Region$$Table$$Limit                     0x08009824   Number         0  anon$$obj.o(Region$$Table)
    SystemCoreClock                          0x20000004   Data           4  system_stm32f4xx.o(.data)
    AHBPrescTable                            0x20000008   Data          16  system_stm32f4xx.o(.data)
    USART_RX_STA                             0x2000002c   Data           2  usart1.o(.data)
    __stdout                                 0x20000030   Data           4  usart1.o(.data)
    CPU_IntDisMeasCtr                        0x20000034   Data           2  cpu_core.o(.data)
    CPU_IntDisNestCtr                        0x20000036   Data           2  cpu_core.o(.data)
    CPU_TS_TmrFreq_Hz                        0x20000038   Data           4  cpu_core.o(.data)
    CPU_IntDisMeasStart_cnts                 0x2000003c   Data           4  cpu_core.o(.data)
    CPU_IntDisMeasStop_cnts                  0x20000040   Data           4  cpu_core.o(.data)
    CPU_IntDisMeasOvrhd_cnts                 0x20000044   Data           4  cpu_core.o(.data)
    CPU_IntDisMeasMaxCur_cnts                0x20000048   Data           4  cpu_core.o(.data)
    CPU_IntDisMeasMax_cnts                   0x2000004c   Data           4  cpu_core.o(.data)
    Mem_PoolTbl                              0x20000050   Data           4  lib_mem.o(.data)
    OSPrioTbl                                0x20000054   Data           8  os_prio.o(.data)
    OS_AppTaskCreateHookPtr                  0x2000005c   Data           4  os_var.o(.data)
    OS_AppTaskDelHookPtr                     0x20000060   Data           4  os_var.o(.data)
    OS_AppTaskReturnHookPtr                  0x20000064   Data           4  os_var.o(.data)
    OS_AppIdleTaskHookPtr                    0x20000068   Data           4  os_var.o(.data)
    OS_AppStatTaskHookPtr                    0x2000006c   Data           4  os_var.o(.data)
    OS_AppTaskSwHookPtr                      0x20000070   Data           4  os_var.o(.data)
    OS_AppTimeTickHookPtr                    0x20000074   Data           4  os_var.o(.data)
    OSIdleTaskCtr                            0x20000078   Data           4  os_var.o(.data)
    OSIntNestingCtr                          0x2000007c   Data           1  os_var.o(.data)
    OSIntDisTimeMax                          0x20000080   Data           4  os_var.o(.data)
    OSRunning                                0x20000084   Data           1  os_var.o(.data)
    OSIntQInPtr                              0x20000088   Data           4  os_var.o(.data)
    OSIntQOutPtr                             0x2000008c   Data           4  os_var.o(.data)
    OSIntQNbrEntries                         0x20000090   Data           2  os_var.o(.data)
    OSIntQNbrEntriesMax                      0x20000092   Data           2  os_var.o(.data)
    OSIntQOvfCtr                             0x20000094   Data           2  os_var.o(.data)
    OSIntQTaskTimeMax                        0x20000098   Data           4  os_var.o(.data)
    OSFlagDbgListPtr                         0x2000009c   Data           4  os_var.o(.data)
    OSFlagQty                                0x200000a0   Data           2  os_var.o(.data)
    OSMemDbgListPtr                          0x200000a4   Data           4  os_var.o(.data)
    OSMemQty                                 0x200000a8   Data           2  os_var.o(.data)
    OSMutexDbgListPtr                        0x200000ac   Data           4  os_var.o(.data)
    OSMutexQty                               0x200000b0   Data           2  os_var.o(.data)
    OSPrioCur                                0x200000b2   Data           1  os_var.o(.data)
    OSPrioHighRdy                            0x200000b3   Data           1  os_var.o(.data)
    OSPrioSaved                              0x200000b4   Data           1  os_var.o(.data)
    OSQDbgListPtr                            0x200000b8   Data           4  os_var.o(.data)
    OSQQty                                   0x200000bc   Data           2  os_var.o(.data)
    OSSchedLockTimeBegin                     0x200000c0   Data           4  os_var.o(.data)
    OSSchedLockTimeMax                       0x200000c4   Data           4  os_var.o(.data)
    OSSchedLockTimeMaxCur                    0x200000c8   Data           4  os_var.o(.data)
    OSSchedLockNestingCtr                    0x200000cc   Data           1  os_var.o(.data)
    OSSchedRoundRobinDfltTimeQuanta          0x200000d0   Data           4  os_var.o(.data)
    OSSchedRoundRobinEn                      0x200000d4   Data           1  os_var.o(.data)
    OSSemDbgListPtr                          0x200000d8   Data           4  os_var.o(.data)
    OSSemQty                                 0x200000dc   Data           2  os_var.o(.data)
    OSStatResetFlag                          0x200000de   Data           1  os_var.o(.data)
    OSStatTaskCPUUsage                       0x200000e0   Data           2  os_var.o(.data)
    OSStatTaskCPUUsageMax                    0x200000e2   Data           2  os_var.o(.data)
    OSStatTaskCtr                            0x200000e4   Data           4  os_var.o(.data)
    OSStatTaskCtrMax                         0x200000e8   Data           4  os_var.o(.data)
    OSStatTaskCtrRun                         0x200000ec   Data           4  os_var.o(.data)
    OSStatTaskRdy                            0x200000f0   Data           1  os_var.o(.data)
    OSStatTaskTimeMax                        0x200000f4   Data           4  os_var.o(.data)
    OSTaskCtxSwCtr                           0x200000f8   Data           4  os_var.o(.data)
    OSTaskDbgListPtr                         0x200000fc   Data           4  os_var.o(.data)
    OSTaskQty                                0x20000100   Data           2  os_var.o(.data)
    OSTaskRegNextAvailID                     0x20000102   Data           1  os_var.o(.data)
    OSTickCtr                                0x20000104   Data           4  os_var.o(.data)
    OSTickTaskTimeMax                        0x20000108   Data           4  os_var.o(.data)
    OSTmrDbgListPtr                          0x2000010c   Data           4  os_var.o(.data)
    OSTmrQty                                 0x20000110   Data           2  os_var.o(.data)
    OSTmrTaskTimeMax                         0x20000114   Data           4  os_var.o(.data)
    OSTmrTickCtr                             0x20000118   Data           4  os_var.o(.data)
    OSTmrUpdateCnt                           0x2000011c   Data           4  os_var.o(.data)
    OSTmrUpdateCtr                           0x20000120   Data           4  os_var.o(.data)
    OSTCBCurPtr                              0x20000124   Data           4  os_var.o(.data)
    OSTCBHighRdyPtr                          0x20000128   Data           4  os_var.o(.data)
    OS_CPU_ExceptStkBase                     0x2000012c   Data           4  os_cpu_c.o(.data)
    StartTaskTCB                             0x20000130   Data         200  main.o(.bss)
    START_TASK_STK                           0x200001f8   Data        2048  main.o(.bss)
    Led0TaskTCB                              0x200009f8   Data         200  main.o(.bss)
    LED0_TASK_STK                            0x20000ac0   Data         256  main.o(.bss)
    Led1TaskTCB                              0x20000bc0   Data         200  main.o(.bss)
    LED1_TASK_STK                            0x20000c88   Data         256  main.o(.bss)
    FloatTaskTCB                             0x20000d88   Data         200  main.o(.bss)
    FLOAT_TASK_STK                           0x20000e50   Data         512  main.o(.bss)
    USART_RX_BUF                             0x20001050   Data         200  usart1.o(.bss)
    CPU_Name                                 0x20001118   Data          16  cpu_core.o(.bss)
    Mem_PoolHeap                             0x20001128   Data          72  lib_mem.o(.bss)
    Mem_Heap                                 0x20001170   Data        1024  lib_mem.o(.bss)
    OSCfg_IdleTaskStk                        0x20001570   Data         512  os_cfg_app.o(.bss)
    OSCfg_IntQ                               0x20001770   Data         320  os_cfg_app.o(.bss)
    OSCfg_IntQTaskStk                        0x200018b0   Data         512  os_cfg_app.o(.bss)
    OSCfg_ISRStk                             0x20001ab0   Data         512  os_cfg_app.o(.bss)
    OSCfg_MsgPool                            0x20001cb0   Data        1600  os_cfg_app.o(.bss)
    OSCfg_StatTaskStk                        0x200022f0   Data         512  os_cfg_app.o(.bss)
    OSCfg_TickTaskStk                        0x200024f0   Data         512  os_cfg_app.o(.bss)
    OSCfg_TickWheel                          0x200026f0   Data         136  os_cfg_app.o(.bss)
    OSCfg_TmrTaskStk                         0x20002778   Data         512  os_cfg_app.o(.bss)
    OSCfg_TmrWheel                           0x20002978   Data         136  os_cfg_app.o(.bss)
    OSIdleTaskTCB                            0x20002a00   Data         200  os_var.o(.bss)
    OSIntQTaskTCB                            0x20002ac8   Data         200  os_var.o(.bss)
    OSMsgPool                                0x20002b90   Data          12  os_var.o(.bss)
    OSRdyList                                0x20002b9c   Data         768  os_var.o(.bss)
    OSStatTaskTCB                            0x20002e9c   Data         200  os_var.o(.bss)
    OSTickTaskTCB                            0x20002f64   Data         200  os_var.o(.bss)
    OSTmrTaskTCB                             0x2000302c   Data         200  os_var.o(.bss)
    __libspace_start                         0x200030f4   Data          96  libspace.o(.bss)
    __temporary_stack_top$libspace           0x20003154   Data           0  libspace.o(.bss)



==============================================================================

Memory Map of the image

  Image Entry point : 0x08000189

  Load Region LR_IROM1 (Base: 0x08000000, Size: 0x00009970, Max: 0x00100000, ABSOLUTE, COMPRESSED[0x0000985c])

    Execution Region ER_IROM1 (Exec base: 0x08000000, Load base: 0x08000000, Size: 0x00009840, Max: 0x00100000, ABSOLUTE)

    Exec Addr    Load Addr    Size         Type   Attr      Idx    E Section Name        Object

    0x08000000   0x08000000   0x00000188   Data   RO            3    RESET               startup_stm32f40_41xxx.o
    0x08000188   0x08000188   0x00000008   Code   RO         1944  * !!!main             c_w.l(__main.o)
    0x08000190   0x08000190   0x00000034   Code   RO         2176    !!!scatter          c_w.l(__scatter.o)
    0x080001c4   0x080001c4   0x0000005a   Code   RO         2174    !!dczerorl2         c_w.l(__dczerorl2.o)
    0x0800021e   0x0800021e   0x00000002   PAD
    0x08000220   0x08000220   0x0000001c   Code   RO         2178    !!handler_zi        c_w.l(__scatter_zi.o)
    0x0800023c   0x0800023c   0x00000000   Code   RO         1941    .ARM.Collect$$_printf_percent$$00000000  c_w.l(_printf_percent.o)
    0x0800023c   0x0800023c   0x00000006   Code   RO         1940    .ARM.Collect$$_printf_percent$$00000003  c_w.l(_printf_f.o)
    0x08000242   0x08000242   0x00000004   Code   RO         1961    .ARM.Collect$$_printf_percent$$00000017  c_w.l(_printf_percent_end.o)
    0x08000246   0x08000246   0x00000002   Code   RO         2051    .ARM.Collect$$libinit$$00000000  c_w.l(libinit.o)
    0x08000248   0x08000248   0x00000004   Code   RO         2052    .ARM.Collect$$libinit$$00000001  c_w.l(libinit2.o)
    0x0800024c   0x0800024c   0x00000000   Code   RO         2055    .ARM.Collect$$libinit$$00000004  c_w.l(libinit2.o)
    0x0800024c   0x0800024c   0x00000000   Code   RO         2058    .ARM.Collect$$libinit$$0000000A  c_w.l(libinit2.o)
    0x0800024c   0x0800024c   0x00000000   Code   RO         2060    .ARM.Collect$$libinit$$0000000C  c_w.l(libinit2.o)
    0x0800024c   0x0800024c   0x00000000   Code   RO         2062    .ARM.Collect$$libinit$$0000000E  c_w.l(libinit2.o)
    0x0800024c   0x0800024c   0x00000006   Code   RO         2063    .ARM.Collect$$libinit$$0000000F  c_w.l(libinit2.o)
    0x08000252   0x08000252   0x00000000   Code   RO         2065    .ARM.Collect$$libinit$$00000011  c_w.l(libinit2.o)
    0x08000252   0x08000252   0x00000000   Code   RO         2067    .ARM.Collect$$libinit$$00000013  c_w.l(libinit2.o)
    0x08000252   0x08000252   0x00000000   Code   RO         2069    .ARM.Collect$$libinit$$00000015  c_w.l(libinit2.o)
    0x08000252   0x08000252   0x0000000a   Code   RO         2070    .ARM.Collect$$libinit$$00000016  c_w.l(libinit2.o)
    0x0800025c   0x0800025c   0x00000000   Code   RO         2071    .ARM.Collect$$libinit$$00000017  c_w.l(libinit2.o)
    0x0800025c   0x0800025c   0x00000000   Code   RO         2073    .ARM.Collect$$libinit$$00000019  c_w.l(libinit2.o)
    0x0800025c   0x0800025c   0x00000000   Code   RO         2075    .ARM.Collect$$libinit$$0000001B  c_w.l(libinit2.o)
    0x0800025c   0x0800025c   0x00000000   Code   RO         2077    .ARM.Collect$$libinit$$0000001D  c_w.l(libinit2.o)
    0x0800025c   0x0800025c   0x00000000   Code   RO         2079    .ARM.Collect$$libinit$$0000001F  c_w.l(libinit2.o)
    0x0800025c   0x0800025c   0x00000000   Code   RO         2081    .ARM.Collect$$libinit$$00000021  c_w.l(libinit2.o)
    0x0800025c   0x0800025c   0x00000000   Code   RO         2083    .ARM.Collect$$libinit$$00000023  c_w.l(libinit2.o)
    0x0800025c   0x0800025c   0x00000000   Code   RO         2085    .ARM.Collect$$libinit$$00000025  c_w.l(libinit2.o)
    0x0800025c   0x0800025c   0x00000000   Code   RO         2089    .ARM.Collect$$libinit$$0000002C  c_w.l(libinit2.o)
    0x0800025c   0x0800025c   0x00000000   Code   RO         2091    .ARM.Collect$$libinit$$0000002E  c_w.l(libinit2.o)
    0x0800025c   0x0800025c   0x00000000   Code   RO         2093    .ARM.Collect$$libinit$$00000030  c_w.l(libinit2.o)
    0x0800025c   0x0800025c   0x00000000   Code   RO         2095    .ARM.Collect$$libinit$$00000032  c_w.l(libinit2.o)
    0x0800025c   0x0800025c   0x00000002   Code   RO         2096    .ARM.Collect$$libinit$$00000033  c_w.l(libinit2.o)
    0x0800025e   0x0800025e   0x00000002   Code   RO         2138    .ARM.Collect$$libshutdown$$00000000  c_w.l(libshutdown.o)
    0x08000260   0x08000260   0x00000000   Code   RO         2157    .ARM.Collect$$libshutdown$$00000002  c_w.l(libshutdown2.o)
    0x08000260   0x08000260   0x00000000   Code   RO         2159    .ARM.Collect$$libshutdown$$00000004  c_w.l(libshutdown2.o)
    0x08000260   0x08000260   0x00000000   Code   RO         2162    .ARM.Collect$$libshutdown$$00000007  c_w.l(libshutdown2.o)
    0x08000260   0x08000260   0x00000000   Code   RO         2165    .ARM.Collect$$libshutdown$$0000000A  c_w.l(libshutdown2.o)
    0x08000260   0x08000260   0x00000000   Code   RO         2167    .ARM.Collect$$libshutdown$$0000000C  c_w.l(libshutdown2.o)
    0x08000260   0x08000260   0x00000000   Code   RO         2170    .ARM.Collect$$libshutdown$$0000000F  c_w.l(libshutdown2.o)
    0x08000260   0x08000260   0x00000002   Code   RO         2171    .ARM.Collect$$libshutdown$$00000010  c_w.l(libshutdown2.o)
    0x08000262   0x08000262   0x00000000   Code   RO         1952    .ARM.Collect$$rtentry$$00000000  c_w.l(__rtentry.o)
    0x08000262   0x08000262   0x00000000   Code   RO         1968    .ARM.Collect$$rtentry$$00000002  c_w.l(__rtentry2.o)
    0x08000262   0x08000262   0x00000006   Code   RO         1980    .ARM.Collect$$rtentry$$00000004  c_w.l(__rtentry4.o)
    0x08000268   0x08000268   0x00000000   Code   RO         1970    .ARM.Collect$$rtentry$$00000009  c_w.l(__rtentry2.o)
    0x08000268   0x08000268   0x00000004   Code   RO         1971    .ARM.Collect$$rtentry$$0000000A  c_w.l(__rtentry2.o)
    0x0800026c   0x0800026c   0x00000000   Code   RO         1973    .ARM.Collect$$rtentry$$0000000C  c_w.l(__rtentry2.o)
    0x0800026c   0x0800026c   0x00000008   Code   RO         1974    .ARM.Collect$$rtentry$$0000000D  c_w.l(__rtentry2.o)
    0x08000274   0x08000274   0x00000002   Code   RO         2097    .ARM.Collect$$rtexit$$00000000  c_w.l(rtexit.o)
    0x08000276   0x08000276   0x00000000   Code   RO         2110    .ARM.Collect$$rtexit$$00000002  c_w.l(rtexit2.o)
    0x08000276   0x08000276   0x00000004   Code   RO         2111    .ARM.Collect$$rtexit$$00000003  c_w.l(rtexit2.o)
    0x0800027a   0x0800027a   0x00000006   Code   RO         2112    .ARM.Collect$$rtexit$$00000004  c_w.l(rtexit2.o)
    0x08000280   0x08000280   0x00000010   Code   RO         1383    .emb_text           sys.o
    0x08000290   0x08000290   0x00000040   Code   RO            4    .text               startup_stm32f40_41xxx.o
    0x080002d0   0x080002d0   0x00000338   Code   RO           13    .text               main.o
    0x08000608   0x08000608   0x0000000e   Code   RO          233    .text               stm32f4xx_it.o
    0x08000616   0x08000616   0x00000002   PAD
    0x08000618   0x08000618   0x0000017c   Code   RO          260    .text               system_stm32f4xx.o
    0x08000794   0x08000794   0x000000b0   Code   RO          290    .text               misc.o
    0x08000844   0x08000844   0x0000020c   Code   RO          792    .text               stm32f4xx_gpio.o
    0x08000a50   0x08000a50   0x00000480   Code   RO         1029    .text               stm32f4xx_rcc.o
    0x08000ed0   0x08000ed0   0x00000358   Code   RO         1249    .text               stm32f4xx_usart.o
    0x08001228   0x08001228   0x00000058   Code   RO         1297    .text               led.o
    0x08001280   0x08001280   0x000000e4   Code   RO         1321    .text               delay.o
    0x08001364   0x08001364   0x0000012c   Code   RO         1347    .text               usart1.o
    0x08001490   0x08001490   0x00000068   Code   RO         1405    .text               bsp.o
    0x080014f8   0x080014f8   0x000002c0   Code   RO         1430    .text               cpu_core.o
    0x080017b8   0x080017b8   0x00000034   Code   RO         1458    .text               cpu_a.o
    0x080017ec   0x080017ec   0x0000015a   Code   RO         1473    .text               lib_ascii.o
    0x08001946   0x08001946   0x00000002   PAD
    0x08001948   0x08001948   0x000006f8   Code   RO         1508    .text               lib_mem.o
    0x08002040   0x08002040   0x000005a8   Code   RO         1527    .text               lib_str.o
    0x080025e8   0x080025e8   0x00000220   Code   RO         1545    .text               lib_mem_a.o
    0x08002808   0x08002808   0x00000002   Code   RO         1548    .text               os_cfg_app.o
    0x0800280a   0x0800280a   0x00000002   PAD
    0x0800280c   0x0800280c   0x00000b24   Code   RO         1580    .text               os_core.o
    0x08003330   0x08003330   0x00000002   Code   RO         1593    .text               os_dbg.o
    0x08003332   0x08003332   0x00000002   PAD
    0x08003334   0x08003334   0x0000091c   Code   RO         1609    .text               os_flag.o
    0x08003c50   0x08003c50   0x00000344   Code   RO         1622    .text               os_int.o
    0x08003f94   0x08003f94   0x000001cc   Code   RO         1634    .text               os_mem.o
    0x08004160   0x08004160   0x00000188   Code   RO         1646    .text               os_msg.o
    0x080042e8   0x080042e8   0x00000890   Code   RO         1658    .text               os_mutex.o
    0x08004b78   0x08004b78   0x00000070   Code   RO         1677    .text               os_prio.o
    0x08004be8   0x08004be8   0x00000750   Code   RO         1696    .text               os_q.o
    0x08005338   0x08005338   0x0000067c   Code   RO         1709    .text               os_sem.o
    0x080059b4   0x080059b4   0x000004bc   Code   RO         1722    .text               os_stat.o
    0x08005e70   0x08005e70   0x00001310   Code   RO         1734    .text               os_task.o
    0x08007180   0x08007180   0x0000037c   Code   RO         1746    .text               os_tick.o
    0x080074fc   0x080074fc   0x00000418   Code   RO         1759    .text               os_time.o
    0x08007914   0x08007914   0x000006a4   Code   RO         1771    .text               os_tmr.o
    0x08007fb8   0x08007fb8   0x00000278   Code   RO         1866    .text               os_cpu_c.o
    0x08008230   0x08008230   0x00000002   Code   RO         1910    .text               c_w.l(use_no_semi_2.o)
    0x08008232   0x08008232   0x000000ee   Code   RO         1912    .text               c_w.l(lludivv7m.o)
    0x08008320   0x08008320   0x00000018   Code   RO         1916    .text               c_w.l(noretval__2printf.o)
    0x08008338   0x08008338   0x0000010e   Code   RO         1928    .text               c_w.l(__printf_wp.o)
    0x08008446   0x08008446   0x00000006   Code   RO         1942    .text               c_w.l(heapauxi.o)
    0x0800844c   0x0800844c   0x00000002   Code   RO         1950    .text               c_w.l(use_no_semi.o)
    0x0800844e   0x0800844e   0x0000041e   Code   RO         1957    .text               c_w.l(_printf_fp_dec.o)
    0x0800886c   0x0800886c   0x00000024   Code   RO         1959    .text               c_w.l(_printf_char_file.o)
    0x08008890   0x08008890   0x00000008   Code   RO         1987    .text               c_w.l(rt_locale_intlibspace.o)
    0x08008898   0x08008898   0x0000008a   Code   RO         1989    .text               c_w.l(lludiv10.o)
    0x08008922   0x08008922   0x00000002   PAD
    0x08008924   0x08008924   0x00000030   Code   RO         1991    .text               c_w.l(_printf_char_common.o)
    0x08008954   0x08008954   0x00000080   Code   RO         1993    .text               c_w.l(_printf_fp_infnan.o)
    0x080089d4   0x080089d4   0x000000e4   Code   RO         1995    .text               c_w.l(bigflt0.o)
    0x08008ab8   0x08008ab8   0x00000008   Code   RO         2020    .text               c_w.l(ferror.o)
    0x08008ac0   0x08008ac0   0x00000008   Code   RO         2031    .text               c_w.l(libspace.o)
    0x08008ac8   0x08008ac8   0x0000004a   Code   RO         2034    .text               c_w.l(sys_stackheap_outer.o)
    0x08008b12   0x08008b12   0x00000012   Code   RO         2038    .text               c_w.l(exit.o)
    0x08008b24   0x08008b24   0x00000080   Code   RO         2044    .text               c_w.l(strcmpv7m.o)
    0x08008ba4   0x08008ba4   0x0000003e   Code   RO         1998    CL$$btod_d2e        c_w.l(btod.o)
    0x08008be2   0x08008be2   0x00000046   Code   RO         2000    CL$$btod_d2e_denorm_low  c_w.l(btod.o)
    0x08008c28   0x08008c28   0x00000060   Code   RO         1999    CL$$btod_d2e_norm_op1  c_w.l(btod.o)
    0x08008c88   0x08008c88   0x00000338   Code   RO         2008    CL$$btod_div_common  c_w.l(btod.o)
    0x08008fc0   0x08008fc0   0x000000dc   Code   RO         2005    CL$$btod_e2e        c_w.l(btod.o)
    0x0800909c   0x0800909c   0x0000002a   Code   RO         2002    CL$$btod_ediv       c_w.l(btod.o)
    0x080090c6   0x080090c6   0x0000002a   Code   RO         2001    CL$$btod_emul       c_w.l(btod.o)
    0x080090f0   0x080090f0   0x00000244   Code   RO         2007    CL$$btod_mult_common  c_w.l(btod.o)
    0x08009334   0x08009334   0x000000ac   Code   RO         1860    CODE                os_cpu_a.o
    0x080093e0   0x080093e0   0x00000030   Code   RO         2029    i.__ARM_fpclassify  m_wm.l(fpclassify.o)
    0x08009410   0x08009410   0x0000000e   Code   RO         1930    i._is_digit         c_w.l(__printf_wp.o)
    0x0800941e   0x0800941e   0x00000002   PAD
    0x08009420   0x08009420   0x0000002c   Code   RO         2025    locale$$code        c_w.l(lc_numeric_c.o)
    0x0800944c   0x0800944c   0x0000000c   Code   RO         1962    x$fpl$dretinf       fz_wm.l(dretinf.o)
    0x08009458   0x08009458   0x00000056   Code   RO         1946    x$fpl$f2d           fz_wm.l(f2d.o)
    0x080094ae   0x080094ae   0x0000008c   Code   RO         1964    x$fpl$fnaninf       fz_wm.l(fnaninf.o)
    0x0800953a   0x0800953a   0x0000000a   Code   RO         2107    x$fpl$fpinit        fz_wm.l(fpinit.o)
    0x08009544   0x08009544   0x00000004   Code   RO         1948    x$fpl$printf1       fz_wm.l(printf1.o)
    0x08009548   0x08009548   0x00000000   Code   RO         1966    x$fpl$usenofp       fz_wm.l(usenofp.o)
    0x08009548   0x08009548   0x00000100   Data   RO         1432    .constdata          cpu_core.o
    0x08009648   0x08009648   0x00000094   Data   RO         1528    .constdata          lib_str.o
    0x080096dc   0x080096dc   0x00000094   Data   RO         1559    .constdata          os_cfg_app.o
    0x08009770   0x08009770   0x00000094   Data   RO         1996    .constdata          c_w.l(bigflt0.o)
    0x08009804   0x08009804   0x00000020   Data   RO         2172    Region$$Table       anon$$obj.o
    0x08009824   0x08009824   0x0000001c   Data   RO         2024    locale$$data        c_w.l(lc_numeric_c.o)


    Execution Region RW_IRAM1 (Exec base: 0x20000000, Load base: 0x08009840, Size: 0x00003758, Max: 0x00020000, ABSOLUTE, COMPRESSED[0x0000001c])

    Exec Addr    Load Addr    Size         Type   Attr      Idx    E Section Name        Object

    0x20000000   COMPRESSED   0x00000004   Data   RW           15    .data               main.o
    0x20000004   COMPRESSED   0x00000014   Data   RW          261    .data               system_stm32f4xx.o
    0x20000018   COMPRESSED   0x00000010   Data   RW         1030    .data               stm32f4xx_rcc.o
    0x20000028   COMPRESSED   0x00000004   Data   RW         1322    .data               delay.o
    0x2000002c   COMPRESSED   0x00000002   Data   RW         1349    .data               usart1.o
    0x2000002e   COMPRESSED   0x00000002   PAD
    0x20000030   COMPRESSED   0x00000004   Data   RW         1350    .data               usart1.o
    0x20000034   COMPRESSED   0x0000001c   Data   RW         1434    .data               cpu_core.o
    0x20000050   COMPRESSED   0x00000004   Data   RW         1510    .data               lib_mem.o
    0x20000054   COMPRESSED   0x00000008   Data   RW         1678    .data               os_prio.o
    0x2000005c   COMPRESSED   0x00000004   Data   RW         1790    .data               os_var.o
    0x20000060   COMPRESSED   0x00000004   Data   RW         1791    .data               os_var.o
    0x20000064   COMPRESSED   0x00000004   Data   RW         1792    .data               os_var.o
    0x20000068   COMPRESSED   0x00000004   Data   RW         1793    .data               os_var.o
    0x2000006c   COMPRESSED   0x00000004   Data   RW         1794    .data               os_var.o
    0x20000070   COMPRESSED   0x00000004   Data   RW         1795    .data               os_var.o
    0x20000074   COMPRESSED   0x00000004   Data   RW         1796    .data               os_var.o
    0x20000078   COMPRESSED   0x00000004   Data   RW         1797    .data               os_var.o
    0x2000007c   COMPRESSED   0x00000001   Data   RW         1798    .data               os_var.o
    0x2000007d   COMPRESSED   0x00000003   PAD
    0x20000080   COMPRESSED   0x00000004   Data   RW         1799    .data               os_var.o
    0x20000084   COMPRESSED   0x00000001   Data   RW         1800    .data               os_var.o
    0x20000085   COMPRESSED   0x00000003   PAD
    0x20000088   COMPRESSED   0x00000004   Data   RW         1801    .data               os_var.o
    0x2000008c   COMPRESSED   0x00000004   Data   RW         1802    .data               os_var.o
    0x20000090   COMPRESSED   0x00000002   Data   RW         1803    .data               os_var.o
    0x20000092   COMPRESSED   0x00000002   Data   RW         1804    .data               os_var.o
    0x20000094   COMPRESSED   0x00000002   Data   RW         1805    .data               os_var.o
    0x20000096   COMPRESSED   0x00000002   PAD
    0x20000098   COMPRESSED   0x00000004   Data   RW         1806    .data               os_var.o
    0x2000009c   COMPRESSED   0x00000004   Data   RW         1807    .data               os_var.o
    0x200000a0   COMPRESSED   0x00000002   Data   RW         1808    .data               os_var.o
    0x200000a2   COMPRESSED   0x00000002   PAD
    0x200000a4   COMPRESSED   0x00000004   Data   RW         1809    .data               os_var.o
    0x200000a8   COMPRESSED   0x00000002   Data   RW         1810    .data               os_var.o
    0x200000aa   COMPRESSED   0x00000002   PAD
    0x200000ac   COMPRESSED   0x00000004   Data   RW         1811    .data               os_var.o
    0x200000b0   COMPRESSED   0x00000002   Data   RW         1812    .data               os_var.o
    0x200000b2   COMPRESSED   0x00000001   Data   RW         1813    .data               os_var.o
    0x200000b3   COMPRESSED   0x00000001   Data   RW         1814    .data               os_var.o
    0x200000b4   COMPRESSED   0x00000001   Data   RW         1815    .data               os_var.o
    0x200000b5   COMPRESSED   0x00000003   PAD
    0x200000b8   COMPRESSED   0x00000004   Data   RW         1816    .data               os_var.o
    0x200000bc   COMPRESSED   0x00000002   Data   RW         1817    .data               os_var.o
    0x200000be   COMPRESSED   0x00000002   PAD
    0x200000c0   COMPRESSED   0x00000004   Data   RW         1818    .data               os_var.o
    0x200000c4   COMPRESSED   0x00000004   Data   RW         1819    .data               os_var.o
    0x200000c8   COMPRESSED   0x00000004   Data   RW         1820    .data               os_var.o
    0x200000cc   COMPRESSED   0x00000001   Data   RW         1821    .data               os_var.o
    0x200000cd   COMPRESSED   0x00000003   PAD
    0x200000d0   COMPRESSED   0x00000004   Data   RW         1822    .data               os_var.o
    0x200000d4   COMPRESSED   0x00000001   Data   RW         1823    .data               os_var.o
    0x200000d5   COMPRESSED   0x00000003   PAD
    0x200000d8   COMPRESSED   0x00000004   Data   RW         1824    .data               os_var.o
    0x200000dc   COMPRESSED   0x00000002   Data   RW         1825    .data               os_var.o
    0x200000de   COMPRESSED   0x00000001   Data   RW         1826    .data               os_var.o
    0x200000df   COMPRESSED   0x00000001   PAD
    0x200000e0   COMPRESSED   0x00000002   Data   RW         1827    .data               os_var.o
    0x200000e2   COMPRESSED   0x00000002   Data   RW         1828    .data               os_var.o
    0x200000e4   COMPRESSED   0x00000004   Data   RW         1829    .data               os_var.o
    0x200000e8   COMPRESSED   0x00000004   Data   RW         1830    .data               os_var.o
    0x200000ec   COMPRESSED   0x00000004   Data   RW         1831    .data               os_var.o
    0x200000f0   COMPRESSED   0x00000001   Data   RW         1832    .data               os_var.o
    0x200000f1   COMPRESSED   0x00000003   PAD
    0x200000f4   COMPRESSED   0x00000004   Data   RW         1833    .data               os_var.o
    0x200000f8   COMPRESSED   0x00000004   Data   RW         1834    .data               os_var.o
    0x200000fc   COMPRESSED   0x00000004   Data   RW         1835    .data               os_var.o
    0x20000100   COMPRESSED   0x00000002   Data   RW         1836    .data               os_var.o
    0x20000102   COMPRESSED   0x00000001   Data   RW         1837    .data               os_var.o
    0x20000103   COMPRESSED   0x00000001   PAD
    0x20000104   COMPRESSED   0x00000004   Data   RW         1838    .data               os_var.o
    0x20000108   COMPRESSED   0x00000004   Data   RW         1839    .data               os_var.o
    0x2000010c   COMPRESSED   0x00000004   Data   RW         1840    .data               os_var.o
    0x20000110   COMPRESSED   0x00000002   Data   RW         1841    .data               os_var.o
    0x20000112   COMPRESSED   0x00000002   PAD
    0x20000114   COMPRESSED   0x00000004   Data   RW         1842    .data               os_var.o
    0x20000118   COMPRESSED   0x00000004   Data   RW         1843    .data               os_var.o
    0x2000011c   COMPRESSED   0x00000004   Data   RW         1844    .data               os_var.o
    0x20000120   COMPRESSED   0x00000004   Data   RW         1845    .data               os_var.o
    0x20000124   COMPRESSED   0x00000004   Data   RW         1846    .data               os_var.o
    0x20000128   COMPRESSED   0x00000004   Data   RW         1847    .data               os_var.o
    0x2000012c   COMPRESSED   0x00000004   Data   RW         1867    .data               os_cpu_c.o
    0x20000130        -       0x00000f20   Zero   RW           14    .bss                main.o
    0x20001050        -       0x000000c8   Zero   RW         1348    .bss                usart1.o
    0x20001118        -       0x00000010   Zero   RW         1431    .bss                cpu_core.o
    0x20001128        -       0x00000448   Zero   RW         1509    .bss                lib_mem.o
    0x20001570        -       0x00000200   Zero   RW         1549    .bss                os_cfg_app.o
    0x20001770        -       0x00000140   Zero   RW         1550    .bss                os_cfg_app.o
    0x200018b0        -       0x00000200   Zero   RW         1551    .bss                os_cfg_app.o
    0x20001ab0        -       0x00000200   Zero   RW         1552    .bss                os_cfg_app.o
    0x20001cb0        -       0x00000640   Zero   RW         1553    .bss                os_cfg_app.o
    0x200022f0        -       0x00000200   Zero   RW         1554    .bss                os_cfg_app.o
    0x200024f0        -       0x00000200   Zero   RW         1555    .bss                os_cfg_app.o
    0x200026f0        -       0x00000088   Zero   RW         1556    .bss                os_cfg_app.o
    0x20002778        -       0x00000200   Zero   RW         1557    .bss                os_cfg_app.o
    0x20002978        -       0x00000088   Zero   RW         1558    .bss                os_cfg_app.o
    0x20002a00        -       0x000000c8   Zero   RW         1783    .bss                os_var.o
    0x20002ac8        -       0x000000c8   Zero   RW         1784    .bss                os_var.o
    0x20002b90        -       0x0000000c   Zero   RW         1785    .bss                os_var.o
    0x20002b9c        -       0x00000300   Zero   RW         1786    .bss                os_var.o
    0x20002e9c        -       0x000000c8   Zero   RW         1787    .bss                os_var.o
    0x20002f64        -       0x000000c8   Zero   RW         1788    .bss                os_var.o
    0x2000302c        -       0x000000c8   Zero   RW         1789    .bss                os_var.o
    0x200030f4        -       0x00000060   Zero   RW         2032    .bss                c_w.l(libspace.o)
    0x20003154   COMPRESSED   0x00000004   PAD
    0x20003158        -       0x00000200   Zero   RW            2    HEAP                startup_stm32f40_41xxx.o
    0x20003358        -       0x00000400   Zero   RW            1    STACK               startup_stm32f40_41xxx.o


==============================================================================

Image component sizes


      Code (inc. data)   RO Data    RW Data    ZI Data      Debug   Object Name

       104         14          0          0          0       1825   bsp.o
        52          0          0          0          0        328   cpu_a.o
       704         12        256         28         16      16714   cpu_core.o
       228         22          0          4          0       1443   delay.o
        88         10          0          0          0        551   led.o
       346          0          0          0          0       4494   lib_ascii.o
      1784         26          0          4       1096      22488   lib_mem.o
       544          0          0          0          0        476   lib_mem_a.o
      1448          4        148          0          0      12692   lib_str.o
       824        114          0          4       3872     305162   main.o
       176         12          0          0          0       2005   misc.o
         2          0        148          0       5264      20970   os_cfg_app.o
      2852        276          0          0          0      13543   os_core.o
       172         32          0          0          0        396   os_cpu_a.o
       632         64          0          4          0       3981   os_cpu_c.o
         2          0          0          0          0        498   os_dbg.o
      2332         90          0          0          0       8797   os_flag.o
       836        144          0          0          0       2692   os_int.o
       460         22          0          0          0       2816   os_mem.o
       392         14          0          0          0       3175   os_msg.o
      2192         96          0          0          0       6464   os_mutex.o
       112          6          0          8          0       1964   os_prio.o
      1872         64          0          0          0       6962   os_q.o
      1660         62          0          0          0       6846   os_sem.o
      1212        152          0          0          0       3173   os_stat.o
      4880        246          0          0          0      16306   os_task.o
       892         82          0          0          0       3803   os_tick.o
      1048         40          0          0          0       3665   os_time.o
      1700        136          0          0          0       6874   os_tmr.o
         0          0          0        178       1780      19457   os_var.o
        64         26        392          0       1536        868   startup_stm32f40_41xxx.o
       524         44          0          0          0       4533   stm32f4xx_gpio.o
        14          0          0          0          0       1035   stm32f4xx_it.o
      1152         48          0         16          0      13400   stm32f4xx_rcc.o
       856         32          0          0          0       8348   stm32f4xx_usart.o
        16          0          0          0          0        480   sys.o
       380         36          0         20          0       1935   system_stm32f4xx.o
       300         18          0          6        200       3370   usart1.o

    ----------------------------------------------------------------------
     32860       1944        976        304      13764     534529   Object Totals
         0          0         32          0          0          0   (incl. Generated)
         8          0          0         32          0          0   (incl. Padding)

    ----------------------------------------------------------------------

      Code (inc. data)   RO Data    RW Data    ZI Data      Debug   Library Member Name

        90          0          0          0          0          0   __dczerorl2.o
         8          0          0          0          0         68   __main.o
       284          0          0          0          0        156   __printf_wp.o
         0          0          0          0          0          0   __rtentry.o
        12          0          0          0          0          0   __rtentry2.o
         6          0          0          0          0          0   __rtentry4.o
        52          8          0          0          0          0   __scatter.o
        28          0          0          0          0          0   __scatter_zi.o
        48          6          0          0          0         96   _printf_char_common.o
        36          4          0          0          0         80   _printf_char_file.o
         6          0          0          0          0          0   _printf_f.o
      1054          0          0          0          0        216   _printf_fp_dec.o
       128         16          0          0          0         84   _printf_fp_infnan.o
         0          0          0          0          0          0   _printf_percent.o
         4          0          0          0          0          0   _printf_percent_end.o
       228          4        148          0          0         96   bigflt0.o
      1936        128          0          0          0        672   btod.o
        18          0          0          0          0         80   exit.o
         8          0          0          0          0         68   ferror.o
         6          0          0          0          0        152   heapauxi.o
        44         10         28          0          0         76   lc_numeric_c.o
         2          0          0          0          0          0   libinit.o
        22          0          0          0          0          0   libinit2.o
         2          0          0          0          0          0   libshutdown.o
         2          0          0          0          0          0   libshutdown2.o
         8          4          0          0         96         68   libspace.o
       138          0          0          0          0         80   lludiv10.o
       238          0          0          0          0        100   lludivv7m.o
        24          4          0          0          0         84   noretval__2printf.o
         8          4          0          0          0         68   rt_locale_intlibspace.o
         2          0          0          0          0          0   rtexit.o
        10          0          0          0          0          0   rtexit2.o
       128          0          0          0          0         68   strcmpv7m.o
        74          0          0          0          0         80   sys_stackheap_outer.o
         2          0          0          0          0         68   use_no_semi.o
         2          0          0          0          0         68   use_no_semi_2.o
        12          0          0          0          0        116   dretinf.o
        86          4          0          0          0        132   f2d.o
       140          4          0          0          0        132   fnaninf.o
        10          0          0          0          0        116   fpinit.o
         4          0          0          0          0        116   printf1.o
         0          0          0          0          0          0   usenofp.o
        48          0          0          0          0        124   fpclassify.o

    ----------------------------------------------------------------------
      4964        196        176          0        100       3264   Library Totals
         6          0          0          0          4          0   (incl. Padding)

    ----------------------------------------------------------------------

      Code (inc. data)   RO Data    RW Data    ZI Data      Debug   Library Name

      4658        188        176          0         96       2528   c_w.l
       252          8          0          0          0        612   fz_wm.l
        48          0          0          0          0        124   m_wm.l

    ----------------------------------------------------------------------
      4964        196        176          0        100       3264   Library Totals

    ----------------------------------------------------------------------

==============================================================================


      Code (inc. data)   RO Data    RW Data    ZI Data      Debug   

     37824       2140       1152        304      13864     528041   Grand Totals
     37824       2140       1152         28      13864     528041   ELF Image Totals (compressed)
     37824       2140       1152         28          0          0   ROM Totals

==============================================================================

    Total RO  Size (Code + RO Data)                38976 (  38.06kB)
    Total RW  Size (RW Data + ZI Data)             14168 (  13.84kB)
    Total ROM Size (Code + RO Data + RW Data)      39004 (  38.09kB)

==============================================================================

