Component: ARM Compiler 5.06 update 2 (build 183) Tool: armlink [4d35b7]

==============================================================================

Section Cross References

    startup_stm32f40_41xxx.o(STACK) refers (Special) to heapauxi.o(.text) for __use_two_region_memory
    startup_stm32f40_41xxx.o(HEAP) refers (Special) to heapauxi.o(.text) for __use_two_region_memory
    startup_stm32f40_41xxx.o(RESET) refers (Special) to heapauxi.o(.text) for __use_two_region_memory
    startup_stm32f40_41xxx.o(RESET) refers to startup_stm32f40_41xxx.o(STACK) for __initial_sp
    startup_stm32f40_41xxx.o(RESET) refers to startup_stm32f40_41xxx.o(.text) for Reset_Handler
    startup_stm32f40_41xxx.o(RESET) refers to stm32f4xx_it.o(.text) for NMI_Handler
    startup_stm32f40_41xxx.o(RESET) refers to os_cpu_a.o(CODE) for PendSV_Handler
    startup_stm32f40_41xxx.o(RESET) refers to delay.o(.text) for SysTick_Handler
    startup_stm32f40_41xxx.o(RESET) refers to usart1.o(.text) for USART1_IRQHandler
    startup_stm32f40_41xxx.o(.text) refers (Special) to heapauxi.o(.text) for __use_two_region_memory
    startup_stm32f40_41xxx.o(.text) refers to system_stm32f4xx.o(.text) for SystemInit
    startup_stm32f40_41xxx.o(.text) refers to __main.o(!!!main) for __main
    startup_stm32f40_41xxx.o(.text) refers to startup_stm32f40_41xxx.o(HEAP) for Heap_Mem
    startup_stm32f40_41xxx.o(.text) refers to startup_stm32f40_41xxx.o(STACK) for Stack_Mem
    main.o(.text) refers to _printf_percent.o(.ARM.Collect$$_printf_percent$$00000000) for _printf_percent
    main.o(.text) refers to _printf_f.o(.ARM.Collect$$_printf_percent$$00000003) for _printf_f
    main.o(.text) refers to printf1.o(x$fpl$printf1) for _printf_fp_dec
    main.o(.text) refers to cpu_a.o(.text) for CPU_SR_Save
    main.o(.text) refers to f2d.o(x$fpl$f2d) for __aeabi_f2d
    main.o(.text) refers to noretval__2printf.o(.text) for __2printf
    main.o(.text) refers to os_core.o(.text) for OS_Sched0
    main.o(.text) refers to delay.o(.text) for delay_ms
    main.o(.text) refers to os_time.o(.text) for OSTimeDlyHMSM
    main.o(.text) refers to cpu_core.o(.text) for CPU_Init
    main.o(.text) refers to os_stat.o(.text) for OSStatTaskCPUUsageInit
    main.o(.text) refers to os_task.o(.text) for OSTaskCreate
    main.o(.text) refers to usart1.o(.text) for uart_init
    main.o(.text) refers to misc.o(.text) for NVIC_PriorityGroupConfig
    main.o(.text) refers to sys.o(.emb_text) for INTX_DISABLE
    main.o(.text) refers to led.o(.text) for LED_Init
    main.o(.text) refers to main.o(.data) for .data
    main.o(.text) refers to os_var.o(.data) for OSSchedLockNestingCtr
    main.o(.text) refers to os_var.o(.data) for OSIntQNbrEntries
    main.o(.text) refers to main.o(.bss) for .bss
    system_stm32f4xx.o(.text) refers to system_stm32f4xx.o(.data) for .data
    stm32f4xx_adc.o(.text) refers to stm32f4xx_rcc.o(.text) for RCC_APB2PeriphResetCmd
    stm32f4xx_can.o(.text) refers to stm32f4xx_rcc.o(.text) for RCC_APB1PeriphResetCmd
    stm32f4xx_cryp.o(.text) refers to stm32f4xx_rcc.o(.text) for RCC_AHB2PeriphResetCmd
    stm32f4xx_cryp_aes.o(.text) refers to stm32f4xx_cryp.o(.text) for CRYP_KeyStructInit
    stm32f4xx_cryp_des.o(.text) refers to stm32f4xx_cryp.o(.text) for CRYP_KeyStructInit
    stm32f4xx_cryp_tdes.o(.text) refers to stm32f4xx_cryp.o(.text) for CRYP_KeyStructInit
    stm32f4xx_dac.o(.text) refers to stm32f4xx_rcc.o(.text) for RCC_APB1PeriphResetCmd
    stm32f4xx_dma2d.o(.text) refers to stm32f4xx_rcc.o(.text) for RCC_AHB1PeriphResetCmd
    stm32f4xx_fsmc.o(.text) refers to stm32f4xx_fsmc.o(.constdata) for .constdata
    stm32f4xx_gpio.o(.text) refers to stm32f4xx_rcc.o(.text) for RCC_AHB1PeriphResetCmd
    stm32f4xx_hash.o(.text) refers to stm32f4xx_rcc.o(.text) for RCC_AHB2PeriphResetCmd
    stm32f4xx_hash_md5.o(.text) refers to stm32f4xx_hash.o(.text) for HASH_DeInit
    stm32f4xx_hash_sha1.o(.text) refers to stm32f4xx_hash.o(.text) for HASH_DeInit
    stm32f4xx_i2c.o(.text) refers to stm32f4xx_rcc.o(.text) for RCC_APB1PeriphResetCmd
    stm32f4xx_ltdc.o(.text) refers to stm32f4xx_rcc.o(.text) for RCC_APB2PeriphResetCmd
    stm32f4xx_pwr.o(.text) refers to stm32f4xx_rcc.o(.text) for RCC_APB1PeriphResetCmd
    stm32f4xx_rcc.o(.text) refers to stm32f4xx_rcc.o(.data) for .data
    stm32f4xx_rng.o(.text) refers to stm32f4xx_rcc.o(.text) for RCC_AHB2PeriphResetCmd
    stm32f4xx_sai.o(.text) refers to stm32f4xx_rcc.o(.text) for RCC_APB2PeriphResetCmd
    stm32f4xx_sdio.o(.text) refers to stm32f4xx_rcc.o(.text) for RCC_APB2PeriphResetCmd
    stm32f4xx_spi.o(.text) refers to stm32f4xx_rcc.o(.text) for RCC_APB1PeriphResetCmd
    stm32f4xx_syscfg.o(.text) refers to stm32f4xx_rcc.o(.text) for RCC_APB2PeriphResetCmd
    stm32f4xx_tim.o(.text) refers to stm32f4xx_rcc.o(.text) for RCC_APB2PeriphResetCmd
    stm32f4xx_usart.o(.text) refers to stm32f4xx_rcc.o(.text) for RCC_APB2PeriphResetCmd
[...]
    __rt_entry_postsh_1                      0x08000229   Thumb Code     0  __rtentry2.o(.ARM.Collect$$rtentry$$00000009)
    __rt_entry_main                          0x0800022d   Thumb Code     0  __rtentry2.o(.ARM.Collect$$rtentry$$0000000D)
    __rt_entry_postli_1                      0x0800022d   Thumb Code     0  __rtentry2.o(.ARM.Collect$$rtentry$$0000000C)
    __rt_exit                                0x08000235   Thumb Code     0  rtexit.o(.ARM.Collect$$rtexit$$00000000)
    __rt_exit_ls                             0x08000237   Thumb Code     0  rtexit2.o(.ARM.Collect$$rtexit$$00000003)
    __rt_exit_prels_1                        0x08000237   Thumb Code     0  rtexit2.o(.ARM.Collect$$rtexit$$00000002)
    __rt_exit_exit                           0x0800023b   Thumb Code     0  rtexit2.o(.ARM.Collect$$rtexit$$00000004)
    WFI_SET                                  0x08000241   Thumb Code     2  sys.o(.emb_text)
    INTX_DISABLE                             0x08000243   Thumb Code     4  sys.o(.emb_text)
    INTX_ENABLE                              0x08000247   Thumb Code     4  sys.o(.emb_text)
    MSR_MSP                                  0x0800024b   Thumb Code     6  sys.o(.emb_text)
    Reset_Handler                            0x08000251   Thumb Code     8  startup_stm32f40_41xxx.o(.text)
    ADC_IRQHandler                           0x0800026b   Thumb Code     0  startup_stm32f40_41xxx.o(.text)
    CAN1_RX0_IRQHandler                      0x0800026b   Thumb Code     0  startup_stm32f40_41xxx.o(.text)
    CAN1_RX1_IRQHandler                      0x0800026b   Thumb Code     0  startup_stm32f40_41xxx.o(.text)
    CAN1_SCE_IRQHandler                      0x0800026b   Thumb Code     0  startup_stm32f40_41xxx.o(.text)
    CAN1_TX_IRQHandler                       0x0800026b   Thumb Code     0  startup_stm32f40_41xxx.o(.text)
    CAN2_RX0_IRQHandler                      0x0800026b   Thumb Code     0  startup_stm32f40_41xxx.o(.text)
    CAN2_RX1_IRQHandler                      0x0800026b   Thumb Code     0  startup_stm32f40_41xxx.o(.text)
    CAN2_SCE_IRQHandler                      0x0800026b   Thumb Code     0  startup_stm32f40_41xxx.o(.text)
    CAN2_TX_IRQHandler                       0x0800026b   Thumb Code     0  startup_stm32f40_41xxx.o(.text)
    CRYP_IRQHandler                          0x0800026b   Thumb Code     0  startup_stm32f40_41xxx.o(.text)
    DCMI_IRQHandler                          0x0800026b   Thumb Code     0  startup_stm32f40_41xxx.o(.text)
    DMA1_Stream0_IRQHandler                  0x0800026b   Thumb Code     0  startup_stm32f40_41xxx.o(.text)
    DMA1_Stream1_IRQHandler                  0x0800026b   Thumb Code     0  startup_stm32f40_41xxx.o(.text)
    DMA1_Stream2_IRQHandler                  0x0800026b   Thumb Code     0  startup_stm32f40_41xxx.o(.text)
    DMA1_Stream3_IRQHandler                  0x0800026b   Thumb Code     0  startup_stm32f40_41xxx.o(.text)
    DMA1_Stream4_IRQHandler                  0x0800026b   Thumb Code     0  startup_stm32f40_41xxx.o(.text)
    DMA1_Stream5_IRQHandler                  0x0800026b   Thumb Code     0  startup_stm32f40_41xxx.o(.text)
    DMA1_Stream6_IRQHandler                  0x0800026b   Thumb Code     0  startup_stm32f40_41xxx.o(.text)
    DMA1_Stream7_IRQHandler                  0x0800026b   Thumb Code     0  startup_stm32f40_41xxx.o(.text)
    DMA2_Stream0_IRQHandler                  0x0800026b   Thumb Code     0  startup_stm32f40_41xxx.o(.text)
    DMA2_Stream1_IRQHandler                  0x0800026b   Thumb Code     0  startup_stm32f40_41xxx.o(.text)
    DMA2_Stream2_IRQHandler                  0x0800026b   Thumb Code     0  startup_stm32f40_41xxx.o(.text)
    DMA2_Stream3_IRQHandler                  0x0800026b   Thumb Code     0  startup_stm32f40_41xxx.o(.text)
    DMA2_Stream4_IRQHandler                  0x0800026b   Thumb Code     0  startup_stm32f40_41xxx.o(.text)
    DMA2_Stream5_IRQHandler                  0x0800026b   Thumb Code     0  startup_stm32f40_41xxx.o(.text)
    DMA2_Stream6_IRQHandler                  0x0800026b   Thumb Code     0  startup_stm32f40_41xxx.o(.text)
    DMA2_Stream7_IRQHandler                  0x0800026b   Thumb Code     0  startup_stm32f40_41xxx.o(.text)
    ETH_IRQHandler                           0x0800026b   Thumb Code     0  startup_stm32f40_41xxx.o(.text)
    ETH_WKUP_IRQHandler                      0x0800026b   Thumb Code     0  startup_stm32f40_41xxx.o(.text)
    EXTI0_IRQHandler                         0x0800026b   Thumb Code     0  startup_stm32f40_41xxx.o(.text)
    EXTI15_10_IRQHandler                     0x0800026b   Thumb Code     0  startup_stm32f40_41xxx.o(.text)
    EXTI1_IRQHandler                         0x0800026b   Thumb Code     0  startup_stm32f40_41xxx.o(.text)
    EXTI2_IRQHandler                         0x0800026b   Thumb Code     0  startup_stm32f40_41xxx.o(.text)
    EXTI3_IRQHandler                         0x0800026b   Thumb Code     0  startup_stm32f40_41xxx.o(.text)
    EXTI4_IRQHandler                         0x0800026b   Thumb Code     0  startup_stm32f40_41xxx.o(.text)
    EXTI9_5_IRQHandler                       0x0800026b   Thumb Code     0  startup_stm32f40_41xxx.o(.text)
    FLASH_IRQHandler                         0x0800026b   Thumb Code     0  startup_stm32f40_41xxx.o(.text)
    FPU_IRQHandler                           0x0800026b   Thumb Code     0  startup_stm32f40_41xxx.o(.text)
    FSMC_IRQHandler                          0x0800026b   Thumb Code     0  startup_stm32f40_41xxx.o(.text)
    HASH_RNG_IRQHandler                      0x0800026b   Thumb Code     0  startup_stm32f40_41xxx.o(.text)
    I2C1_ER_IRQHandler                       0x0800026b   Thumb Code     0  startup_stm32f40_41xxx.o(.text)
    I2C1_EV_IRQHandler                       0x0800026b   Thumb Code     0  startup_stm32f40_41xxx.o(.text)
    I2C2_ER_IRQHandler                       0x0800026b   Thumb Code     0  startup_stm32f40_41xxx.o(.text)
    I2C2_EV_IRQHandler                       0x0800026b   Thumb Code     0  startup_stm32f40_41xxx.o(.text)
    I2C3_ER_IRQHandler                       0x0800026b   Thumb Code     0  startup_stm32f40_41xxx.o(.text)
    I2C3_EV_IRQHandler                       0x0800026b   Thumb Code     0  startup_stm32f40_41xxx.o(.text)
    OTG_FS_IRQHandler                        0x0800026b   Thumb Code     0  startup_stm32f40_41xxx.o(.text)
    OTG_FS_WKUP_IRQHandler                   0x0800026b   Thumb Code     0  startup_stm32f40_41xxx.o(.text)
    OTG_HS_EP1_IN_IRQHandler                 0x0800026b   Thumb Code     0  startup_stm32f40_41xxx.o(.text)
    OTG_HS_EP1_OUT_IRQHandler                0x0800026b   Thumb Code     0  startup_stm32f40_41xxx.o(.text)
    OTG_HS_IRQHandler                        0x0800026b   Thumb Code     0  startup_stm32f40_41xxx.o(.text)
    OTG_HS_WKUP_IRQHandler                   0x0800026b   Thumb Code     0  startup_stm32f40_41xxx.o(.text)
    PVD_IRQHandler                           0x0800026b   Thumb Code     0  startup_stm32f40_41xxx.o(.text)
    RCC_IRQHandler                           0x0800026b   Thumb Code     0  startup_stm32f40_41xxx.o(.text)
    RTC_Alarm_IRQHandler                     0x0800026b   Thumb Code     0  startup_stm32f40_41xxx.o(.text)
    RTC_WKUP_IRQHandler                      0x0800026b   Thumb Code     0  startup_stm32f40_41xxx.o(.text)
    SDIO_IRQHandler                          0x0800026b   Thumb Code     0  startup_stm32f40_41xxx.o(.text)
    SPI1_IRQHandler                          0x0800026b   Thumb Code     0  startup_stm32f40_41xxx.o(.text)
    SPI2_IRQHandler                          0x0800026b   Thumb Code     0  startup_stm32f40_41xxx.o(.text)
    SPI3_IRQHandler                          0x0800026b   Thumb Code     0  startup_stm32f40_41xxx.o(.text)
    TAMP_STAMP_IRQHandler                    0x0800026b   Thumb Code     0  startup_stm32f40_41xxx.o(.text)
    TIM1_BRK_TIM9_IRQHandler                 0x0800026b   Thumb Code     0  startup_stm32f40_41xxx.o(.text)
    TIM1_CC_IRQHandler                       0x0800026b   Thumb Code     0  startup_stm32f40_41xxx.o(.text)
    TIM1_TRG_COM_TIM11_IRQHandler            0x0800026b   Thumb Code     0  startup_stm32f40_41xxx.o(.text)
    TIM1_UP_TIM10_IRQHandler                 0x0800026b   Thumb Code     0  startup_stm32f40_41xxx.o(.text)
    TIM2_IRQHandler                          0x0800026b   Thumb Code     0  startup_stm32f40_41xxx.o(.text)
    TIM3_IRQHandler                          0x0800026b   Thumb Code     0  startup_stm32f40_41xxx.o(.text)
    TIM4_IRQHandler                          0x0800026b   Thumb Code     0  startup_stm32f40_41xxx.o(.text)
    TIM5_IRQHandler                          0x0800026b   Thumb Code     0  startup_stm32f40_41xxx.o(.text)
    TIM6_DAC_IRQHandler                      0x0800026b   Thumb Code     0  startup_stm32f40_41xxx.o(.text)
    TIM7_IRQHandler                          0x0800026b   Thumb Code     0  startup_stm32f40_41xxx.o(.text)
    TIM8_BRK_TIM12_IRQHandler                0x0800026b   Thumb Code     0  startup_stm32f40_41xxx.o(.text)
    TIM8_CC_IRQHandler                       0x0800026b   Thumb Code     0  startup_stm32f40_41xxx.o(.text)
    TIM8_TRG_COM_TIM14_IRQHandler            0x0800026b   Thumb Code     0  startup_stm32f40_41xxx.o(.text)
    TIM8_UP_TIM13_IRQHandler                 0x0800026b   Thumb Code     0  startup_stm32f40_41xxx.o(.text)
    UART4_IRQHandler                         0x0800026b   Thumb Code     0  startup_stm32f40_41xxx.o(.text)
    UART5_IRQHandler                         0x0800026b   Thumb Code     0  startup_stm32f40_41xxx.o(.text)
    USART2_IRQHandler                        0x0800026b   Thumb Code     0  startup_stm32f40_41xxx.o(.text)
    USART3_IRQHandler                        0x0800026b   Thumb Code     0  startup_stm32f40_41xxx.o(.text)
    USART6_IRQHandler                        0x0800026b   Thumb Code     0  startup_stm32f40_41xxx.o(.text)
    WWDG_IRQHandler                          0x0800026b   Thumb Code     0  startup_stm32f40_41xxx.o(.text)
    __user_initial_stackheap                 0x0800026d   Thumb Code     0  startup_stm32f40_41xxx.o(.text)
    float_task                               0x08000291   Thumb Code   106  main.o(.text)
    led1_task                                0x080002fb   Thumb Code    40  main.o(.text)
    led0_task                                0x08000323   Thumb Code    56  main.o(.text)
    start_task                               0x0800035b   Thumb Code   216  main.o(.text)
    main                                     0x08000433   Thumb Code   150  main.o(.text)
    NMI_Handler                              0x08000539   Thumb Code     2  stm32f4xx_it.o(.text)
    HardFault_Handler                        0x0800053b   Thumb Code     2  stm32f4xx_it.o(.text)
    MemManage_Handler                        0x0800053d   Thumb Code     2  stm32f4xx_it.o(.text)
    BusFault_Handler                         0x0800053f   Thumb Code     2  stm32f4xx_it.o(.text)
    UsageFault_Handler                       0x08000541   Thumb Code     2  stm32f4xx_it.o(.text)
    SVC_Handler                              0x08000543   Thumb Code     2  stm32f4xx_it.o(.text)
    DebugMon_Handler                         0x08000545   Thumb Code     2  stm32f4xx_it.o(.text)
    SystemInit                               0x080005eb   Thumb Code    74  system_stm32f4xx.o(.text)
    SystemCoreClockUpdate                    0x08000635   Thumb Code   108  system_stm32f4xx.o(.text)
    NVIC_PriorityGroupConfig                 0x080006c5   Thumb Code    10  misc.o(.text)
    NVIC_Init                                0x080006cf   Thumb Code    96  misc.o(.text)
    NVIC_SetVectorTable                      0x0800072f   Thumb Code    14  misc.o(.text)
    NVIC_SystemLPConfig                      0x0800073d   Thumb Code    20  misc.o(.text)
    SysTick_CLKSourceConfig                  0x08000751   Thumb Code    24  misc.o(.text)
    GPIO_DeInit                              0x08000775   Thumb Code   216  stm32f4xx_gpio.o(.text)
    GPIO_Init                                0x0800084d   Thumb Code   120  stm32f4xx_gpio.o(.text)
    GPIO_StructInit                          0x080008c5   Thumb Code    18  stm32f4xx_gpio.o(.text)
    GPIO_PinLockConfig                       0x080008d7   Thumb Code    24  stm32f4xx_gpio.o(.text)
    GPIO_ReadInputDataBit                    0x080008ef   Thumb Code    14  stm32f4xx_gpio.o(.text)
    GPIO_ReadInputData                       0x080008fd   Thumb Code     6  stm32f4xx_gpio.o(.text)
    GPIO_ReadOutputDataBit                   0x08000903   Thumb Code    14  stm32f4xx_gpio.o(.text)
    GPIO_ReadOutputData                      0x08000911   Thumb Code     6  stm32f4xx_gpio.o(.text)
    GPIO_SetBits                             0x08000917   Thumb Code     4  stm32f4xx_gpio.o(.text)
    GPIO_ResetBits                           0x0800091b   Thumb Code     4  stm32f4xx_gpio.o(.text)
    GPIO_WriteBit                            0x0800091f   Thumb Code    10  stm32f4xx_gpio.o(.text)
    GPIO_Write                               0x08000929   Thumb Code     4  stm32f4xx_gpio.o(.text)
    GPIO_ToggleBits                          0x0800092d   Thumb Code     8  stm32f4xx_gpio.o(.text)
    GPIO_PinAFConfig                         0x08000935   Thumb Code    32  stm32f4xx_gpio.o(.text)
    RCC_DeInit                               0x08000981   Thumb Code    68  stm32f4xx_rcc.o(.text)
    RCC_HSEConfig                            0x080009c5   Thumb Code    12  stm32f4xx_rcc.o(.text)
    RCC_GetFlagStatus                        0x080009d1   Thumb Code    46  stm32f4xx_rcc.o(.text)
    RCC_WaitForHSEStartUp                    0x080009ff   Thumb Code    44  stm32f4xx_rcc.o(.text)
    RCC_AdjustHSICalibrationValue            0x08000a2b   Thumb Code    16  stm32f4xx_rcc.o(.text)
    RCC_HSICmd                               0x08000a3b   Thumb Code     6  stm32f4xx_rcc.o(.text)
    RCC_LSEConfig                            0x08000a41   Thumb Code    24  stm32f4xx_rcc.o(.text)
    RCC_LSICmd                               0x08000a59   Thumb Code     6  stm32f4xx_rcc.o(.text)
    RCC_PLLConfig                            0x08000a5f   Thumb Code    32  stm32f4xx_rcc.o(.text)
    RCC_PLLCmd                               0x08000a7f   Thumb Code     6  stm32f4xx_rcc.o(.text)
    RCC_PLLI2SConfig                         0x08000a85   Thumb Code    14  stm32f4xx_rcc.o(.text)
    RCC_PLLI2SCmd                            0x08000a93   Thumb Code     6  stm32f4xx_rcc.o(.text)
    RCC_PLLSAIConfig                         0x08000a99   Thumb Code    18  stm32f4xx_rcc.o(.text)
    RCC_PLLSAICmd                            0x08000aab   Thumb Code     6  stm32f4xx_rcc.o(.text)
    RCC_ClockSecuritySystemCmd               0x08000ab1   Thumb Code     6  stm32f4xx_rcc.o(.text)
    RCC_MCO1Config                           0x08000ab7   Thumb Code    18  stm32f4xx_rcc.o(.text)
    RCC_MCO2Config                           0x08000ac9   Thumb Code    18  stm32f4xx_rcc.o(.text)
    RCC_SYSCLKConfig                         0x08000adb   Thumb Code    16  stm32f4xx_rcc.o(.text)
    RCC_GetSYSCLKSource                      0x08000aeb   Thumb Code    12  stm32f4xx_rcc.o(.text)
    RCC_HCLKConfig                           0x08000af7   Thumb Code    16  stm32f4xx_rcc.o(.text)
    RCC_PCLK1Config                          0x08000b07   Thumb Code    16  stm32f4xx_rcc.o(.text)
    RCC_PCLK2Config                          0x08000b17   Thumb Code    18  stm32f4xx_rcc.o(.text)
    RCC_GetClocksFreq                        0x08000b29   Thumb Code   134  stm32f4xx_rcc.o(.text)
    RCC_RTCCLKConfig                         0x08000baf   Thumb Code    42  stm32f4xx_rcc.o(.text)
    RCC_RTCCLKCmd                            0x08000bd9   Thumb Code     8  stm32f4xx_rcc.o(.text)
    RCC_BackupResetCmd                       0x08000be1   Thumb Code     8  stm32f4xx_rcc.o(.text)
    RCC_I2SCLKConfig                         0x08000be9   Thumb Code     8  stm32f4xx_rcc.o(.text)
    RCC_SAIPLLI2SClkDivConfig                0x08000bf1   Thumb Code    18  stm32f4xx_rcc.o(.text)
    RCC_SAIPLLSAIClkDivConfig                0x08000c03   Thumb Code    24  stm32f4xx_rcc.o(.text)
    RCC_SAIBlockACLKConfig                   0x08000c1b   Thumb Code    16  stm32f4xx_rcc.o(.text)
    RCC_SAIBlockBCLKConfig                   0x08000c2b   Thumb Code    16  stm32f4xx_rcc.o(.text)
    RCC_LTDCCLKDivConfig                     0x08000c3b   Thumb Code    16  stm32f4xx_rcc.o(.text)
    RCC_TIMCLKPresConfig                     0x08000c4b   Thumb Code     8  stm32f4xx_rcc.o(.text)
    RCC_AHB1PeriphClockCmd                   0x08000c53   Thumb Code    20  stm32f4xx_rcc.o(.text)
    RCC_AHB2PeriphClockCmd                   0x08000c67   Thumb Code    20  stm32f4xx_rcc.o(.text)
    RCC_AHB3PeriphClockCmd                   0x08000c7b   Thumb Code    20  stm32f4xx_rcc.o(.text)
    RCC_APB1PeriphClockCmd                   0x08000c8f   Thumb Code    20  stm32f4xx_rcc.o(.text)
    RCC_APB2PeriphClockCmd                   0x08000ca3   Thumb Code    20  stm32f4xx_rcc.o(.text)
    RCC_AHB1PeriphResetCmd                   0x08000cb7   Thumb Code    20  stm32f4xx_rcc.o(.text)
    RCC_AHB2PeriphResetCmd                   0x08000ccb   Thumb Code    20  stm32f4xx_rcc.o(.text)
    RCC_AHB3PeriphResetCmd                   0x08000cdf   Thumb Code    20  stm32f4xx_rcc.o(.text)
    RCC_APB1PeriphResetCmd                   0x08000cf3   Thumb Code    20  stm32f4xx_rcc.o(.text)
    RCC_APB2PeriphResetCmd                   0x08000d07   Thumb Code    20  stm32f4xx_rcc.o(.text)
    RCC_AHB1PeriphClockLPModeCmd             0x08000d1b   Thumb Code    20  stm32f4xx_rcc.o(.text)
    RCC_AHB2PeriphClockLPModeCmd             0x08000d2f   Thumb Code    20  stm32f4xx_rcc.o(.text)
    RCC_AHB3PeriphClockLPModeCmd             0x08000d43   Thumb Code    20  stm32f4xx_rcc.o(.text)
    RCC_APB1PeriphClockLPModeCmd             0x08000d57   Thumb Code    64  stm32f4xx_rcc.o(.text)
    RCC_APB2PeriphClockLPModeCmd             0x08000d97   Thumb Code    18  stm32f4xx_rcc.o(.text)
    RCC_LSEModeConfig                        0x08000da9   Thumb Code    24  stm32f4xx_rcc.o(.text)
    RCC_ITConfig                             0x08000dc1   Thumb Code    20  stm32f4xx_rcc.o(.text)
    RCC_ClearFlag                            0x08000dd5   Thumb Code    14  stm32f4xx_rcc.o(.text)
    RCC_GetITStatus                          0x08000de3   Thumb Code    18  stm32f4xx_rcc.o(.text)
    RCC_ClearITPendingBit                    0x08000df5   Thumb Code     8  stm32f4xx_rcc.o(.text)
    USART_DeInit                             0x08000e01   Thumb Code   138  stm32f4xx_usart.o(.text)
    USART_Init                               0x08000e8b   Thumb Code   164  stm32f4xx_usart.o(.text)
    USART_StructInit                         0x08000f2f   Thumb Code    22  stm32f4xx_usart.o(.text)
    USART_ClockInit                          0x08000f45   Thumb Code    28  stm32f4xx_usart.o(.text)
    USART_ClockStructInit                    0x08000f61   Thumb Code    12  stm32f4xx_usart.o(.text)
    USART_Cmd                                0x08000f6d   Thumb Code    20  stm32f4xx_usart.o(.text)
    USART_SetPrescaler                       0x08000f81   Thumb Code    16  stm32f4xx_usart.o(.text)
    USART_OverSampling8Cmd                   0x08000f91   Thumb Code    20  stm32f4xx_usart.o(.text)
    USART_OneBitMethodCmd                    0x08000fa5   Thumb Code    20  stm32f4xx_usart.o(.text)
    USART_SendData                           0x08000fb9   Thumb Code     8  stm32f4xx_usart.o(.text)
    USART_ReceiveData                        0x08000fc1   Thumb Code     8  stm32f4xx_usart.o(.text)
    USART_SetAddress                         0x08000fc9   Thumb Code    16  stm32f4xx_usart.o(.text)
    USART_ReceiverWakeUpCmd                  0x08000fd9   Thumb Code    20  stm32f4xx_usart.o(.text)
    USART_WakeUpConfig                       0x08000fed   Thumb Code    16  stm32f4xx_usart.o(.text)
    USART_LINBreakDetectLengthConfig         0x08000ffd   Thumb Code    16  stm32f4xx_usart.o(.text)
    USART_LINCmd                             0x0800100d   Thumb Code    20  stm32f4xx_usart.o(.text)
    USART_SendBreak                          0x08001021   Thumb Code    10  stm32f4xx_usart.o(.text)
    USART_HalfDuplexCmd                      0x0800102b   Thumb Code    20  stm32f4xx_usart.o(.text)
    USART_SetGuardTime                       0x0800103f   Thumb Code    16  stm32f4xx_usart.o(.text)
    USART_SmartCardCmd                       0x0800104f   Thumb Code    20  stm32f4xx_usart.o(.text)
    USART_SmartCardNACKCmd                   0x08001063   Thumb Code    20  stm32f4xx_usart.o(.text)
    USART_IrDAConfig                         0x08001077   Thumb Code    16  stm32f4xx_usart.o(.text)
    USART_IrDACmd                            0x08001087   Thumb Code    20  stm32f4xx_usart.o(.text)
    USART_DMACmd                             0x0800109b   Thumb Code    16  stm32f4xx_usart.o(.text)
    USART_ITConfig                           0x080010ab   Thumb Code    48  stm32f4xx_usart.o(.text)
    USART_GetFlagStatus                      0x080010db   Thumb Code    14  stm32f4xx_usart.o(.text)
    USART_ClearFlag                          0x080010e9   Thumb Code     6  stm32f4xx_usart.o(.text)
    USART_GetITStatus                        0x080010ef   Thumb Code    62  stm32f4xx_usart.o(.text)
    USART_ClearITPendingBit                  0x0800112d   Thumb Code    12  stm32f4xx_usart.o(.text)
    LED_Init                                 0x08001159   Thumb Code    78  led.o(.text)
    SysTick_Handler                          0x080011b1   Thumb Code    18  delay.o(.text)
    delay_init                               0x080011c3   Thumb Code    66  delay.o(.text)
    delay_us                                 0x08001205   Thumb Code    62  delay.o(.text)
    delay_ms                                 0x08001243   Thumb Code    60  delay.o(.text)
    _sys_exit                                0x08001295   Thumb Code     2  usart1.o(.text)
    fputc                                    0x08001297   Thumb Code    14  usart1.o(.text)
    uart_init                                0x080012a5   Thumb Code   172  usart1.o(.text)
    USART1_IRQHandler                        0x08001351   Thumb Code    94  usart1.o(.text)
    BSP_CPU_ClkFreq                          0x080013c1   Thumb Code    14  bsp.o(.text)
    CPU_TS_TmrInit                           0x080013cf   Thumb Code    38  bsp.o(.text)
    CPU_TS_TmrRd                             0x080013f5   Thumb Code     6  bsp.o(.text)
    CPU_TS32_to_uSec                         0x080013fb   Thumb Code    32  bsp.o(.text)
    CPU_NameClr                              0x08001429   Thumb Code    26  cpu_core.o(.text)
    CPU_Init                                 0x08001443   Thumb Code    18  cpu_core.o(.text)
    CPU_SW_Exception                         0x08001455   Thumb Code     2  cpu_core.o(.text)
    CPU_NameGet                              0x08001457   Thumb Code    46  cpu_core.o(.text)
    CPU_NameSet                              0x08001485   Thumb Code    62  cpu_core.o(.text)
    CPU_TS_Get32                             0x080014c3   Thumb Code     4  cpu_core.o(.text)
    CPU_TS_Update                            0x080014c7   Thumb Code     2  cpu_core.o(.text)
    CPU_TS_TmrFreqGet                        0x080014c9   Thumb Code    24  cpu_core.o(.text)
    CPU_TS_TmrFreqSet                        0x080014e1   Thumb Code     6  cpu_core.o(.text)
    CPU_CntLeadZeros08                       0x080014e7   Thumb Code    10  cpu_core.o(.text)
    CPU_CntLeadZeros16                       0x080014f1   Thumb Code    10  cpu_core.o(.text)
    CPU_CntLeadZeros32                       0x080014fb   Thumb Code     4  cpu_core.o(.text)
    CPU_CntLeadZeros64                       0x080014ff   Thumb Code   152  cpu_core.o(.text)
    CPU_CntTrailZeros08                      0x08001597   Thumb Code    10  cpu_core.o(.text)
    CPU_CntTrailZeros16                      0x080015a1   Thumb Code    10  cpu_core.o(.text)
    CPU_CntTrailZeros32                      0x080015ab   Thumb Code    10  cpu_core.o(.text)
    CPU_CntTrailZeros64                      0x080015b5   Thumb Code    36  cpu_core.o(.text)
    CPU_IntDis                               0x080015e5   Thumb Code     0  cpu_a.o(.text)
    CPU_IntEn                                0x080015e9   Thumb Code     0  cpu_a.o(.text)
    CPU_SR_Save                              0x080015ed   Thumb Code     0  cpu_a.o(.text)
    CPU_SR_Restore                           0x080015f5   Thumb Code     0  cpu_a.o(.text)
    CPU_WaitForInt                           0x080015fb   Thumb Code     0  cpu_a.o(.text)
    CPU_WaitForExcept                        0x080015ff   Thumb Code     0  cpu_a.o(.text)
    CPU_CntLeadZeros                         0x08001603   Thumb Code     0  cpu_a.o(.text)
    CPU_CntTrailZeros                        0x08001609   Thumb Code     0  cpu_a.o(.text)
    CPU_RevBits                              0x08001613   Thumb Code     0  cpu_a.o(.text)
    ASCII_IsAlpha                            0x08001619   Thumb Code    22  lib_ascii.o(.text)
    ASCII_IsAlphaNum                         0x0800162f   Thumb Code    28  lib_ascii.o(.text)
    ASCII_IsLower                            0x0800164b   Thumb Code    14  lib_ascii.o(.text)
    ASCII_IsUpper                            0x08001659   Thumb Code    14  lib_ascii.o(.text)
    ASCII_IsDig                              0x08001667   Thumb Code    14  lib_ascii.o(.text)
    ASCII_IsDigOct                           0x08001675   Thumb Code    14  lib_ascii.o(.text)
    ASCII_IsDigHex                           0x08001683   Thumb Code    28  lib_ascii.o(.text)
    ASCII_IsBlank                            0x0800169f   Thumb Code    16  lib_ascii.o(.text)
    ASCII_IsSpace                            0x080016af   Thumb Code    32  lib_ascii.o(.text)
    ASCII_IsPrint                            0x080016cf   Thumb Code    14  lib_ascii.o(.text)
    ASCII_IsGraph                            0x080016dd   Thumb Code    14  lib_ascii.o(.text)
    ASCII_IsPunct                            0x080016eb   Thumb Code    58  lib_ascii.o(.text)
    ASCII_IsCtrl                             0x08001725   Thumb Code    22  lib_ascii.o(.text)
    ASCII_ToLower                            0x0800173b   Thumb Code    14  lib_ascii.o(.text)
    ASCII_ToUpper                            0x08001749   Thumb Code    14  lib_ascii.o(.text)
    ASCII_Cmp                                0x08001757   Thumb Code    28  lib_ascii.o(.text)
    Mem_Init                                 0x08001775   Thumb Code    54  lib_mem.o(.text)
    Mem_Set                                  0x080017ab   Thumb Code    62  lib_mem.o(.text)
    Mem_Clr                                  0x080017e9   Thumb Code     6  lib_mem.o(.text)
    Mem_Move                                 0x080017ef   Thumb Code   116  lib_mem.o(.text)
    Mem_Cmp                                  0x08001863   Thumb Code   126  lib_mem.o(.text)
    Mem_HeapAlloc                            0x08001939   Thumb Code   114  lib_mem.o(.text)
    Mem_SegGetSizeRem                        0x080019ab   Thumb Code    60  lib_mem.o(.text)
    Mem_HeapGetSizeRem                       0x080019e7   Thumb Code     8  lib_mem.o(.text)
    Mem_PoolClr                              0x080019ef   Thumb Code    56  lib_mem.o(.text)
    Mem_PoolCreate                           0x08001a27   Thumb Code   582  lib_mem.o(.text)
    Mem_PoolBlkGetNbrAvail                   0x08001c6d   Thumb Code    26  lib_mem.o(.text)
    Mem_PoolBlkGet                           0x08001c87   Thumb Code    68  lib_mem.o(.text)
    Mem_PoolBlkGetUsedAtIx                   0x08001ccb   Thumb Code    62  lib_mem.o(.text)
    Mem_PoolBlkFree                          0x08001d09   Thumb Code   100  lib_mem.o(.text)
    Mem_PoolBlkIxGet                         0x08001d6d   Thumb Code   104  lib_mem.o(.text)
    Str_Len_N                                0x08001ddd   Thumb Code    22  lib_str.o(.text)
    Str_Len                                  0x08001df3   Thumb Code     6  lib_str.o(.text)
    Str_Copy_N                               0x08001df9   Thumb Code    48  lib_str.o(.text)
    Str_Copy                                 0x08001e29   Thumb Code     6  lib_str.o(.text)
    Str_Cat_N                                0x08001e2f   Thumb Code    58  lib_str.o(.text)
    Str_Cat                                  0x08001e69   Thumb Code     6  lib_str.o(.text)
    Str_Cmp_N                                0x08001e6f   Thumb Code    86  lib_str.o(.text)
    Str_Cmp                                  0x08001ec5   Thumb Code     6  lib_str.o(.text)
    Str_CmpIgnoreCase_N                      0x08001ecb   Thumb Code   146  lib_str.o(.text)
    Str_CmpIgnoreCase                        0x08001f5d   Thumb Code     6  lib_str.o(.text)
    Str_Char_N                               0x08001f63   Thumb Code    46  lib_str.o(.text)
    Str_Char                                 0x08001f91   Thumb Code     8  lib_str.o(.text)
    Str_Char_Last_N                          0x08001f99   Thumb Code    44  lib_str.o(.text)
    Str_Char_Last                            0x08001fc5   Thumb Code     8  lib_str.o(.text)
    Str_Char_Replace_N                       0x08001fcd   Thumb Code    40  lib_str.o(.text)
    Str_Char_Replace                         0x08001ff5   Thumb Code     6  lib_str.o(.text)
    Str_Str_N                                0x08001ffb   Thumb Code   120  lib_str.o(.text)
    Str_Str                                  0x08002073   Thumb Code     6  lib_str.o(.text)
    Str_FmtNbr_Int32U                        0x080021d1   Thumb Code    24  lib_str.o(.text)
    Str_FmtNbr_Int32S                        0x080021e9   Thumb Code    40  lib_str.o(.text)
    Str_ParseNbr_Int32U                      0x0800234b   Thumb Code    12  lib_str.o(.text)
    Str_ParseNbr_Int32S                      0x08002357   Thumb Code    42  lib_str.o(.text)
    Mem_Copy                                 0x08002385   Thumb Code     0  lib_mem_a.o(.text)
    OSCfg_Init                               0x080025a5   Thumb Code     2  os_cfg_app.o(.text)
    OS_IdleTask                              0x080025a9   Thumb Code    30  os_core.o(.text)
    OS_IdleTaskInit                          0x080025c7   Thumb Code    62  os_core.o(.text)
    OS_RdyListInit                           0x08002605   Thumb Code    30  os_core.o(.text)
    OSInit                                   0x08002623   Thumb Code   290  os_core.o(.text)
    OSIntEnter                               0x08002745   Thumb Code    22  os_core.o(.text)
    OSIntExit                                0x0800275b   Thumb Code   100  os_core.o(.text)
    OSSched                                  0x080027bf   Thumb Code    86  os_core.o(.text)
    OS_SchedLockTimeMeasStart                0x08002815   Thumb Code    20  os_core.o(.text)
    OSSchedLock                              0x08002829   Thumb Code    72  os_core.o(.text)
    OS_SchedLockTimeMeasStop                 0x08002871   Thumb Code    42  os_core.o(.text)
    OSSchedUnlock                            0x0800289b   Thumb Code    92  os_core.o(.text)
    OSSchedRoundRobinCfg                     0x080028f7   Thumb Code    60  os_core.o(.text)
    OS_RdyListMoveHeadToTail                 0x08002933   Thumb Code    52  os_core.o(.text)
    OSSchedRoundRobinYield                   0x08002967   Thumb Code   264  os_core.o(.text)
    OSStart                                  0x08002a6f   Thumb Code    62  os_core.o(.text)
    OSVersion                                0x08002aad   Thumb Code    10  os_core.o(.text)
    OS_PendDbgNameAdd                        0x08002ab7   Thumb Code    46  os_core.o(.text)
    OS_PendListInsertPrio                    0x08002ae5   Thumb Code    90  os_core.o(.text)
    OS_PendDataInit                          0x08002b3f   Thumb Code    48  os_core.o(.text)
    OS_RdyListRemove                         0x08002b6f   Thumb Code    78  os_core.o(.text)
    OS_TaskBlock                             0x08002bbd   Thumb Code    42  os_core.o(.text)
    OS_Pend                                  0x08002be7   Thumb Code    72  os_core.o(.text)
    OS_PendListRemove1                       0x08002c2f   Thumb Code    54  os_core.o(.text)
    OS_PendListRemove                        0x08002c65   Thumb Code    38  os_core.o(.text)
    OS_PendAbort1                            0x08002c8b   Thumb Code    32  os_core.o(.text)
    OS_RdyListInsertHead                     0x08002cab   Thumb Code    52  os_core.o(.text)
    OS_RdyListInsertTail                     0x08002cdf   Thumb Code    48  os_core.o(.text)
    OS_RdyListInsert                         0x08002d0f   Thumb Code    38  os_core.o(.text)
    OS_TaskRdy                               0x08002d35   Thumb Code    26  os_core.o(.text)
    OS_PendAbort                             0x08002d4f   Thumb Code   134  os_core.o(.text)
    OS_PendDbgNameRemove                     0x08002dd5   Thumb Code    22  os_core.o(.text)
    OS_PendListChangePrio                    0x08002deb   Thumb Code   112  os_core.o(.text)
    OS_PendListInit                          0x08002e5b   Thumb Code    10  os_core.o(.text)
    OS_PendListInsertHead                    0x08002e65   Thumb Code    32  os_core.o(.text)
    OS_PendObjDel1                           0x08002e85   Thumb Code    32  os_core.o(.text)
    OS_PendObjDel                            0x08002ea5   Thumb Code   126  os_core.o(.text)
    OS_Post1                                 0x08002f23   Thumb Code    38  os_core.o(.text)
    OS_Post                                  0x08002f49   Thumb Code   152  os_core.o(.text)
    OS_Sched0                                0x08002fe1   Thumb Code    50  os_core.o(.text)
    OS_SchedRoundRobin                       0x08003013   Thumb Code    80  os_core.o(.text)
    OS_Dbg_Init                              0x08003085   Thumb Code     2  os_dbg.o(.text)
    OS_FlagDbgListAdd                        0x08003089   Thumb Code    26  os_flag.o(.text)
    OSFlagCreate                             0x080030a3   Thumb Code   104  os_flag.o(.text)
    OS_FlagClr                               0x0800310b   Thumb Code    16  os_flag.o(.text)
    OS_FlagDbgListRemove                     0x0800311b   Thumb Code    36  os_flag.o(.text)
    OSFlagDel                                0x0800313f   Thumb Code   344  os_flag.o(.text)
    OS_FlagBlock                             0x08003297   Thumb Code    28  os_flag.o(.text)
    OSFlagPend                               0x080032b3   Thumb Code   584  os_flag.o(.text)
    OSFlagPendAbort                          0x080034fb   Thumb Code   196  os_flag.o(.text)
    OSFlagPendGetFlagsRdy                    0x080035bf   Thumb Code    44  os_flag.o(.text)
    OS_FlagTaskRdy                           0x080035eb   Thumb Code    68  os_flag.o(.text)
    OS_FlagPost                              0x0800362f   Thumb Code   294  os_flag.o(.text)
    OSFlagPost                               0x08003755   Thumb Code   114  os_flag.o(.text)
    OS_FlagInit                              0x080037c7   Thumb Code    14  os_flag.o(.text)
    OS_IntQPost                              0x080037f1   Thumb Code   138  os_int.o(.text)
    OS_IntQRePost                            0x0800387b   Thumb Code   224  os_int.o(.text)
    OS_IntQTask                              0x0800395b   Thumb Code   106  os_int.o(.text)
    OS_IntQTaskInit                          0x080039c5   Thumb Code   194  os_int.o(.text)
    OS_MemDbgListAdd                         0x08003b19   Thumb Code    22  os_mem.o(.text)
    OSMemCreate                              0x08003b2f   Thumb Code   186  os_mem.o(.text)
    OSMemGet                                 0x08003be9   Thumb Code    60  os_mem.o(.text)
    OSMemPut                                 0x08003c25   Thumb Code    70  os_mem.o(.text)
    OS_MemInit                               0x08003c6b   Thumb Code    14  os_mem.o(.text)
    OS_MsgPoolCreate                         0x08003c8d   Thumb Code    48  os_msg.o(.text)
    OS_MsgPoolInit                           0x08003cbd   Thumb Code    58  os_msg.o(.text)
    OS_MsgQFreeAll                           0x08003cf7   Thumb Code    48  os_msg.o(.text)
    OS_MsgQInit                              0x08003d27   Thumb Code    14  os_msg.o(.text)
    OS_MsgQGet                               0x08003d35   Thumb Code    82  os_msg.o(.text)
    OS_MsgQPut                               0x08003d87   Thumb Code   128  os_msg.o(.text)
    OS_MutexDbgListAdd                       0x08003e15   Thumb Code    26  os_mutex.o(.text)
    OSMutexCreate                            0x08003e2f   Thumb Code   112  os_mutex.o(.text)
    OS_MutexClr                              0x08003e9f   Thumb Code    24  os_mutex.o(.text)
    OS_MutexDbgListRemove                    0x08003eb7   Thumb Code    36  os_mutex.o(.text)
    OSMutexDel                               0x08003edb   Thumb Code   470  os_mutex.o(.text)
    OSMutexPend                              0x080040b1   Thumb Code   490  os_mutex.o(.text)
    OSMutexPendAbort                         0x0800429b   Thumb Code   196  os_mutex.o(.text)
    OSMutexPost                              0x0800435f   Thumb Code   364  os_mutex.o(.text)
    OS_MutexInit                             0x080044cb   Thumb Code    14  os_mutex.o(.text)
    OS_PrioInit                              0x080044f9   Thumb Code    18  os_prio.o(.text)
    OS_PrioGetHighest                        0x0800450b   Thumb Code    32  os_prio.o(.text)
    OS_PrioInsert                            0x0800452b   Thumb Code    28  os_prio.o(.text)
    OS_PrioRemove                            0x08004547   Thumb Code    28  os_prio.o(.text)
    OS_QDbgListAdd                           0x08004569   Thumb Code    26  os_q.o(.text)
    OSQCreate                                0x08004583   Thumb Code   118  os_q.o(.text)
    OS_QClr                                  0x080045f9   Thumb Code    40  os_q.o(.text)
    OS_QDbgListRemove                        0x08004621   Thumb Code    36  os_q.o(.text)
    OSQDel                                   0x08004645   Thumb Code   256  os_q.o(.text)
    OSQFlush                                 0x08004745   Thumb Code   116  os_q.o(.text)
    OSQPend                                  0x080047b9   Thumb Code   344  os_q.o(.text)
    OSQPendAbort                             0x08004911   Thumb Code   236  os_q.o(.text)
    OS_QPost                                 0x080049fd   Thumb Code   194  os_q.o(.text)
    OSQPost                                  0x08004abf   Thumb Code   146  os_q.o(.text)
    OS_QInit                                 0x08004b51   Thumb Code    14  os_q.o(.text)
    OS_SemDbgListAdd                         0x08004b79   Thumb Code    26  os_sem.o(.text)
    OSSemCreate                              0x08004b93   Thumb Code   104  os_sem.o(.text)
    OS_SemClr                                0x08004bfb   Thumb Code    22  os_sem.o(.text)
    OS_SemDbgListRemove                      0x08004c11   Thumb Code    36  os_sem.o(.text)
    OSSemDel                                 0x08004c35   Thumb Code   256  os_sem.o(.text)
    OSSemPend                                0x08004d35   Thumb Code   298  os_sem.o(.text)
    OSSemPendAbort                           0x08004e5f   Thumb Code   196  os_sem.o(.text)
    OS_SemPost                               0x08004f23   Thumb Code   202  os_sem.o(.text)
    OSSemPost                                0x08004fed   Thumb Code   114  os_sem.o(.text)
    OSSemSet                                 0x0800505f   Thumb Code    78  os_sem.o(.text)
    OS_SemInit                               0x080050ad   Thumb Code    14  os_sem.o(.text)
    OSStatReset                              0x080050cd   Thumb Code   150  os_stat.o(.text)
    OSStatTaskCPUUsageInit                   0x08005163   Thumb Code   126  os_stat.o(.text)
    OS_StatTask                              0x080051e1   Thumb Code   482  os_stat.o(.text)
    OS_StatTaskInit                          0x080053c3   Thumb Code   120  os_stat.o(.text)
    OSTaskChangePrio                         0x080054cd   Thumb Code   240  os_task.o(.text)
    OS_TaskDbgListAdd                        0x080055bd   Thumb Code    30  os_task.o(.text)
    OS_TaskInitTCB                           0x080055db   Thumb Code   180  os_task.o(.text)
    OSTaskCreate                             0x0800568f   Thumb Code   400  os_task.o(.text)
    OS_TaskDbgListRemove                     0x0800581f   Thumb Code    50  os_task.o(.text)
    OSTaskDel                                0x08005851   Thumb Code   310  os_task.o(.text)
    OSTaskQFlush                             0x08005987   Thumb Code   106  os_task.o(.text)
    OSTaskQPend                              0x080059f1   Thumb Code   328  os_task.o(.text)
    OSTaskQPendAbort                         0x08005b39   Thumb Code   140  os_task.o(.text)
    OS_TaskQPost                             0x08005bc5   Thumb Code   222  os_task.o(.text)
    OSTaskQPost                              0x08005ca3   Thumb Code    96  os_task.o(.text)
    OSTaskRegGet                             0x08005d03   Thumb Code    66  os_task.o(.text)
    OSTaskRegGetID                           0x08005d45   Thumb Code    42  os_task.o(.text)
    OSTaskRegSet                             0x08005d6f   Thumb Code    40  os_task.o(.text)
    OS_TaskResume                            0x08005d97   Thumb Code   184  os_task.o(.text)
    OSTaskResume                             0x08005e4f   Thumb Code    78  os_task.o(.text)
    OSTaskSemPend                            0x08005e9d   Thumb Code   300  os_task.o(.text)
    OSTaskSemPendAbort                       0x08005fc9   Thumb Code   148  os_task.o(.text)
    OS_TaskSemPost                           0x0800605d   Thumb Code   284  os_task.o(.text)
    OSTaskSemPost                            0x08006179   Thumb Code    78  os_task.o(.text)
    OSTaskSemSet                             0x080061c7   Thumb Code    52  os_task.o(.text)
    OSTaskStkChk                             0x080061fb   Thumb Code   136  os_task.o(.text)
    OS_TaskSuspend                           0x08006283   Thumb Code   158  os_task.o(.text)
    OSTaskSuspend                            0x08006321   Thumb Code    64  os_task.o(.text)
    OSTaskTimeQuantaSet                      0x08006361   Thumb Code    68  os_task.o(.text)
    OS_TaskInit                              0x080063a5   Thumb Code    18  os_task.o(.text)
    OS_TaskReturn                            0x080063b7   Thumb Code    20  os_task.o(.text)
    OS_TickListRemove                        0x080063f9   Thumb Code    54  os_tick.o(.text)
    OS_TickListUpdate                        0x0800642f   Thumb Code   304  os_tick.o(.text)
    OS_TickTask                              0x0800655f   Thumb Code    36  os_tick.o(.text)
    OS_TickListInit                          0x08006583   Thumb Code    34  os_tick.o(.text)
    OS_TickTaskInit                          0x080065a5   Thumb Code   114  os_tick.o(.text)
    OS_TickListInsert                        0x08006617   Thumb Code   202  os_tick.o(.text)
    OS_TickListResetPeak                     0x080066e1   Thumb Code    30  os_tick.o(.text)
    OSTimeDly                                0x08006749   Thumb Code   158  os_time.o(.text)
    OSTimeDlyHMSM                            0x080067e7   Thumb Code   308  os_time.o(.text)
    OSTimeDlyResume                          0x0800691b   Thumb Code   184  os_time.o(.text)
    OSTimeGet                                0x080069d3   Thumb Code    24  os_time.o(.text)
    OSTimeSet                                0x080069eb   Thumb Code    24  os_time.o(.text)
    OSTimeTick                               0x08006a03   Thumb Code    52  os_time.o(.text)
    OS_TmrDbgListAdd                         0x08006a59   Thumb Code    22  os_tmr.o(.text)
    OSTmrCreate                              0x08006a6f   Thumb Code   168  os_tmr.o(.text)
    OS_TmrClr                                0x08006b17   Thumb Code    34  os_tmr.o(.text)
    OS_TmrUnlink                             0x08006b39   Thumb Code    68  os_tmr.o(.text)
    OS_TmrDbgListRemove                      0x08006b7d   Thumb Code    36  os_tmr.o(.text)
    OSTmrDel                                 0x08006ba1   Thumb Code   134  os_tmr.o(.text)
    OSTmrRemainGet                           0x08006c27   Thumb Code   140  os_tmr.o(.text)
    OS_TmrLink                               0x08006cb3   Thumb Code   140  os_tmr.o(.text)
    OSTmrStart                               0x08006d3f   Thumb Code   122  os_tmr.o(.text)
    OSTmrStateGet                            0x08006db9   Thumb Code    86  os_tmr.o(.text)
    OSTmrStop                                0x08006e0f   Thumb Code   226  os_tmr.o(.text)
    OS_TmrTask                               0x08006ef1   Thumb Code   164  os_tmr.o(.text)
    OS_TmrInit                               0x08006f95   Thumb Code   174  os_tmr.o(.text)
    OS_TmrResetPeak                          0x08007043   Thumb Code    30  os_tmr.o(.text)
    OSIdleTaskHook                           0x080070b5   Thumb Code    12  os_cpu_c.o(.text)
    OSInitHook                               0x080070c1   Thumb Code    22  os_cpu_c.o(.text)
    OSStatTaskHook                           0x080070d7   Thumb Code    12  os_cpu_c.o(.text)
    OSTaskCreateHook                         0x080070e3   Thumb Code    12  os_cpu_c.o(.text)
    OSTaskDelHook                            0x080070ef   Thumb Code    12  os_cpu_c.o(.text)
    OSTaskReturnHook                         0x080070fb   Thumb Code    12  os_cpu_c.o(.text)
    OSTaskStkInit                            0x08007107   Thumb Code   310  os_cpu_c.o(.text)
    OSTaskSwHook                             0x0800723d   Thumb Code    72  os_cpu_c.o(.text)
    OSTimeTickHook                           0x08007285   Thumb Code    12  os_cpu_c.o(.text)
    OS_CPU_SysTickHandler                    0x08007291   Thumb Code    30  os_cpu_c.o(.text)
    OS_CPU_SysTickInit                       0x080072af   Thumb Code    36  os_cpu_c.o(.text)
    __use_no_semihosting                     0x08007315   Thumb Code     2  use_no_semi_2.o(.text)
    __aeabi_uldivmod                         0x08007317   Thumb Code     0  lludivv7m.o(.text)
    _ll_udiv                                 0x08007317   Thumb Code   238  lludivv7m.o(.text)
    __2printf                                0x08007405   Thumb Code    20  noretval__2printf.o(.text)
    __printf                                 0x0800741d   Thumb Code   270  __printf_wp.o(.text)
    __use_two_region_memory                  0x0800752b   Thumb Code     2  heapauxi.o(.text)
    __rt_heap_escrow$2region                 0x0800752d   Thumb Code     2  heapauxi.o(.text)
    __rt_heap_expand$2region                 0x0800752f   Thumb Code     2  heapauxi.o(.text)
    __I$use$semihosting                      0x08007531   Thumb Code     0  use_no_semi.o(.text)
    __use_no_semihosting_swi                 0x08007531   Thumb Code     2  use_no_semi.o(.text)
    __lib_sel_fp_printf                      0x08007533   Thumb Code     2  _printf_fp_dec.o(.text)
    _printf_fp_dec_real                      0x080076e1   Thumb Code   620  _printf_fp_dec.o(.text)
    _printf_char_file                        0x0800794d   Thumb Code    32  _printf_char_file.o(.text)
    __rt_locale                              0x08007971   Thumb Code     8  rt_locale_intlibspace.o(.text)
    _ll_udiv10                               0x08007979   Thumb Code   138  lludiv10.o(.text)
    _printf_char_common                      0x08007a0f   Thumb Code    32  _printf_char_common.o(.text)
    _printf_fp_infnan                        0x08007a35   Thumb Code   112  _printf_fp_infnan.o(.text)
    _btod_etento                             0x08007ab5   Thumb Code   216  bigflt0.o(.text)
    ferror                                   0x08007b91   Thumb Code     8  ferror.o(.text)
    __user_libspace                          0x08007b99   Thumb Code     8  libspace.o(.text)
    __user_perproc_libspace                  0x08007b99   Thumb Code     0  libspace.o(.text)
    __user_perthread_libspace                0x08007b99   Thumb Code     0  libspace.o(.text)
    __user_setup_stackheap                   0x08007ba1   Thumb Code    74  sys_stackheap_outer.o(.text)
    exit                                     0x08007beb   Thumb Code    18  exit.o(.text)
    strcmp                                   0x08007bfd   Thumb Code   128  strcmpv7m.o(.text)
    _btod_d2e                                0x08007c7d   Thumb Code    62  btod.o(CL$$btod_d2e)
    _d2e_denorm_low                          0x08007cbb   Thumb Code    70  btod.o(CL$$btod_d2e_denorm_low)
    _d2e_norm_op1                            0x08007d01   Thumb Code    96  btod.o(CL$$btod_d2e_norm_op1)
    __btod_div_common                        0x08007d61   Thumb Code   696  btod.o(CL$$btod_div_common)
    _e2e                                     0x08008099   Thumb Code   198  btod.o(CL$$btod_e2e)
    _btod_ediv                               0x0800815f   Thumb Code    40  btod.o(CL$$btod_ediv)
    _btod_emul                               0x08008187   Thumb Code    40  btod.o(CL$$btod_emul)
    __btod_mult_common                       0x080081af   Thumb Code   580  btod.o(CL$$btod_mult_common)
    OSStartHighRdy                           0x080083f5   Thumb Code     0  os_cpu_a.o(CODE)
    OSCtxSw                                  0x08008417   Thumb Code     0  os_cpu_a.o(CODE)
    OSIntCtxSw                               0x08008421   Thumb Code     0  os_cpu_a.o(CODE)
    PendSV_Handler                           0x0800842b   Thumb Code     0  os_cpu_a.o(CODE)
    __ARM_fpclassify                         0x080084a1   Thumb Code    48  fpclassify.o(i.__ARM_fpclassify)
    _is_digit                                0x080084d1   Thumb Code    14  __printf_wp.o(i._is_digit)
    _get_lc_numeric                          0x080084e1   Thumb Code    44  lc_numeric_c.o(locale$$code)
    __fpl_dretinf                            0x0800850d   Thumb Code    12  dretinf.o(x$fpl$dretinf)
    __aeabi_f2d                              0x08008519   Thumb Code     0  f2d.o(x$fpl$f2d)
    _f2d                                     0x08008519   Thumb Code    86  f2d.o(x$fpl$f2d)
    __fpl_fnaninf                            0x0800856f   Thumb Code   140  fnaninf.o(x$fpl$fnaninf)
    _fp_init                                 0x080085fb   Thumb Code    10  fpinit.o(x$fpl$fpinit)
    __fplib_config_fpu_vfp                   0x08008603   Thumb Code     0  fpinit.o(x$fpl$fpinit)
    __fplib_config_pureend_doubles           0x08008603   Thumb Code     0  fpinit.o(x$fpl$fpinit)
    _printf_fp_dec                           0x08008605   Thumb Code     4  printf1.o(x$fpl$printf1)
    __I$use$fp                               0x08008608   Number         0  usenofp.o(x$fpl$usenofp)
    OSCfg_StatTaskPrio                       0x0800879c   Data           1  os_cfg_app.o(.constdata)
    OSCfg_TickTaskPrio                       0x0800879d   Data           1  os_cfg_app.o(.constdata)
    OSCfg_TmrTaskPrio                        0x0800879e   Data           1  os_cfg_app.o(.constdata)
    OSCfg_IntQSize                           0x080087a0   Data           2  os_cfg_app.o(.constdata)
    OSCfg_MsgPoolSize                        0x080087a2   Data           2  os_cfg_app.o(.constdata)
    OSCfg_TickWheelSize                      0x080087a4   Data           2  os_cfg_app.o(.constdata)
    OSCfg_TmrWheelSize                       0x080087a6   Data           2  os_cfg_app.o(.constdata)
    OSCfg_IdleTaskStkBasePtr                 0x080087a8   Data           4  os_cfg_app.o(.constdata)
    OSCfg_IdleTaskStkLimit                   0x080087ac   Data           4  os_cfg_app.o(.constdata)
    OSCfg_IdleTaskStkSize                    0x080087b0   Data           4  os_cfg_app.o(.constdata)
    OSCfg_IdleTaskStkSizeRAM                 0x080087b4   Data           4  os_cfg_app.o(.constdata)
    OSCfg_IntQBasePtr                        0x080087b8   Data           4  os_cfg_app.o(.constdata)
    OSCfg_IntQSizeRAM                        0x080087bc   Data           4  os_cfg_app.o(.constdata)
    OSCfg_IntQTaskStkBasePtr                 0x080087c0   Data           4  os_cfg_app.o(.constdata)
    OSCfg_IntQTaskStkLimit                   0x080087c4   Data           4  os_cfg_app.o(.constdata)
    OSCfg_IntQTaskStkSize                    0x080087c8   Data           4  os_cfg_app.o(.constdata)
    OSCfg_IntQTaskStkSizeRAM                 0x080087cc   Data           4  os_cfg_app.o(.constdata)
    OSCfg_ISRStkBasePtr                      0x080087d0   Data           4  os_cfg_app.o(.constdata)
    OSCfg_ISRStkSize                         0x080087d4   Data           4  os_cfg_app.o(.constdata)
    OSCfg_ISRStkSizeRAM                      0x080087d8   Data           4  os_cfg_app.o(.constdata)
    OSCfg_MsgPoolSizeRAM                     0x080087dc   Data           4  os_cfg_app.o(.constdata)
    OSCfg_MsgPoolBasePtr                     0x080087e0   Data           4  os_cfg_app.o(.constdata)
    OSCfg_StatTaskRate_Hz                    0x080087e4   Data           4  os_cfg_app.o(.constdata)
    OSCfg_StatTaskStkBasePtr                 0x080087e8   Data           4  os_cfg_app.o(.constdata)
    OSCfg_StatTaskStkLimit                   0x080087ec   Data           4  os_cfg_app.o(.constdata)
    OSCfg_StatTaskStkSize                    0x080087f0   Data           4  os_cfg_app.o(.constdata)
    OSCfg_StatTaskStkSizeRAM                 0x080087f4   Data           4  os_cfg_app.o(.constdata)
    OSCfg_StkSizeMin                         0x080087f8   Data           4  os_cfg_app.o(.constdata)
    OSCfg_TickRate_Hz                        0x080087fc   Data           4  os_cfg_app.o(.constdata)
    OSCfg_TickTaskStkBasePtr                 0x08008800   Data           4  os_cfg_app.o(.constdata)
    OSCfg_TickTaskStkLimit                   0x08008804   Data           4  os_cfg_app.o(.constdata)
    OSCfg_TickTaskStkSize                    0x08008808   Data           4  os_cfg_app.o(.constdata)
    OSCfg_TickTaskStkSizeRAM                 0x0800880c   Data           4  os_cfg_app.o(.constdata)
    OSCfg_TickWheelSizeRAM                   0x08008810   Data           4  os_cfg_app.o(.constdata)
    OSCfg_TmrTaskRate_Hz                     0x08008814   Data           4  os_cfg_app.o(.constdata)
    OSCfg_TmrTaskStkBasePtr                  0x08008818   Data           4  os_cfg_app.o(.constdata)
    OSCfg_TmrTaskStkLimit                    0x0800881c   Data           4  os_cfg_app.o(.constdata)
    OSCfg_TmrTaskStkSize                     0x08008820   Data           4  os_cfg_app.o(.constdata)
    OSCfg_TmrTaskStkSizeRAM                  0x08008824   Data           4  os_cfg_app.o(.constdata)
    OSCfg_TmrWheelSizeRAM                    0x08008828   Data           4  os_cfg_app.o(.constdata)
    OSCfg_DataSizeRAM                        0x0800882c   Data           4  os_cfg_app.o(.constdata)
    Region$$Table$$Base                      0x080088c4   Number         0  anon$$obj.o(Region$$Table)
    Region$$Table$$Limit                     0x080088e4   Number         0  anon$$obj.o(Region$$Table)
    SystemCoreClock                          0x20000004   Data           4  system_stm32f4xx.o(.data)
    AHBPrescTable                            0x20000008   Data          16  system_stm32f4xx.o(.data)
    USART_RX_STA                             0x2000002c   Data           2  usart1.o(.data)
    __stdout                                 0x20000030   Data           4  usart1.o(.data)
    CPU_TS_TmrFreq_Hz                        0x20000034   Data           4  cpu_core.o(.data)
    Mem_PoolTbl                              0x20000038   Data           4  lib_mem.o(.data)
    OSPrioTbl                                0x2000003c   Data           8  os_prio.o(.data)
    OS_AppTaskCreateHookPtr                  0x20000044   Data           4  os_var.o(.data)
    OS_AppTaskDelHookPtr                     0x20000048   Data           4  os_var.o(.data)
    OS_AppTaskReturnHookPtr                  0x2000004c   Data           4  os_var.o(.data)
    OS_AppIdleTaskHookPtr                    0x20000050   Data           4  os_var.o(.data)
    OS_AppStatTaskHookPtr                    0x20000054   Data           4  os_var.o(.data)
    OS_AppTaskSwHookPtr                      0x20000058   Data           4  os_var.o(.data)
    OS_AppTimeTickHookPtr                    0x2000005c   Data           4  os_var.o(.data)
    OSIdleTaskCtr                            0x20000060   Data           4  os_var.o(.data)
    OSIntNestingCtr                          0x20000064   Data           1  os_var.o(.data)
    OSRunning                                0x20000065   Data           1  os_var.o(.data)
    OSIntQInPtr                              0x20000068   Data           4  os_var.o(.data)
    OSIntQOutPtr                             0x2000006c   Data           4  os_var.o(.data)
    OSIntQNbrEntries                         0x20000070   Data           2  os_var.o(.data)
    OSIntQNbrEntriesMax                      0x20000072   Data           2  os_var.o(.data)
    OSIntQOvfCtr                             0x20000074   Data           2  os_var.o(.data)
    OSIntQTaskTimeMax                        0x20000078   Data           4  os_var.o(.data)
    OSFlagDbgListPtr                         0x2000007c   Data           4  os_var.o(.data)
    OSFlagQty                                0x20000080   Data           2  os_var.o(.data)
    OSMemDbgListPtr                          0x20000084   Data           4  os_var.o(.data)
    OSMemQty                                 0x20000088   Data           2  os_var.o(.data)
    OSMutexDbgListPtr                        0x2000008c   Data           4  os_var.o(.data)
    OSMutexQty                               0x20000090   Data           2  os_var.o(.data)
    OSPrioCur                                0x20000092   Data           1  os_var.o(.data)
    OSPrioHighRdy                            0x20000093   Data           1  os_var.o(.data)
    OSPrioSaved                              0x20000094   Data           1  os_var.o(.data)
    OSQDbgListPtr                            0x20000098   Data           4  os_var.o(.data)
    OSQQty                                   0x2000009c   Data           2  os_var.o(.data)
    OSSchedLockTimeBegin                     0x200000a0   Data           4  os_var.o(.data)
    OSSchedLockTimeMax                       0x200000a4   Data           4  os_var.o(.data)
    OSSchedLockTimeMaxCur                    0x200000a8   Data           4  os_var.o(.data)
    OSSchedLockNestingCtr                    0x200000ac   Data           1  os_var.o(.data)
    OSSchedRoundRobinDfltTimeQuanta          0x200000b0   Data           4  os_var.o(.data)
    OSSchedRoundRobinEn                      0x200000b4   Data           1  os_var.o(.data)
    OSSemDbgListPtr                          0x200000b8   Data           4  os_var.o(.data)
    OSSemQty                                 0x200000bc   Data           2  os_var.o(.data)
    OSStatResetFlag                          0x200000be   Data           1  os_var.o(.data)
    OSStatTaskCPUUsage                       0x200000c0   Data           2  os_var.o(.data)
    OSStatTaskCPUUsageMax                    0x200000c2   Data           2  os_var.o(.data)
    OSStatTaskCtr                            0x200000c4   Data           4  os_var.o(.data)
    OSStatTaskCtrMax                         0x200000c8   Data           4  os_var.o(.data)
    OSStatTaskCtrRun                         0x200000cc   Data           4  os_var.o(.data)
    OSStatTaskRdy                            0x200000d0   Data           1  os_var.o(.data)
    OSStatTaskTimeMax                        0x200000d4   Data           4  os_var.o(.data)
    OSTaskCtxSwCtr                           0x200000d8   Data           4  os_var.o(.data)
    OSTaskDbgListPtr                         0x200000dc   Data           4  os_var.o(.data)
    OSTaskQty                                0x200000e0   Data           2  os_var.o(.data)
    OSTaskRegNextAvailID                     0x200000e2   Data           1  os_var.o(.data)
    OSTickCtr                                0x200000e4   Data           4  os_var.o(.data)
    OSTickTaskTimeMax                        0x200000e8   Data           4  os_var.o(.data)
    OSTmrDbgListPtr                          0x200000ec   Data           4  os_var.o(.data)
    OSTmrQty                                 0x200000f0   Data           2  os_var.o(.data)
    OSTmrTaskTimeMax                         0x200000f4   Data           4  os_var.o(.data)
    OSTmrTickCtr                             0x200000f8   Data           4  os_var.o(.data)
    OSTmrUpdateCnt                           0x200000fc   Data           4  os_var.o(.data)
    OSTmrUpdateCtr                           0x20000100   Data           4  os_var.o(.data)
    OSTCBCurPtr                              0x20000104   Data           4  os_var.o(.data)
    OSTCBHighRdyPtr                          0x20000108   Data           4  os_var.o(.data)
    OS_CPU_ExceptStkBase                     0x2000010c   Data           4  os_cpu_c.o(.data)
    StartTaskTCB                             0x20000110   Data         196  main.o(.bss)
    START_TASK_STK                           0x200001d4   Data        2048  main.o(.bss)
    Led0TaskTCB                              0x200009d4   Data         196  main.o(.bss)
    LED0_TASK_STK                            0x20000a98   Data         256  main.o(.bss)
    Led1TaskTCB                              0x20000b98   Data         196  main.o(.bss)
    LED1_TASK_STK                            0x20000c5c   Data         256  main.o(.bss)
    FloatTaskTCB                             0x20000d5c   Data         196  main.o(.bss)
    FLOAT_TASK_STK                           0x20000e20   Data         512  main.o(.bss)
    USART_RX_BUF                             0x20001020   Data         200  usart1.o(.bss)
    CPU_Name                                 0x200010e8   Data          16  cpu_core.o(.bss)
    Mem_PoolHeap                             0x200010f8   Data          72  lib_mem.o(.bss)
    Mem_Heap                                 0x20001140   Data        1024  lib_mem.o(.bss)
    OSCfg_IdleTaskStk                        0x20001540   Data         512  os_cfg_app.o(.bss)
    OSCfg_IntQ                               0x20001740   Data         320  os_cfg_app.o(.bss)
    OSCfg_IntQTaskStk                        0x20001880   Data         512  os_cfg_app.o(.bss)
    OSCfg_ISRStk                             0x20001a80   Data         512  os_cfg_app.o(.bss)
    OSCfg_MsgPool                            0x20001c80   Data        1600  os_cfg_app.o(.bss)
    OSCfg_StatTaskStk                        0x200022c0   Data         512  os_cfg_app.o(.bss)
    OSCfg_TickTaskStk                        0x200024c0   Data         512  os_cfg_app.o(.bss)
    OSCfg_TickWheel                          0x200026c0   Data         136  os_cfg_app.o(.bss)
    OSCfg_TmrTaskStk                         0x20002748   Data         512  os_cfg_app.o(.bss)
    OSCfg_TmrWheel                           0x20002948   Data         136  os_cfg_app.o(.bss)
    OSIdleTaskTCB                            0x200029d0   Data         196  os_var.o(.bss)
    OSIntQTaskTCB                            0x20002a94   Data         196  os_var.o(.bss)
    OSMsgPool                                0x20002b58   Data          12  os_var.o(.bss)
    OSRdyList                                0x20002b64   Data         768  os_var.o(.bss)
    OSStatTaskTCB                            0x20002e64   Data         196  os_var.o(.bss)
    OSTickTaskTCB                            0x20002f28   Data         196  os_var.o(.bss)
    OSTmrTaskTCB                             0x20002fec   Data         196  os_var.o(.bss)
    __libspace_start                         0x200030b0   Data          96  libspace.o(.bss)
    __temporary_stack_top$libspace           0x20003110   Data           0  libspace.o(.bss)



==============================================================================

Memory Map of the image

  Image Entry point : 0x08000189

  Load Region LR_IROM1 (Base: 0x08000000, Size: 0x00008a10, Max: 0x00100000, ABSOLUTE)

    Execution Region ER_IROM1 (Base: 0x08000000, Size: 0x00008900, Max: 0x00100000, ABSOLUTE)

    Base Addr    Size         Type   Attr      Idx    E Section Name        Object

    0x08000000   0x00000188   Data   RO            3    RESET               startup_stm32f40_41xxx.o
    0x08000188   0x00000008   Code   RO         1943  * !!!main             c_w.l(__main.o)
    0x08000190   0x00000034   Code   RO         2173    !!!scatter          c_w.l(__scatter.o)
    0x080001c4   0x0000001a   Code   RO         2175    !!handler_copy      c_w.l(__scatter_copy.o)
    0x080001de   0x00000002   PAD
    0x080001e0   0x0000001c   Code   RO         2177    !!handler_zi        c_w.l(__scatter_zi.o)
    0x080001fc   0x00000000   Code   RO         1940    .ARM.Collect$$_printf_percent$$00000000  c_w.l(_printf_percent.o)
    0x080001fc   0x00000006   Code   RO         1939    .ARM.Collect$$_printf_percent$$00000003  c_w.l(_printf_f.o)
    0x08000202   0x00000004   Code   RO         1960    .ARM.Collect$$_printf_percent$$00000017  c_w.l(_printf_percent_end.o)
    0x08000206   0x00000002   Code   RO         2050    .ARM.Collect$$libinit$$00000000  c_w.l(libinit.o)
    0x08000208   0x00000004   Code   RO         2051    .ARM.Collect$$libinit$$00000001  c_w.l(libinit2.o)
    0x0800020c   0x00000000   Code   RO         2054    .ARM.Collect$$libinit$$00000004  c_w.l(libinit2.o)
    0x0800020c   0x00000000   Code   RO         2057    .ARM.Collect$$libinit$$0000000A  c_w.l(libinit2.o)
    0x0800020c   0x00000000   Code   RO         2059    .ARM.Collect$$libinit$$0000000C  c_w.l(libinit2.o)
    0x0800020c   0x00000000   Code   RO         2061    .ARM.Collect$$libinit$$0000000E  c_w.l(libinit2.o)
    0x0800020c   0x00000006   Code   RO         2062    .ARM.Collect$$libinit$$0000000F  c_w.l(libinit2.o)
    0x08000212   0x00000000   Code   RO         2064    .ARM.Collect$$libinit$$00000011  c_w.l(libinit2.o)
    0x08000212   0x00000000   Code   RO         2066    .ARM.Collect$$libinit$$00000013  c_w.l(libinit2.o)
    0x08000212   0x00000000   Code   RO         2068    .ARM.Collect$$libinit$$00000015  c_w.l(libinit2.o)
    0x08000212   0x0000000a   Code   RO         2069    .ARM.Collect$$libinit$$00000016  c_w.l(libinit2.o)
    0x0800021c   0x00000000   Code   RO         2070    .ARM.Collect$$libinit$$00000017  c_w.l(libinit2.o)
    0x0800021c   0x00000000   Code   RO         2072    .ARM.Collect$$libinit$$00000019  c_w.l(libinit2.o)
    0x0800021c   0x00000000   Code   RO         2074    .ARM.Collect$$libinit$$0000001B  c_w.l(libinit2.o)
    0x0800021c   0x00000000   Code   RO         2076    .ARM.Collect$$libinit$$0000001D  c_w.l(libinit2.o)
    0x0800021c   0x00000000   Code   RO         2078    .ARM.Collect$$libinit$$0000001F  c_w.l(libinit2.o)
    0x0800021c   0x00000000   Code   RO         2080    .ARM.Collect$$libinit$$00000021  c_w.l(libinit2.o)
    0x0800021c   0x00000000   Code   RO         2082    .ARM.Collect$$libinit$$00000023  c_w.l(libinit2.o)
    0x0800021c   0x00000000   Code   RO         2084    .ARM.Collect$$libinit$$00000025  c_w.l(libinit2.o)
    0x0800021c   0x00000000   Code   RO         2088    .ARM.Collect$$libinit$$0000002C  c_w.l(libinit2.o)
    0x0800021c   0x00000000   Code   RO         2090    .ARM.Collect$$libinit$$0000002E  c_w.l(libinit2.o)
    0x0800021c   0x00000000   Code   RO         2092    .ARM.Collect$$libinit$$00000030  c_w.l(libinit2.o)
    0x0800021c   0x00000000   Code   RO         2094    .ARM.Collect$$libinit$$00000032  c_w.l(libinit2.o)
    0x0800021c   0x00000002   Code   RO         2095    .ARM.Collect$$libinit$$00000033  c_w.l(libinit2.o)
    0x0800021e   0x00000002   Code   RO         2137    .ARM.Collect$$libshutdown$$00000000  c_w.l(libshutdown.o)
    0x08000220   0x00000000   Code   RO         2156    .ARM.Collect$$libshutdown$$00000002  c_w.l(libshutdown2.o)
    0x08000220   0x00000000   Code   RO         2158    .ARM.Collect$$libshutdown$$00000004  c_w.l(libshutdown2.o)
    0x08000220   0x00000000   Code   RO         2161    .ARM.Collect$$libshutdown$$00000007  c_w.l(libshutdown2.o)
    0x08000220   0x00000000   Code   RO         2164    .ARM.Collect$$libshutdown$$0000000A  c_w.l(libshutdown2.o)
    0x08000220   0x00000000   Code   RO         2166    .ARM.Collect$$libshutdown$$0000000C  c_w.l(libshutdown2.o)
    0x08000220   0x00000000   Code   RO         2169    .ARM.Collect$$libshutdown$$0000000F  c_w.l(libshutdown2.o)
    0x08000220   0x00000002   Code   RO         2170    .ARM.Collect$$libshutdown$$00000010  c_w.l(libshutdown2.o)
    0x08000222   0x00000000   Code   RO         1951    .ARM.Collect$$rtentry$$00000000  c_w.l(__rtentry.o)
    0x08000222   0x00000000   Code   RO         1967    .ARM.Collect$$rtentry$$00000002  c_w.l(__rtentry2.o)
    0x08000222   0x00000006   Code   RO         1979    .ARM.Collect$$rtentry$$00000004  c_w.l(__rtentry4.o)
    0x08000228   0x00000000   Code   RO         1969    .ARM.Collect$$rtentry$$00000009  c_w.l(__rtentry2.o)
    0x08000228   0x00000004   Code   RO         1970    .ARM.Collect$$rtentry$$0000000A  c_w.l(__rtentry2.o)
    0x0800022c   0x00000000   Code   RO         1972    .ARM.Collect$$rtentry$$0000000C  c_w.l(__rtentry2.o)
    0x0800022c   0x00000008   Code   RO         1973    .ARM.Collect$$rtentry$$0000000D  c_w.l(__rtentry2.o)
    0x08000234   0x00000002   Code   RO         2096    .ARM.Collect$$rtexit$$00000000  c_w.l(rtexit.o)
    0x08000236   0x00000000   Code   RO         2109    .ARM.Collect$$rtexit$$00000002  c_w.l(rtexit2.o)
    0x08000236   0x00000004   Code   RO         2110    .ARM.Collect$$rtexit$$00000003  c_w.l(rtexit2.o)
    0x0800023a   0x00000006   Code   RO         2111    .ARM.Collect$$rtexit$$00000004  c_w.l(rtexit2.o)
    0x08000240   0x00000010   Code   RO         1383    .emb_text           sys.o
    0x08000250   0x00000040   Code   RO            4    .text               startup_stm32f40_41xxx.o
    0x08000290   0x000002a8   Code   RO           13    .text               main.o
    0x08000538   0x0000000e   Code   RO          233    .text               stm32f4xx_it.o
    0x08000546   0x00000002   PAD
    0x08000548   0x0000017c   Code   RO          260    .text               system_stm32f4xx.o
    0x080006c4   0x000000b0   Code   RO          290    .text               misc.o
    0x08000774   0x0000020c   Code   RO          792    .text               stm32f4xx_gpio.o
    0x08000980   0x00000480   Code   RO         1029    .text               stm32f4xx_rcc.o
    0x08000e00   0x00000358   Code   RO         1249    .text               stm32f4xx_usart.o
    0x08001158   0x00000058   Code   RO         1297    .text               led.o
    0x080011b0   0x000000e4   Code   RO         1321    .text               delay.o
    0x08001294   0x0000012c   Code   RO         1347    .text               usart1.o
    0x080013c0   0x00000068   Code   RO         1405    .text               bsp.o
    0x08001428   0x000001bc   Code   RO         1430    .text               cpu_core.o
    0x080015e4   0x00000034   Code   RO         1458    .text               cpu_a.o
    0x08001618   0x0000015a   Code   RO         1473    .text               lib_ascii.o
    0x08001772   0x00000002   PAD
    0x08001774   0x00000668   Code   RO         1508    .text               lib_mem.o
    0x08001ddc   0x000005a8   Code   RO         1527    .text               lib_str.o
    0x08002384   0x00000220   Code   RO         1545    .text               lib_mem_a.o
    0x080025a4   0x00000002   Code   RO         1548    .text               os_cfg_app.o
    0x080025a6   0x00000002   PAD
    0x080025a8   0x00000adc   Code   RO         1580    .text               os_core.o
    0x08003084   0x00000002   Code   RO         1593    .text               os_dbg.o
    0x08003086   0x00000002   PAD
    0x08003088   0x00000768   Code   RO         1609    .text               os_flag.o
    0x080037f0   0x00000328   Code   RO         1622    .text               os_int.o
    0x08003b18   0x00000174   Code   RO         1634    .text               os_mem.o
    0x08003c8c   0x00000188   Code   RO         1646    .text               os_msg.o
    0x08003e14   0x000006e4   Code   RO         1658    .text               os_mutex.o
    0x080044f8   0x00000070   Code   RO         1677    .text               os_prio.o
    0x08004568   0x00000610   Code   RO         1696    .text               os_q.o
    0x08004b78   0x00000554   Code   RO         1709    .text               os_sem.o
    0x080050cc   0x00000400   Code   RO         1722    .text               os_stat.o
    0x080054cc   0x00000f2c   Code   RO         1734    .text               os_task.o
    0x080063f8   0x00000350   Code   RO         1746    .text               os_tick.o
    0x08006748   0x00000310   Code   RO         1759    .text               os_time.o
    0x08006a58   0x0000065c   Code   RO         1771    .text               os_tmr.o
    0x080070b4   0x00000260   Code   RO         1865    .text               os_cpu_c.o
    0x08007314   0x00000002   Code   RO         1909    .text               c_w.l(use_no_semi_2.o)
    0x08007316   0x000000ee   Code   RO         1911    .text               c_w.l(lludivv7m.o)
    0x08007404   0x00000018   Code   RO         1915    .text               c_w.l(noretval__2printf.o)
    0x0800741c   0x0000010e   Code   RO         1927    .text               c_w.l(__printf_wp.o)
    0x0800752a   0x00000006   Code   RO         1941    .text               c_w.l(heapauxi.o)
    0x08007530   0x00000002   Code   RO         1949    .text               c_w.l(use_no_semi.o)
    0x08007532   0x0000041a   Code   RO         1956    .text               c_w.l(_printf_fp_dec.o)
    0x0800794c   0x00000024   Code   RO         1958    .text               c_w.l(_printf_char_file.o)
    0x08007970   0x00000008   Code   RO         1986    .text               c_w.l(rt_locale_intlibspace.o)
    0x08007978   0x0000008a   Code   RO         1988    .text               c_w.l(lludiv10.o)
    0x08007a02   0x00000002   PAD
    0x08007a04   0x00000030   Code   RO         1990    .text               c_w.l(_printf_char_common.o)
    0x08007a34   0x00000080   Code   RO         1992    .text               c_w.l(_printf_fp_infnan.o)
    0x08007ab4   0x000000dc   Code   RO         1994    .text               c_w.l(bigflt0.o)
    0x08007b90   0x00000008   Code   RO         2019    .text               c_w.l(ferror.o)
    0x08007b98   0x00000008   Code   RO         2030    .text               c_w.l(libspace.o)
    0x08007ba0   0x0000004a   Code   RO         2033    .text               c_w.l(sys_stackheap_outer.o)
    0x08007bea   0x00000012   Code   RO         2037    .text               c_w.l(exit.o)
    0x08007bfc   0x00000080   Code   RO         2043    .text               c_w.l(strcmpv7m.o)
    0x08007c7c   0x0000003e   Code   RO         1997    CL$$btod_d2e        c_w.l(btod.o)
    0x08007cba   0x00000046   Code   RO         1999    CL$$btod_d2e_denorm_low  c_w.l(btod.o)
    0x08007d00   0x00000060   Code   RO         1998    CL$$btod_d2e_norm_op1  c_w.l(btod.o)
    0x08007d60   0x00000338   Code   RO         2007    CL$$btod_div_common  c_w.l(btod.o)
    0x08008098   0x000000c6   Code   RO         2004    CL$$btod_e2e        c_w.l(btod.o)
    0x0800815e   0x00000028   Code   RO         2001    CL$$btod_ediv       c_w.l(btod.o)
    0x08008186   0x00000028   Code   RO         2000    CL$$btod_emul       c_w.l(btod.o)
    0x080081ae   0x00000244   Code   RO         2006    CL$$btod_mult_common  c_w.l(btod.o)
    0x080083f2   0x00000002   PAD
    0x080083f4   0x000000ac   Code   RO         1859    CODE                os_cpu_a.o
    0x080084a0   0x00000030   Code   RO         2028    i.__ARM_fpclassify  m_wm.l(fpclassify.o)
    0x080084d0   0x0000000e   Code   RO         1929    i._is_digit         c_w.l(__printf_wp.o)
    0x080084de   0x00000002   PAD
    0x080084e0   0x0000002c   Code   RO         2024    locale$$code        c_w.l(lc_numeric_c.o)
    0x0800850c   0x0000000c   Code   RO         1961    x$fpl$dretinf       fz_wm.l(dretinf.o)
    0x08008518   0x00000056   Code   RO         1945    x$fpl$f2d           fz_wm.l(f2d.o)
    0x0800856e   0x0000008c   Code   RO         1963    x$fpl$fnaninf       fz_wm.l(fnaninf.o)
    0x080085fa   0x0000000a   Code   RO         2106    x$fpl$fpinit        fz_wm.l(fpinit.o)
    0x08008604   0x00000004   Code   RO         1947    x$fpl$printf1       fz_wm.l(printf1.o)
    0x08008608   0x00000000   Code   RO         1965    x$fpl$usenofp       fz_wm.l(usenofp.o)
    0x08008608   0x00000100   Data   RO         1432    .constdata          cpu_core.o
    0x08008708   0x00000094   Data   RO         1528    .constdata          lib_str.o
    0x0800879c   0x00000094   Data   RO         1559    .constdata          os_cfg_app.o
    0x08008830   0x00000094   Data   RO         1995    .constdata          c_w.l(bigflt0.o)
    0x080088c4   0x00000020   Data   RO         2171    Region$$Table       anon$$obj.o
    0x080088e4   0x0000001c   Data   RO         2023    locale$$data        c_w.l(lc_numeric_c.o)


    Execution Region RW_IRAM1 (Base: 0x20000000, Size: 0x00003710, Max: 0x00020000, ABSOLUTE)

    Base Addr    Size         Type   Attr      Idx    E Section Name        Object

    0x20000000   0x00000004   Data   RW           15    .data               main.o
    0x20000004   0x00000014   Data   RW          261    .data               system_stm32f4xx.o
    0x20000018   0x00000010   Data   RW         1030    .data               stm32f4xx_rcc.o
    0x20000028   0x00000004   Data   RW         1322    .data               delay.o
    0x2000002c   0x00000002   Data   RW         1349    .data               usart1.o
    0x2000002e   0x00000002   PAD
    0x20000030   0x00000004   Data   RW         1350    .data               usart1.o
    0x20000034   0x00000004   Data   RW         1434    .data               cpu_core.o
    0x20000038   0x00000004   Data   RW         1510    .data               lib_mem.o
    0x2000003c   0x00000008   Data   RW         1678    .data               os_prio.o
    0x20000044   0x00000004   Data   RW         1790    .data               os_var.o
    0x20000048   0x00000004   Data   RW         1791    .data               os_var.o
    0x2000004c   0x00000004   Data   RW         1792    .data               os_var.o
    0x20000050   0x00000004   Data   RW         1793    .data               os_var.o
    0x20000054   0x00000004   Data   RW         1794    .data               os_var.o
    0x20000058   0x00000004   Data   RW         1795    .data               os_var.o
    0x2000005c   0x00000004   Data   RW         1796    .data               os_var.o
    0x20000060   0x00000004   Data   RW         1797    .data               os_var.o
    0x20000064   0x00000001   Data   RW         1798    .data               os_var.o
    0x20000065   0x00000001   Data   RW         1799    .data               os_var.o
    0x20000066   0x00000002   PAD
    0x20000068   0x00000004   Data   RW         1800    .data               os_var.o
    0x2000006c   0x00000004   Data   RW         1801    .data               os_var.o
    0x20000070   0x00000002   Data   RW         1802    .data               os_var.o
    0x20000072   0x00000002   Data   RW         1803    .data               os_var.o
    0x20000074   0x00000002   Data   RW         1804    .data               os_var.o
    0x20000076   0x00000002   PAD
    0x20000078   0x00000004   Data   RW         1805    .data               os_var.o
    0x2000007c   0x00000004   Data   RW         1806    .data               os_var.o
    0x20000080   0x00000002   Data   RW         1807    .data               os_var.o
    0x20000082   0x00000002   PAD
    0x20000084   0x00000004   Data   RW         1808    .data               os_var.o
    0x20000088   0x00000002   Data   RW         1809    .data               os_var.o
    0x2000008a   0x00000002   PAD
    0x2000008c   0x00000004   Data   RW         1810    .data               os_var.o
    0x20000090   0x00000002   Data   RW         1811    .data               os_var.o
    0x20000092   0x00000001   Data   RW         1812    .data               os_var.o
    0x20000093   0x00000001   Data   RW         1813    .data               os_var.o
    0x20000094   0x00000001   Data   RW         1814    .data               os_var.o
    0x20000095   0x00000003   PAD
    0x20000098   0x00000004   Data   RW         1815    .data               os_var.o
    0x2000009c   0x00000002   Data   RW         1816    .data               os_var.o
    0x2000009e   0x00000002   PAD
    0x200000a0   0x00000004   Data   RW         1817    .data               os_var.o
    0x200000a4   0x00000004   Data   RW         1818    .data               os_var.o
    0x200000a8   0x00000004   Data   RW         1819    .data               os_var.o
    0x200000ac   0x00000001   Data   RW         1820    .data               os_var.o
    0x200000ad   0x00000003   PAD
    0x200000b0   0x00000004   Data   RW         1821    .data               os_var.o
    0x200000b4   0x00000001   Data   RW         1822    .data               os_var.o
    0x200000b5   0x00000003   PAD
    0x200000b8   0x00000004   Data   RW         1823    .data               os_var.o
    0x200000bc   0x00000002   Data   RW         1824    .data               os_var.o
    0x200000be   0x00000001   Data   RW         1825    .data               os_var.o
    0x200000bf   0x00000001   PAD
    0x200000c0   0x00000002   Data   RW         1826    .data               os_var.o
    0x200000c2   0x00000002   Data   RW         1827    .data               os_var.o
    0x200000c4   0x00000004   Data   RW         1828    .data               os_var.o
    0x200000c8   0x00000004   Data   RW         1829    .data               os_var.o
    0x200000cc   0x00000004   Data   RW         1830    .data               os_var.o
    0x200000d0   0x00000001   Data   RW         1831    .data               os_var.o
    0x200000d1   0x00000003   PAD
    0x200000d4   0x00000004   Data   RW         1832    .data               os_var.o
    0x200000d8   0x00000004   Data   RW         1833    .data               os_var.o
    0x200000dc   0x00000004   Data   RW         1834    .data               os_var.o
    0x200000e0   0x00000002   Data   RW         1835    .data               os_var.o
    0x200000e2   0x00000001   Data   RW         1836    .data               os_var.o
    0x200000e3   0x00000001   PAD
    0x200000e4   0x00000004   Data   RW         1837    .data               os_var.o
    0x200000e8   0x00000004   Data   RW         1838    .data               os_var.o
    0x200000ec   0x00000004   Data   RW         1839    .data               os_var.o
    0x200000f0   0x00000002   Data   RW         1840    .data               os_var.o
    0x200000f2   0x00000002   PAD
    0x200000f4   0x00000004   Data   RW         1841    .data               os_var.o
    0x200000f8   0x00000004   Data   RW         1842    .data               os_var.o
    0x200000fc   0x00000004   Data   RW         1843    .data               os_var.o
    0x20000100   0x00000004   Data   RW         1844    .data               os_var.o
    0x20000104   0x00000004   Data   RW         1845    .data               os_var.o
    0x20000108   0x00000004   Data   RW         1846    .data               os_var.o
    0x2000010c   0x00000004   Data   RW         1866    .data               os_cpu_c.o
    0x20000110   0x00000f10   Zero   RW           14    .bss                main.o
    0x20001020   0x000000c8   Zero   RW         1348    .bss                usart1.o
    0x200010e8   0x00000010   Zero   RW         1431    .bss                cpu_core.o
    0x200010f8   0x00000448   Zero   RW         1509    .bss                lib_mem.o
    0x20001540   0x00000200   Zero   RW         1549    .bss                os_cfg_app.o
    0x20001740   0x00000140   Zero   RW         1550    .bss                os_cfg_app.o
    0x20001880   0x00000200   Zero   RW         1551    .bss                os_cfg_app.o
    0x20001a80   0x00000200   Zero   RW         1552    .bss                os_cfg_app.o
    0x20001c80   0x00000640   Zero   RW         1553    .bss                os_cfg_app.o
    0x200022c0   0x00000200   Zero   RW         1554    .bss                os_cfg_app.o
    0x200024c0   0x00000200   Zero   RW         1555    .bss                os_cfg_app.o
    0x200026c0   0x00000088   Zero   RW         1556    .bss                os_cfg_app.o
    0x20002748   0x00000200   Zero   RW         1557    .bss                os_cfg_app.o
    0x20002948   0x00000088   Zero   RW         1558    .bss                os_cfg_app.o
    0x200029d0   0x000000c4   Zero   RW         1783    .bss                os_var.o
    0x20002a94   0x000000c4   Zero   RW         1784    .bss                os_var.o
    0x20002b58   0x0000000c   Zero   RW         1785    .bss                os_var.o
    0x20002b64   0x00000300   Zero   RW         1786    .bss                os_var.o
    0x20002e64   0x000000c4   Zero   RW         1787    .bss                os_var.o
    0x20002f28   0x000000c4   Zero   RW         1788    .bss                os_var.o
    0x20002fec   0x000000c4   Zero   RW         1789    .bss                os_var.o
    0x200030b0   0x00000060   Zero   RW         2031    .bss                c_w.l(libspace.o)
    0x20003110   0x00000200   Zero   RW            2    HEAP                startup_stm32f40_41xxx.o
    0x20003310   0x00000400   Zero   RW            1    STACK               startup_stm32f40_41xxx.o


==============================================================================

Image component sizes


      Code (inc. data)   RO Data    RW Data    ZI Data      Debug   Object Name

       104         14          0          0          0       1857   bsp.o
        52          0          0          0          0        336   cpu_a.o
       444         12        256          4         16      14513   cpu_core.o
       228         22          0          4          0       1463   delay.o
        88         10          0          0          0        567   led.o
       346          0          0          0          0       4526   lib_ascii.o
      1640         26          0          4       1096      22496   lib_mem.o
       544          0          0          0          0        484   lib_mem_a.o
      1448          4        148          0          0      12740   lib_str.o
       680        112          0          4       3856     304695   main.o
       176         12          0          0          0       2037   misc.o
         2          0        148          0       5264      20914   os_cfg_app.o
      2780        268          0          0          0      13539   os_core.o
       172         32          0          0          0        404   os_cpu_a.o
       608         66          0          4          0       4029   os_cpu_c.o
         2          0          0          0          0        514   os_dbg.o
      1896         80          0          0          0       8321   os_flag.o
       808        146          0          0          0       2692   os_int.o
       372         20          0          0          0       2768   os_mem.o
       392         14          0          0          0       3207   os_msg.o
      1764         92          0          0          0       6228   os_mutex.o
       112          6          0          8          0       2012   os_prio.o
      1552         66          0          0          0       6718   os_q.o
      1364         58          0          0          0       6698   os_sem.o
      1024        146          0          0          0       3065   os_stat.o
      3884        216          0          0          0      15610   os_task.o
       848         82          0          0          0       3795   os_tick.o
       784         42          0          0          0       3509   os_time.o
      1628        128          0          0          0       6918   os_tmr.o
         0          0          0        174       1760      19365   os_var.o
        64         26        392          0       1536        876   startup_stm32f40_41xxx.o
       524         44          0          0          0       4565   stm32f4xx_gpio.o
        14          0          0          0          0       1051   stm32f4xx_it.o
      1152         48          0         16          0      13448   stm32f4xx_rcc.o
       856         32          0          0          0       8380   stm32f4xx_usart.o
        16          0          0          0          0        488   sys.o
       380         36          0         20          0       1983   system_stm32f4xx.o
       300         18          0          6        200       3418   usart1.o

    ----------------------------------------------------------------------
     29056       1878        976        272      13728     530229   Object Totals
         0          0         32          0          0          0   (incl. Generated)
         8          0          0         28          0          0   (incl. Padding)

    ----------------------------------------------------------------------

      Code (inc. data)   RO Data    RW Data    ZI Data      Debug   Library Member Name

         8          0          0          0          0         68   __main.o
       284          0          0          0          0        156   __printf_wp.o
         0          0          0          0          0          0   __rtentry.o
        12          0          0          0          0          0   __rtentry2.o
         6          0          0          0          0          0   __rtentry4.o
        52          8          0          0          0          0   __scatter.o
        26          0          0          0          0          0   __scatter_copy.o
        28          0          0          0          0          0   __scatter_zi.o
        48          6          0          0          0         96   _printf_char_common.o
        36          4          0          0          0         80   _printf_char_file.o
         6          0          0          0          0          0   _printf_f.o
      1050          0          0          0          0        216   _printf_fp_dec.o
       128         16          0          0          0         84   _printf_fp_infnan.o
         0          0          0          0          0          0   _printf_percent.o
         4          0          0          0          0          0   _printf_percent_end.o
       220          4        148          0          0         96   bigflt0.o
      1910        128          0          0          0        672   btod.o
        18          0          0          0          0         80   exit.o
         8          0          0          0          0         68   ferror.o
         6          0          0          0          0        152   heapauxi.o
        44         10         28          0          0         76   lc_numeric_c.o
         2          0          0          0          0          0   libinit.o
        22          0          0          0          0          0   libinit2.o
         2          0          0          0          0          0   libshutdown.o
         2          0          0          0          0          0   libshutdown2.o
         8          4          0          0         96         68   libspace.o
       138          0          0          0          0         80   lludiv10.o
       238          0          0          0          0        100   lludivv7m.o
        24          4          0          0          0         84   noretval__2printf.o
         8          4          0          0          0         68   rt_locale_intlibspace.o
         2          0          0          0          0          0   rtexit.o
        10          0          0          0          0          0   rtexit2.o
       128          0          0          0          0         68   strcmpv7m.o
        74          0          0          0          0         80   sys_stackheap_outer.o
         2          0          0          0          0         68   use_no_semi.o
         2          0          0          0          0         68   use_no_semi_2.o
        12          0          0          0          0        116   dretinf.o
        86          4          0          0          0        132   f2d.o
       140          4          0          0          0        132   fnaninf.o
        10          0          0          0          0        116   fpinit.o
         4          0          0          0          0        116   printf1.o
         0          0          0          0          0          0   usenofp.o
        48          0          0          0          0        124   fpclassify.o

    ----------------------------------------------------------------------
      4864        196        176          0         96       3264   Library Totals
         8          0          0          0          0          0   (incl. Padding)

    ----------------------------------------------------------------------

      Code (inc. data)   RO Data    RW Data    ZI Data      Debug   Library Name

      4556        188        176          0         96       2528   c_w.l
       252          8          0          0          0        612   fz_wm.l
        48          0          0          0          0        124   m_wm.l

    ----------------------------------------------------------------------
      4864        196        176          0         96       3264   Library Totals

    ----------------------------------------------------------------------

==============================================================================


      Code (inc. data)   RO Data    RW Data    ZI Data      Debug   

     33920       2074       1152        272      13824     523741   Grand Totals
     33920       2074       1152        272      13824     523741   ELF Image Totals
     33920       2074       1152        272          0          0   ROM Totals

==============================================================================

    Total RO  Size (Code + RO Data)                35072 (  34.25kB)
    Total RW  Size (RW Data + ZI Data)             14096 (  13.77kB)
    Total ROM Size (Code + RO Data + RW Data)      35344 (  34.52kB)

==============================================================================

